Archive member included to satisfy reference by file (symbol)

C:/ST/STM32CubeIDE_1.13.2/STM32CubeIDE/plugins/com.st.stm32cube.ide.mcu.externaltools.gnu-tools-for-stm32.11.3.rel1.win32_1.1.100.202309141235/tools/bin/../lib/gcc/arm-none-eabi/11.3.1/../../../../arm-none-eabi/lib/thumb/v7-m/nofp\libc_nano.a(libc_a-exit.o)
                              C:/ST/STM32CubeIDE_1.13.2/STM32CubeIDE/plugins/com.st.stm32cube.ide.mcu.externaltools.gnu-tools-for-stm32.11.3.rel1.win32_1.1.100.202309141235/tools/bin/../lib/gcc/arm-none-eabi/11.3.1/../../../../arm-none-eabi/lib/thumb/v7-m/nofp/crt0.o (exit)
C:/ST/STM32CubeIDE_1.13.2/STM32CubeIDE/plugins/com.st.stm32cube.ide.mcu.externaltools.gnu-tools-for-stm32.11.3.rel1.win32_1.1.100.202309141235/tools/bin/../lib/gcc/arm-none-eabi/11.3.1/../../../../arm-none-eabi/lib/thumb/v7-m/nofp\libc_nano.a(libc_a-malloc.o)
                              ./Core/Src/Bluetooth.o (malloc)
C:/ST/STM32CubeIDE_1.13.2/STM32CubeIDE/plugins/com.st.stm32cube.ide.mcu.externaltools.gnu-tools-for-stm32.11.3.rel1.win32_1.1.100.202309141235/tools/bin/../lib/gcc/arm-none-eabi/11.3.1/../../../../arm-none-eabi/lib/thumb/v7-m/nofp\libc_nano.a(libc_a-mallocr.o)
                              C:/ST/STM32CubeIDE_1.13.2/STM32CubeIDE/plugins/com.st.stm32cube.ide.mcu.externaltools.gnu-tools-for-stm32.11.3.rel1.win32_1.1.100.202309141235/tools/bin/../lib/gcc/arm-none-eabi/11.3.1/../../../../arm-none-eabi/lib/thumb/v7-m/nofp\libc_nano.a(libc_a-malloc.o) (_malloc_r)
C:/ST/STM32CubeIDE_1.13.2/STM32CubeIDE/plugins/com.st.stm32cube.ide.mcu.externaltools.gnu-tools-for-stm32.11.3.rel1.win32_1.1.100.202309141235/tools/bin/../lib/gcc/arm-none-eabi/11.3.1/../../../../arm-none-eabi/lib/thumb/v7-m/nofp\libc_nano.a(libc_a-mlock.o)
                              C:/ST/STM32CubeIDE_1.13.2/STM32CubeIDE/plugins/com.st.stm32cube.ide.mcu.externaltools.gnu-tools-for-stm32.11.3.rel1.win32_1.1.100.202309141235/tools/bin/../lib/gcc/arm-none-eabi/11.3.1/../../../../arm-none-eabi/lib/thumb/v7-m/nofp\libc_nano.a(libc_a-mallocr.o) (__malloc_lock)
C:/ST/STM32CubeIDE_1.13.2/STM32CubeIDE/plugins/com.st.stm32cube.ide.mcu.externaltools.gnu-tools-for-stm32.11.3.rel1.win32_1.1.100.202309141235/tools/bin/../lib/gcc/arm-none-eabi/11.3.1/../../../../arm-none-eabi/lib/thumb/v7-m/nofp\libc_nano.a(libc_a-findfp.o)
                              ./Middlewares/Third_Party/FreeRTOS/Source/tasks.o (__sf)
C:/ST/STM32CubeIDE_1.13.2/STM32CubeIDE/plugins/com.st.stm32cube.ide.mcu.externaltools.gnu-tools-for-stm32.11.3.rel1.win32_1.1.100.202309141235/tools/bin/../lib/gcc/arm-none-eabi/11.3.1/../../../../arm-none-eabi/lib/thumb/v7-m/nofp\libc_nano.a(libc_a-fwalk.o)
                              C:/ST/STM32CubeIDE_1.13.2/STM32CubeIDE/plugins/com.st.stm32cube.ide.mcu.externaltools.gnu-tools-for-stm32.11.3.rel1.win32_1.1.100.202309141235/tools/bin/../lib/gcc/arm-none-eabi/11.3.1/../../../../arm-none-eabi/lib/thumb/v7-m/nofp\libc_nano.a(libc_a-findfp.o) (_fwalk_sglue)
C:/ST/STM32CubeIDE_1.13.2/STM32CubeIDE/plugins/com.st.stm32cube.ide.mcu.externaltools.gnu-tools-for-stm32.11.3.rel1.win32_1.1.100.202309141235/tools/bin/../lib/gcc/arm-none-eabi/11.3.1/../../../../arm-none-eabi/lib/thumb/v7-m/nofp\libc_nano.a(libc_a-printf.o)
                              ./Core/Src/Conversoes.o (printf)
C:/ST/STM32CubeIDE_1.13.2/STM32CubeIDE/plugins/com.st.stm32cube.ide.mcu.externaltools.gnu-tools-for-stm32.11.3.rel1.win32_1.1.100.202309141235/tools/bin/../lib/gcc/arm-none-eabi/11.3.1/../../../../arm-none-eabi/lib/thumb/v7-m/nofp\libc_nano.a(libc_a-puts.o)
                              ./Core/Src/Conversoes.o (puts)
C:/ST/STM32CubeIDE_1.13.2/STM32CubeIDE/plugins/com.st.stm32cube.ide.mcu.externaltools.gnu-tools-for-stm32.11.3.rel1.win32_1.1.100.202309141235/tools/bin/../lib/gcc/arm-none-eabi/11.3.1/../../../../arm-none-eabi/lib/thumb/v7-m/nofp\libc_nano.a(libc_a-snprintf.o)
                              ./Core/Src/Bluetooth.o (snprintf)
C:/ST/STM32CubeIDE_1.13.2/STM32CubeIDE/plugins/com.st.stm32cube.ide.mcu.externaltools.gnu-tools-for-stm32.11.3.rel1.win32_1.1.100.202309141235/tools/bin/../lib/gcc/arm-none-eabi/11.3.1/../../../../arm-none-eabi/lib/thumb/v7-m/nofp\libc_nano.a(libc_a-stdio.o)
                              C:/ST/STM32CubeIDE_1.13.2/STM32CubeIDE/plugins/com.st.stm32cube.ide.mcu.externaltools.gnu-tools-for-stm32.11.3.rel1.win32_1.1.100.202309141235/tools/bin/../lib/gcc/arm-none-eabi/11.3.1/../../../../arm-none-eabi/lib/thumb/v7-m/nofp\libc_nano.a(libc_a-findfp.o) (__sread)
C:/ST/STM32CubeIDE_1.13.2/STM32CubeIDE/plugins/com.st.stm32cube.ide.mcu.externaltools.gnu-tools-for-stm32.11.3.rel1.win32_1.1.100.202309141235/tools/bin/../lib/gcc/arm-none-eabi/11.3.1/../../../../arm-none-eabi/lib/thumb/v7-m/nofp\libc_nano.a(libc_a-wbuf.o)
[...]
Memory Configuration

Name             Origin             Length             Attributes
RAM              0x0000000020000000 0x0000000000005000 xrw
FLASH            0x0000000008000000 0x0000000000010000 xr
*default*        0x0000000000000000 0xffffffffffffffff

Linker script and memory map

LOAD C:/ST/STM32CubeIDE_1.13.2/STM32CubeIDE/plugins/com.st.stm32cube.ide.mcu.externaltools.gnu-tools-for-stm32.11.3.rel1.win32_1.1.100.202309141235/tools/bin/../lib/gcc/arm-none-eabi/11.3.1/thumb/v7-m/nofp/crti.o
LOAD C:/ST/STM32CubeIDE_1.13.2/STM32CubeIDE/plugins/com.st.stm32cube.ide.mcu.externaltools.gnu-tools-for-stm32.11.3.rel1.win32_1.1.100.202309141235/tools/bin/../lib/gcc/arm-none-eabi/11.3.1/thumb/v7-m/nofp/crtbegin.o
LOAD C:/ST/STM32CubeIDE_1.13.2/STM32CubeIDE/plugins/com.st.stm32cube.ide.mcu.externaltools.gnu-tools-for-stm32.11.3.rel1.win32_1.1.100.202309141235/tools/bin/../lib/gcc/arm-none-eabi/11.3.1/../../../../arm-none-eabi/lib/thumb/v7-m/nofp/crt0.o
LOAD ./Core/Src/Bluetooth.o
LOAD ./Core/Src/Conversoes.o
LOAD ./Core/Src/Crc.o
LOAD ./Core/Src/Eeprom.o
LOAD ./Core/Src/OutputDigital.o
LOAD ./Core/Src/dwin.o
LOAD ./Core/Src/freertos.o
LOAD ./Core/Src/main.o
LOAD ./Core/Src/my_queue.o
LOAD ./Core/Src/pid.o
LOAD ./Core/Src/stm32f1xx_hal_msp.o
LOAD ./Core/Src/stm32f1xx_hal_timebase_tim.o
LOAD ./Core/Src/stm32f1xx_it.o
LOAD ./Core/Src/syscalls.o
LOAD ./Core/Src/sysmem.o
LOAD ./Core/Src/system_stm32f1xx.o
LOAD ./Core/Startup/startup_stm32f103c8tx.o
LOAD ./Core/Tasks/Src/TaskBluetooth.o
LOAD ./Core/Tasks/Src/TaskBuzzer.o
LOAD ./Core/Tasks/Src/TaskEeprom.o
LOAD ./Core/Tasks/Src/TaskTemperatura.o
LOAD ./Core/Tasks/Src/TaskTimer.o
LOAD ./Drivers/STM32F1xx_HAL_Driver/Src/stm32f1xx_hal.o
LOAD ./Drivers/STM32F1xx_HAL_Driver/Src/stm32f1xx_hal_adc.o
LOAD ./Drivers/STM32F1xx_HAL_Driver/Src/stm32f1xx_hal_adc_ex.o
LOAD ./Drivers/STM32F1xx_HAL_Driver/Src/stm32f1xx_hal_cortex.o
LOAD ./Drivers/STM32F1xx_HAL_Driver/Src/stm32f1xx_hal_dma.o
LOAD ./Drivers/STM32F1xx_HAL_Driver/Src/stm32f1xx_hal_exti.o
LOAD ./Drivers/STM32F1xx_HAL_Driver/Src/stm32f1xx_hal_flash.o
LOAD ./Drivers/STM32F1xx_HAL_Driver/Src/stm32f1xx_hal_flash_ex.o
LOAD ./Drivers/STM32F1xx_HAL_Driver/Src/stm32f1xx_hal_gpio.o
LOAD ./Drivers/STM32F1xx_HAL_Driver/Src/stm32f1xx_hal_gpio_ex.o
LOAD ./Drivers/STM32F1xx_HAL_Driver/Src/stm32f1xx_hal_i2c.o
LOAD ./Drivers/STM32F1xx_HAL_Driver/Src/stm32f1xx_hal_pwr.o
LOAD ./Drivers/STM32F1xx_HAL_Driver/Src/stm32f1xx_hal_rcc.o
LOAD ./Drivers/STM32F1xx_HAL_Driver/Src/stm32f1xx_hal_rcc_ex.o
LOAD ./Drivers/STM32F1xx_HAL_Driver/Src/stm32f1xx_hal_rtc.o
LOAD ./Drivers/STM32F1xx_HAL_Driver/Src/stm32f1xx_hal_rtc_ex.o
LOAD ./Drivers/STM32F1xx_HAL_Driver/Src/stm32f1xx_hal_tim.o
LOAD ./Drivers/STM32F1xx_HAL_Driver/Src/stm32f1xx_hal_tim_ex.o
LOAD ./Drivers/STM32F1xx_HAL_Driver/Src/stm32f1xx_hal_uart.o
LOAD ./Middlewares/Third_Party/FreeRTOS/Source/CMSIS_RTOS/cmsis_os.o
LOAD ./Middlewares/Third_Party/FreeRTOS/Source/croutine.o
LOAD ./Middlewares/Third_Party/FreeRTOS/Source/event_groups.o
LOAD ./Middlewares/Third_Party/FreeRTOS/Source/list.o
LOAD ./Middlewares/Third_Party/FreeRTOS/Source/queue.o
LOAD ./Middlewares/Third_Party/FreeRTOS/Source/stream_buffer.o
LOAD ./Middlewares/Third_Party/FreeRTOS/Source/tasks.o
LOAD ./Middlewares/Third_Party/FreeRTOS/Source/timers.o
LOAD ./Middlewares/Third_Party/FreeRTOS/Source/portable/GCC/ARM_CM3/port.o
LOAD ./Middlewares/Third_Party/FreeRTOS/Source/portable/MemMang/heap_4.o
START GROUP
LOAD C:/ST/STM32CubeIDE_1.13.2/STM32CubeIDE/plugins/com.st.stm32cube.ide.mcu.externaltools.gnu-tools-for-stm32.11.3.rel1.win32_1.1.100.202309141235/tools/bin/../lib/gcc/arm-none-eabi/11.3.1/../../../../arm-none-eabi/lib/thumb/v7-m/nofp\libc_nano.a
LOAD C:/ST/STM32CubeIDE_1.13.2/STM32CubeIDE/plugins/com.st.stm32cube.ide.mcu.externaltools.gnu-tools-for-stm32.11.3.rel1.win32_1.1.100.202309141235/tools/bin/../lib/gcc/arm-none-eabi/11.3.1/../../../../arm-none-eabi/lib/thumb/v7-m/nofp\libm.a
END GROUP
START GROUP
LOAD C:/ST/STM32CubeIDE_1.13.2/STM32CubeIDE/plugins/com.st.stm32cube.ide.mcu.externaltools.gnu-tools-for-stm32.11.3.rel1.win32_1.1.100.202309141235/tools/bin/../lib/gcc/arm-none-eabi/11.3.1/thumb/v7-m/nofp\libgcc.a
LOAD C:/ST/STM32CubeIDE_1.13.2/STM32CubeIDE/plugins/com.st.stm32cube.ide.mcu.externaltools.gnu-tools-for-stm32.11.3.rel1.win32_1.1.100.202309141235/tools/bin/../lib/gcc/arm-none-eabi/11.3.1/../../../../arm-none-eabi/lib/thumb/v7-m/nofp\libc_nano.a
END GROUP
START GROUP
LOAD C:/ST/STM32CubeIDE_1.13.2/STM32CubeIDE/plugins/com.st.stm32cube.ide.mcu.externaltools.gnu-tools-for-stm32.11.3.rel1.win32_1.1.100.202309141235/tools/bin/../lib/gcc/arm-none-eabi/11.3.1/thumb/v7-m/nofp\libgcc.a
LOAD C:/ST/STM32CubeIDE_1.13.2/STM32CubeIDE/plugins/com.st.stm32cube.ide.mcu.externaltools.gnu-tools-for-stm32.11.3.rel1.win32_1.1.100.202309141235/tools/bin/../lib/gcc/arm-none-eabi/11.3.1/../../../../arm-none-eabi/lib/thumb/v7-m/nofp\libc_nano.a
LOAD C:/ST/STM32CubeIDE_1.13.2/STM32CubeIDE/plugins/com.st.stm32cube.ide.mcu.externaltools.gnu-tools-for-stm32.11.3.rel1.win32_1.1.100.202309141235/tools/bin/../lib/gcc/arm-none-eabi/11.3.1/../../../../arm-none-eabi/lib/thumb/v7-m/nofp\libnosys.a
END GROUP
START GROUP
LOAD C:/ST/STM32CubeIDE_1.13.2/STM32CubeIDE/plugins/com.st.stm32cube.ide.mcu.externaltools.gnu-tools-for-stm32.11.3.rel1.win32_1.1.100.202309141235/tools/bin/../lib/gcc/arm-none-eabi/11.3.1/thumb/v7-m/nofp\libgcc.a
LOAD C:/ST/STM32CubeIDE_1.13.2/STM32CubeIDE/plugins/com.st.stm32cube.ide.mcu.externaltools.gnu-tools-for-stm32.11.3.rel1.win32_1.1.100.202309141235/tools/bin/../lib/gcc/arm-none-eabi/11.3.1/../../../../arm-none-eabi/lib/thumb/v7-m/nofp\libc_nano.a
LOAD C:/ST/STM32CubeIDE_1.13.2/STM32CubeIDE/plugins/com.st.stm32cube.ide.mcu.externaltools.gnu-tools-for-stm32.11.3.rel1.win32_1.1.100.202309141235/tools/bin/../lib/gcc/arm-none-eabi/11.3.1/../../../../arm-none-eabi/lib/thumb/v7-m/nofp\libnosys.a
END GROUP
LOAD C:/ST/STM32CubeIDE_1.13.2/STM32CubeIDE/plugins/com.st.stm32cube.ide.mcu.externaltools.gnu-tools-for-stm32.11.3.rel1.win32_1.1.100.202309141235/tools/bin/../lib/gcc/arm-none-eabi/11.3.1/thumb/v7-m/nofp/crtend.o
LOAD C:/ST/STM32CubeIDE_1.13.2/STM32CubeIDE/plugins/com.st.stm32cube.ide.mcu.externaltools.gnu-tools-for-stm32.11.3.rel1.win32_1.1.100.202309141235/tools/bin/../lib/gcc/arm-none-eabi/11.3.1/thumb/v7-m/nofp/crtn.o
                0x0000000020005000                _estack = (ORIGIN (RAM) + LENGTH (RAM))
                0x0000000000000200                _Min_Heap_Size = 0x200
                0x0000000000000400                _Min_Stack_Size = 0x400

.isr_vector     0x0000000008000000      0x10c
                0x0000000008000000                . = ALIGN (0x4)
 *(.isr_vector)
 .isr_vector    0x0000000008000000      0x10c ./Core/Startup/startup_stm32f103c8tx.o
                0x0000000008000000                g_pfnVectors
                0x000000000800010c                . = ALIGN (0x4)

.text           0x0000000008000110     0xc064
                0x0000000008000110                . = ALIGN (0x4)
 *(.text)
 .text          0x0000000008000110       0x40 C:/ST/STM32CubeIDE_1.13.2/STM32CubeIDE/plugins/com.st.stm32cube.ide.mcu.externaltools.gnu-tools-for-stm32.11.3.rel1.win32_1.1.100.202309141235/tools/bin/../lib/gcc/arm-none-eabi/11.3.1/thumb/v7-m/nofp/crtbegin.o
 .text          0x0000000008000150       0x10 C:/ST/STM32CubeIDE_1.13.2/STM32CubeIDE/plugins/com.st.stm32cube.ide.mcu.externaltools.gnu-tools-for-stm32.11.3.rel1.win32_1.1.100.202309141235/tools/bin/../lib/gcc/arm-none-eabi/11.3.1/../../../../arm-none-eabi/lib/thumb/v7-m/nofp\libc_nano.a(libc_a-strlen.o)
                0x0000000008000150                strlen
 .text          0x0000000008000160      0x378 C:/ST/STM32CubeIDE_1.13.2/STM32CubeIDE/plugins/com.st.stm32cube.ide.mcu.externaltools.gnu-tools-for-stm32.11.3.rel1.win32_1.1.100.202309141235/tools/bin/../lib/gcc/arm-none-eabi/11.3.1/thumb/v7-m/nofp\libgcc.a(_arm_addsubdf3.o)
                0x0000000008000160                __aeabi_drsub
                0x0000000008000168                __aeabi_dsub
                0x0000000008000168                __subdf3
                0x000000000800016c                __aeabi_dadd
                0x000000000800016c                __adddf3
                0x00000000080003e4                __floatunsidf
                0x00000000080003e4                __aeabi_ui2d
                0x0000000008000404                __floatsidf
                0x0000000008000404                __aeabi_i2d
                0x0000000008000428                __aeabi_f2d
                0x0000000008000428                __extendsfdf2
                0x000000000800046c                __floatundidf
                0x000000000800046c                __aeabi_ul2d
                0x000000000800047c                __floatdidf
                0x000000000800047c                __aeabi_l2d
 .text          0x00000000080004d8      0x424 C:/ST/STM32CubeIDE_1.13.2/STM32CubeIDE/plugins/com.st.stm32cube.ide.mcu.externaltools.gnu-tools-for-stm32.11.3.rel1.win32_1.1.100.202309141235/tools/bin/../lib/gcc/arm-none-eabi/11.3.1/thumb/v7-m/nofp\libgcc.a(_arm_muldivdf3.o)
                0x00000000080004d8                __aeabi_dmul
                0x00000000080004d8                __muldf3
                0x000000000800072c                __divdf3
                0x000000000800072c                __aeabi_ddiv
 .text          0x00000000080008fc      0x110 C:/ST/STM32CubeIDE_1.13.2/STM32CubeIDE/plugins/com.st.stm32cube.ide.mcu.externaltools.gnu-tools-for-stm32.11.3.rel1.win32_1.1.100.202309141235/tools/bin/../lib/gcc/arm-none-eabi/11.3.1/thumb/v7-m/nofp\libgcc.a(_arm_cmpdf2.o)
                0x00000000080008fc                __gtdf2
                0x00000000080008fc                __gedf2
                0x0000000008000904                __ltdf2
                0x0000000008000904                __ledf2
                0x000000000800090c                __nedf2
                0x000000000800090c                __eqdf2
                0x000000000800090c                __cmpdf2
                0x0000000008000988                __aeabi_cdrcmple
                0x0000000008000998                __aeabi_cdcmpeq
                0x0000000008000998                __aeabi_cdcmple
                0x00000000080009a8                __aeabi_dcmpeq
                0x00000000080009bc                __aeabi_dcmplt
                0x00000000080009d0                __aeabi_dcmple
                0x00000000080009e4                __aeabi_dcmpge
                0x00000000080009f8                __aeabi_dcmpgt
 .text          0x0000000008000a0c       0x40 C:/ST/STM32CubeIDE_1.13.2/STM32CubeIDE/plugins/com.st.stm32cube.ide.mcu.externaltools.gnu-tools-for-stm32.11.3.rel1.win32_1.1.100.202309141235/tools/bin/../lib/gcc/arm-none-eabi/11.3.1/thumb/v7-m/nofp\libgcc.a(_arm_fixunsdfsi.o)
                0x0000000008000a0c                __aeabi_d2uiz
                0x0000000008000a0c                __fixunsdfsi
 .text          0x0000000008000a4c       0xa0 C:/ST/STM32CubeIDE_1.13.2/STM32CubeIDE/plugins/com.st.stm32cube.ide.mcu.externaltools.gnu-tools-for-stm32.11.3.rel1.win32_1.1.100.202309141235/tools/bin/../lib/gcc/arm-none-eabi/11.3.1/thumb/v7-m/nofp\libgcc.a(_arm_truncdfsf2.o)
                0x0000000008000a4c                __truncdfsf2
                0x0000000008000a4c                __aeabi_d2f
 .text          0x0000000008000aec      0x21c C:/ST/STM32CubeIDE_1.13.2/STM32CubeIDE/plugins/com.st.stm32cube.ide.mcu.externaltools.gnu-tools-for-stm32.11.3.rel1.win32_1.1.100.202309141235/tools/bin/../lib/gcc/arm-none-eabi/11.3.1/thumb/v7-m/nofp\libgcc.a(_arm_addsubsf3.o)
                0x0000000008000aec                __aeabi_frsub
                0x0000000008000af4                __subsf3
                0x0000000008000af4                __aeabi_fsub
                0x0000000008000af8                __aeabi_fadd
                0x0000000008000af8                __addsf3
                0x0000000008000c58                __aeabi_ui2f
                0x0000000008000c58                __floatunsisf
                0x0000000008000c60                __aeabi_i2f
                0x0000000008000c60                __floatsisf
                0x0000000008000c7c                __aeabi_ul2f
                0x0000000008000c7c                __floatundisf
                0x0000000008000c8c                __aeabi_l2f
                0x0000000008000c8c                __floatdisf
 .text          0x0000000008000d08      0x2a0 C:/ST/STM32CubeIDE_1.13.2/STM32CubeIDE/plugins/com.st.stm32cube.ide.mcu.externaltools.gnu-tools-for-stm32.11.3.rel1.win32_1.1.100.202309141235/tools/bin/../lib/gcc/arm-none-eabi/11.3.1/thumb/v7-m/nofp\libgcc.a(_arm_muldivsf3.o)
                0x0000000008000d08                __mulsf3
                0x0000000008000d08                __aeabi_fmul
                0x0000000008000e70                __aeabi_fdiv
                0x0000000008000e70                __divsf3
 .text          0x0000000008000fa8       0xec C:/ST/STM32CubeIDE_1.13.2/STM32CubeIDE/plugins/com.st.stm32cube.ide.mcu.externaltools.gnu-tools-for-stm32.11.3.rel1.win32_1.1.100.202309141235/tools/bin/../lib/gcc/arm-none-eabi/11.3.1/thumb/v7-m/nofp\libgcc.a(_arm_cmpsf2.o)
                0x0000000008000fa8                __gesf2
                0x0000000008000fa8                __gtsf2
                0x0000000008000fb0                __lesf2
                0x0000000008000fb0                __ltsf2
                0x0000000008000fb8                __nesf2
                0x0000000008000fb8                __eqsf2
                0x0000000008000fb8                __cmpsf2
                0x0000000008001018                __aeabi_cfrcmple
                0x0000000008001020                __aeabi_cfcmpeq
                0x0000000008001020                __aeabi_cfcmple
                0x0000000008001030                __aeabi_fcmpeq
                0x0000000008001044                __aeabi_fcmplt
                0x0000000008001058                __aeabi_fcmple
                0x000000000800106c                __aeabi_fcmpge
                0x0000000008001080                __aeabi_fcmpgt
 *(.text*)
 .text.sendAknowladge
                0x0000000008001094       0x26 ./Core/Src/Bluetooth.o
                0x0000000008001094                sendAknowladge
 .text.bluetoothEnviaComando
                0x00000000080010ba       0x5c ./Core/Src/Bluetooth.o
                0x00000000080010ba                bluetoothEnviaComando
 .text.bluetooth1000ms
                0x0000000008001116        0xe ./Core/Src/Bluetooth.o
                0x0000000008001116                bluetooth1000ms
 .text.comandHM10
                0x0000000008001124       0x26 ./Core/Src/Bluetooth.o
                0x0000000008001124                comandHM10
 *fill*         0x000000000800114a        0x2 
 .text.bluetoothDescon
                0x000000000800114c       0x20 ./Core/Src/Bluetooth.o
                0x000000000800114c                bluetoothDescon
 .text.bluetooth10ms
                0x000000000800116c       0x3e ./Core/Src/Bluetooth.o
                0x000000000800116c                bluetooth10ms
 .text.putQueueComando
                0x00000000080011aa       0x18 ./Core/Src/Bluetooth.o
                0x00000000080011aa                putQueueComando
 .text.putQueueDataRx
                0x00000000080011c2       0x18 ./Core/Src/Bluetooth.o
                0x00000000080011c2                putQueueDataRx
 .text.putQueueDataTx
                0x00000000080011da        0xa ./Core/Src/Bluetooth.o
                0x00000000080011da                putQueueDataTx
 .text.bleError_Handler
                0x00000000080011e4        0x4 ./Core/Src/Bluetooth.o
                0x00000000080011e4                bleError_Handler
 .text.bleAddComp
                0x00000000080011e8       0x40 ./Core/Src/Bluetooth.o
                0x00000000080011e8                bleAddComp
 .text.createBleComp
                0x0000000008001228       0x1e ./Core/Src/Bluetooth.o
                0x0000000008001228                createBleComp
 .text.bleAddCompConexao
                0x0000000008001246       0x40 ./Core/Src/Bluetooth.o
                0x0000000008001246                bleAddCompConexao
 .text.txBleComando
                0x0000000008001286       0xfa ./Core/Src/Bluetooth.o
                0x0000000008001286                txBleComando
 .text.iniciaBleHm10
                0x0000000008001380      0x364 ./Core/Src/Bluetooth.o
                0x0000000008001380                iniciaBleHm10
 .text.bleConstrutora
                0x00000000080016e4       0x60 ./Core/Src/Bluetooth.o
                0x00000000080016e4                bleConstrutora
 .text.bluetoothErroCRC
                0x0000000008001744       0x5e ./Core/Src/Bluetooth.o
                0x0000000008001744                bluetoothErroCRC
 .text.readComando
                0x00000000080017a2       0x68 ./Core/Src/Bluetooth.o
                0x00000000080017a2                readComando
 *fill*         0x000000000800180a        0x2 
 .text.BLEDMA_IrqHandler
                0x000000000800180c      0x184 ./Core/Src/Bluetooth.o
                0x000000000800180c                BLEDMA_IrqHandler
 .text.BLEUSART_IrqHandler
                0x0000000008001990       0x48 ./Core/Src/Bluetooth.o
                0x0000000008001990                BLEUSART_IrqHandler
 .text.vetor4b_TO_Double
                0x00000000080019d8       0x3c ./Core/Src/Conversoes.o
                0x00000000080019d8                vetor4b_TO_Double
 .text.vetor2b_TO_uint16
                0x0000000008001a14       0x24 ./Core/Src/Conversoes.o
                0x0000000008001a14                vetor2b_TO_uint16
 .text.vetor2b_TO_Double
                0x0000000008001a38       0x28 ./Core/Src/Conversoes.o
                0x0000000008001a38                vetor2b_TO_Double
 .text.float_TO_vetor4b
                0x0000000008001a60       0x2e ./Core/Src/Conversoes.o
                0x0000000008001a60                float_TO_vetor4b
 *fill*         0x0000000008001a8e        0x2 
 .text.CRC16    0x0000000008001a90       0x38 ./Core/Src/Crc.o
                0x0000000008001a90                CRC16
 .text.validaCRC
                0x0000000008001ac8       0x1c ./Core/Src/Crc.o
                0x0000000008001ac8                validaCRC
 .text.set_StdValues8bits
                0x0000000008001ae4        0x8 ./Core/Src/Eeprom.o
                0x0000000008001ae4                set_StdValues8bits
 .text.set_StdValues16bits
                0x0000000008001aec        0x8 ./Core/Src/Eeprom.o
                0x0000000008001aec                set_StdValues16bits
 .text.set_StdValues32bits
                0x0000000008001af4        0x8 ./Core/Src/Eeprom.o
                0x0000000008001af4                set_StdValues32bits
 .text.set_StdValuesFloat
                0x0000000008001afc        0x8 ./Core/Src/Eeprom.o
                0x0000000008001afc                set_StdValuesFloat
 .text.set_StdValuesDouble
                0x0000000008001b04       0x16 ./Core/Src/Eeprom.o
                0x0000000008001b04                set_StdValuesDouble
 *fill*         0x0000000008001b1a        0x2 
 .text.containerEeprom_init
                0x0000000008001b1c       0x48 ./Core/Src/Eeprom.o
                0x0000000008001b1c                containerEeprom_init
 .text.objArrEeprom_init
                0x0000000008001b64       0x90 ./Core/Src/Eeprom.o
                0x0000000008001b64                objArrEeprom_init
 .text.eeprom_AddVarOnArr
                0x0000000008001bf4       0x74 ./Core/Src/Eeprom.o
                0x0000000008001bf4                eeprom_AddVarOnArr
 .text.eepromObjArr_update
                0x0000000008001c68      0x124 ./Core/Src/Eeprom.o
                0x0000000008001c68                eepromObjArr_update
 .text.containerEeprom_download
                0x0000000008001d8c      0x170 ./Core/Src/Eeprom.o
                0x0000000008001d8c                containerEeprom_download
 .text.containerEeprom_reset
                0x0000000008001efc      0x1c0 ./Core/Src/Eeprom.o
                0x0000000008001efc                containerEeprom_reset
 .text.eepromError_Handler
                0x00000000080020bc        0x4 ./Core/Src/Eeprom.o
                0x00000000080020bc                eepromError_Handler
 .text.init_containerEeprom
                0x00000000080020c0       0x10 ./Core/Src/Eeprom.o
                0x00000000080020c0                init_containerEeprom
 .text.init_objArrEeprom
                0x00000000080020d0       0x1e ./Core/Src/Eeprom.o
                0x00000000080020d0                init_objArrEeprom
 .text.addVarOnContainerEeprom
                0x00000000080020ee       0x10 ./Core/Src/Eeprom.o
                0x00000000080020ee                addVarOnContainerEeprom
 .text.update_eepromObjArr
                0x00000000080020fe       0x10 ./Core/Src/Eeprom.o
                0x00000000080020fe                update_eepromObjArr
 .text.download_containerEeprom
                0x000000000800210e       0x10 ./Core/Src/Eeprom.o
                0x000000000800210e                download_containerEeprom
 .text.reset_containerEeprom
                0x000000000800211e       0x10 ./Core/Src/Eeprom.o
                0x000000000800211e                reset_containerEeprom
 .text.onDigital
                0x000000000800212e       0x14 ./Core/Src/OutputDigital.o
                0x000000000800212e                onDigital
 .text.offDigital
                0x0000000008002142       0x14 ./Core/Src/OutputDigital.o
                0x0000000008002142                offDigital
 .text.contadorOutput
                0x0000000008002156      0x120 ./Core/Src/OutputDigital.o
                0x0000000008002156                contadorOutput
 .text.IndviduoPID_SetPWMValueDirect
                0x0000000008002276       0x10 ./Core/Src/OutputDigital.o
                0x0000000008002276                IndviduoPID_SetPWMValueDirect
 .text.outputError_Handler
                0x0000000008002286        0x4 ./Core/Src/OutputDigital.o
                0x0000000008002286                outputError_Handler
 .text.OutputAddDigital
                0x000000000800228a       0x40 ./Core/Src/OutputDigital.o
                0x000000000800228a                OutputAddDigital
 .text.IndviduoPID_SetPWMValue
                0x00000000080022ca       0x4a ./Core/Src/OutputDigital.o
                0x00000000080022ca                IndviduoPID_SetPWMValue
 .text.OutputAddPID
                0x0000000008002314       0x52 ./Core/Src/OutputDigital.o
                0x0000000008002314                OutputAddPID
 *fill*         0x0000000008002366        0x2 
 .text.vApplicationGetIdleTaskMemory
                0x0000000008002368       0x18 ./Core/Src/freertos.o
                0x0000000008002368                vApplicationGetIdleTaskMemory
 .text.vApplicationGetTimerTaskMemory
                0x0000000008002380       0x18 ./Core/Src/freertos.o
                0x0000000008002380                vApplicationGetTimerTaskMemory
 .text.timeoutAquecimento
                0x0000000008002398       0x68 ./Core/Src/main.o
                0x0000000008002398                timeoutAquecimento
 .text.MX_GPIO_Init
                0x0000000008002400       0xe0 ./Core/Src/main.o
 .text.MX_DMA_Init
                0x00000000080024e0       0x54 ./Core/Src/main.o
 .text.timeoutDesligaLampada
                0x0000000008002534       0x10 ./Core/Src/main.o
                0x0000000008002534                timeoutDesligaLampada
 .text.CBTimer10ms
                0x0000000008002544       0x10 ./Core/Src/main.o
                0x0000000008002544                CBTimer10ms
 .text._write   0x0000000008002554       0x46 ./Core/Src/main.o
                0x0000000008002554                _write
 *fill*         0x000000000800259a        0x2 
 .text.desligaForno
                0x000000000800259c       0x2c ./Core/Src/main.o
                0x000000000800259c                desligaForno
 .text.controleCooler
                0x00000000080025c8       0x74 ./Core/Src/main.o
                0x00000000080025c8                controleCooler
 .text.CBTimer1000ms
                0x000000000800263c       0x40 ./Core/Src/main.o
                0x000000000800263c                CBTimer1000ms
 .text.HAL_ADC_ConvCpltCallback
                0x000000000800267c       0xc4 ./Core/Src/main.o
                0x000000000800267c                HAL_ADC_ConvCpltCallback
 .text.HAL_TIM_PeriodElapsedCallback
                0x0000000008002740       0x18 ./Core/Src/main.o
                0x0000000008002740                HAL_TIM_PeriodElapsedCallback
 .text.Error_Handler
                0x0000000008002758        0x4 ./Core/Src/main.o
                0x0000000008002758                Error_Handler
 .text.MX_ADC1_Init
                0x000000000800275c       0x88 ./Core/Src/main.o
 .text.MX_I2C1_Init
                0x00000000080027e4       0x38 ./Core/Src/main.o
 .text.MX_TIM3_Init
                0x000000000800281c       0xe0 ./Core/Src/main.o
 .text.MX_TIM2_Init
                0x00000000080028fc       0xa4 ./Core/Src/main.o
 .text.MX_USART1_UART_Init
                0x00000000080029a0       0x34 ./Core/Src/main.o
 .text.MX_USART3_UART_Init
                0x00000000080029d4       0x34 ./Core/Src/main.o
 .text.MX_RTC_Init
                0x0000000008002a08       0x7c ./Core/Src/main.o
 .text.SystemClock_Config
                0x0000000008002a84       0x8c ./Core/Src/main.o
                0x0000000008002a84                SystemClock_Config
 .text.main     0x0000000008002b10      0x2a8 ./Core/Src/main.o
                0x0000000008002b10                main
 .text.Queue_is_full
                0x0000000008002db8       0x28 ./Core/Src/my_queue.o
                0x0000000008002db8                Queue_is_full
 .text.Queue_is_empty
                0x0000000008002de0        0xe ./Core/Src/my_queue.o
                0x0000000008002de0                Queue_is_empty
 .text.Queue_get_size
                0x0000000008002dee        0x4 ./Core/Src/my_queue.o
                0x0000000008002dee                Queue_get_size
 *fill*         0x0000000008002df2        0x2 
 .text.Queue_insert
                0x0000000008002df4       0x38 ./Core/Src/my_queue.o
                0x0000000008002df4                Queue_insert
 .text.Queue_remove
                0x0000000008002e2c       0x3c ./Core/Src/my_queue.o
                0x0000000008002e2c                Queue_remove
 .text.Queue_init
                0x0000000008002e68       0x1c ./Core/Src/my_queue.o
                0x0000000008002e68                Queue_init
 .text.Queue_create
                0x0000000008002e84       0x3c ./Core/Src/my_queue.o
                0x0000000008002e84                Queue_create
 .text.PID_Init
                0x0000000008002ec0       0x4e ./Core/Src/pid.o
                0x0000000008002ec0                PID_Init
 .text.PID_Compute
                0x0000000008002f0e      0x154 ./Core/Src/pid.o
                0x0000000008002f0e                PID_Compute
 .text.PID_SetMode
                0x0000000008003062       0x1e ./Core/Src/pid.o
                0x0000000008003062                PID_SetMode
 .text.PID_SetOutputLimits
                0x0000000008003080       0x92 ./Core/Src/pid.o
                0x0000000008003080                PID_SetOutputLimits
 *fill*         0x0000000008003112        0x2 
 .text.PID_SetTunings2
                0x0000000008003114       0xec ./Core/Src/pid.o
                0x0000000008003114                PID_SetTunings2
 .text.PID_SetTunings
                0x0000000008003200       0x24 ./Core/Src/pid.o
                0x0000000008003200                PID_SetTunings
 .text.PID_SetControllerDirection
                0x0000000008003224       0x44 ./Core/Src/pid.o
                0x0000000008003224                PID_SetControllerDirection
 .text.PID      0x0000000008003268       0x68 ./Core/Src/pid.o
                0x0000000008003268                PID
 .text.PID_SetSampleTime
                0x00000000080032d0       0x4c ./Core/Src/pid.o
                0x00000000080032d0                PID_SetSampleTime
 .text.HAL_MspInit
                0x000000000800331c       0x54 ./Core/Src/stm32f1xx_hal_msp.o
                0x000000000800331c                HAL_MspInit
 .text.HAL_ADC_MspInit
                0x0000000008003370       0x98 ./Core/Src/stm32f1xx_hal_msp.o
                0x0000000008003370                HAL_ADC_MspInit
 .text.HAL_I2C_MspInit
                0x0000000008003408       0x78 ./Core/Src/stm32f1xx_hal_msp.o
                0x0000000008003408                HAL_I2C_MspInit
 .text.HAL_RTC_MspInit
                0x0000000008003480       0x40 ./Core/Src/stm32f1xx_hal_msp.o
                0x0000000008003480                HAL_RTC_MspInit
 .text.HAL_TIM_Base_MspInit
                0x00000000080034c0       0x60 ./Core/Src/stm32f1xx_hal_msp.o
                0x00000000080034c0                HAL_TIM_Base_MspInit
 .text.HAL_TIM_MspPostInit
                0x0000000008003520       0xa4 ./Core/Src/stm32f1xx_hal_msp.o
                0x0000000008003520                HAL_TIM_MspPostInit
 .text.HAL_UART_MspInit
                0x00000000080035c4      0x150 ./Core/Src/stm32f1xx_hal_msp.o
                0x00000000080035c4                HAL_UART_MspInit
 .text.HAL_UART_MspDeInit
                0x0000000008003714       0x68 ./Core/Src/stm32f1xx_hal_msp.o
                0x0000000008003714                HAL_UART_MspDeInit
 .text.HAL_InitTick
                0x000000000800377c       0x94 ./Core/Src/stm32f1xx_hal_timebase_tim.o
                0x000000000800377c                HAL_InitTick
 .text.NMI_Handler
                0x0000000008003810        0x2 ./Core/Src/stm32f1xx_it.o
                0x0000000008003810                NMI_Handler
 .text.HardFault_Handler
                0x0000000008003812        0x2 ./Core/Src/stm32f1xx_it.o
                0x0000000008003812                HardFault_Handler
 .text.MemManage_Handler
                0x0000000008003814        0x2 ./Core/Src/stm32f1xx_it.o
                0x0000000008003814                MemManage_Handler
 .text.BusFault_Handler
                0x0000000008003816        0x2 ./Core/Src/stm32f1xx_it.o
                0x0000000008003816                BusFault_Handler
 .text.UsageFault_Handler
                0x0000000008003818        0x2 ./Core/Src/stm32f1xx_it.o
                0x0000000008003818                UsageFault_Handler
 .text.DebugMon_Handler
                0x000000000800381a        0x2 ./Core/Src/stm32f1xx_it.o
                0x000000000800381a                DebugMon_Handler
 .text.DMA1_Channel1_IRQHandler
                0x000000000800381c       0x10 ./Core/Src/stm32f1xx_it.o
                0x000000000800381c                DMA1_Channel1_IRQHandler
 .text.DMA1_Channel3_IRQHandler
                0x000000000800382c       0x10 ./Core/Src/stm32f1xx_it.o
                0x000000000800382c                DMA1_Channel3_IRQHandler
 .text.DMA1_Channel5_IRQHandler
                0x000000000800383c       0x18 ./Core/Src/stm32f1xx_it.o
                0x000000000800383c                DMA1_Channel5_IRQHandler
 .text.TIM1_UP_IRQHandler
                0x0000000008003854       0x10 ./Core/Src/stm32f1xx_it.o
                0x0000000008003854                TIM1_UP_IRQHandler
 .text.TIM3_IRQHandler
                0x0000000008003864       0x10 ./Core/Src/stm32f1xx_it.o
                0x0000000008003864                TIM3_IRQHandler
 .text.USART1_IRQHandler
                0x0000000008003874       0x18 ./Core/Src/stm32f1xx_it.o
                0x0000000008003874                USART1_IRQHandler
 .text._read    0x000000000800388c       0x20 ./Core/Src/syscalls.o
                0x000000000800388c                _read
 .text._close   0x00000000080038ac        0x6 ./Core/Src/syscalls.o
                0x00000000080038ac                _close
 .text._fstat   0x00000000080038b2        0xa ./Core/Src/syscalls.o
                0x00000000080038b2                _fstat
 .text._isatty  0x00000000080038bc        0x4 ./Core/Src/syscalls.o
                0x00000000080038bc                _isatty
 .text._lseek   0x00000000080038c0        0x4 ./Core/Src/syscalls.o
                0x00000000080038c0                _lseek
 .text._sbrk    0x00000000080038c4       0x48 ./Core/Src/sysmem.o
                0x00000000080038c4                _sbrk
 .text.SystemInit
                0x000000000800390c        0x2 ./Core/Src/system_stm32f1xx.o
                0x000000000800390c                SystemInit
 *fill*         0x000000000800390e        0x2 
 .text.Reset_Handler
                0x0000000008003910       0x48 ./Core/Startup/startup_stm32f103c8tx.o
                0x0000000008003910                Reset_Handler
 .text.Default_Handler
                0x0000000008003958        0x2 ./Core/Startup/startup_stm32f103c8tx.o
                0x0000000008003958                RTC_Alarm_IRQHandler
                0x0000000008003958                EXTI2_IRQHandler
                0x0000000008003958                TIM1_CC_IRQHandler
                0x0000000008003958                PVD_IRQHandler
                0x0000000008003958                EXTI3_IRQHandler
                0x0000000008003958                EXTI0_IRQHandler
                0x0000000008003958                I2C2_EV_IRQHandler
                0x0000000008003958                ADC1_2_IRQHandler
                0x0000000008003958                SPI1_IRQHandler
                0x0000000008003958                TAMPER_IRQHandler
                0x0000000008003958                DMA1_Channel4_IRQHandler
                0x0000000008003958                USART3_IRQHandler
                0x0000000008003958                RTC_IRQHandler
                0x0000000008003958                DMA1_Channel7_IRQHandler
                0x0000000008003958                CAN1_RX1_IRQHandler
                0x0000000008003958                TIM4_IRQHandler
                0x0000000008003958                I2C1_EV_IRQHandler
                0x0000000008003958                DMA1_Channel6_IRQHandler
                0x0000000008003958                RCC_IRQHandler
                0x0000000008003958                TIM1_TRG_COM_IRQHandler
                0x0000000008003958                Default_Handler
                0x0000000008003958                EXTI15_10_IRQHandler
                0x0000000008003958                EXTI9_5_IRQHandler
                0x0000000008003958                SPI2_IRQHandler
                0x0000000008003958                EXTI4_IRQHandler
                0x0000000008003958                USB_LP_CAN1_RX0_IRQHandler
                0x0000000008003958                USB_HP_CAN1_TX_IRQHandler
                0x0000000008003958                WWDG_IRQHandler
                0x0000000008003958                TIM2_IRQHandler
                0x0000000008003958                TIM1_BRK_IRQHandler
                0x0000000008003958                EXTI1_IRQHandler
                0x0000000008003958                USART2_IRQHandler
                0x0000000008003958                I2C2_ER_IRQHandler
                0x0000000008003958                DMA1_Channel2_IRQHandler
                0x0000000008003958                CAN1_SCE_IRQHandler
                0x0000000008003958                FLASH_IRQHandler
                0x0000000008003958                I2C1_ER_IRQHandler
                0x0000000008003958                USBWakeUp_IRQHandler
 *fill*         0x000000000800395a        0x2 
 .text.initBluetooth
                0x000000000800395c       0xa4 ./Core/Tasks/Src/TaskBluetooth.o
                0x000000000800395c                initBluetooth
 .text.taskBluetooth1sec
                0x0000000008003a00       0x48 ./Core/Tasks/Src/TaskBluetooth.o
                0x0000000008003a00                taskBluetooth1sec
 .text.txBluetooth
                0x0000000008003a48      0x2ac ./Core/Tasks/Src/TaskBluetooth.o
                0x0000000008003a48                txBluetooth
 .text.verificaLimiteSetpoint
                0x0000000008003cf4       0x2a ./Core/Tasks/Src/TaskBluetooth.o
                0x0000000008003cf4                verificaLimiteSetpoint
 *fill*         0x0000000008003d1e        0x2 
 .text.sincAutomatico
                0x0000000008003d20       0x2c ./Core/Tasks/Src/TaskBluetooth.o
                0x0000000008003d20                sincAutomatico
 .text.rxBluetooth
                0x0000000008003d4c      0x54c ./Core/Tasks/Src/TaskBluetooth.o
                0x0000000008003d4c                rxBluetooth
 .text.StartBluetooth
                0x0000000008004298       0x24 ./Core/Tasks/Src/TaskBluetooth.o
                0x0000000008004298                StartBluetooth
 .text.sequencia2Buzzer
                0x00000000080042bc       0x34 ./Core/Tasks/Src/TaskBuzzer.o
                0x00000000080042bc                sequencia2Buzzer
 .text.waitBuzzerSignal
                0x00000000080042f0      0x118 ./Core/Tasks/Src/TaskBuzzer.o
                0x00000000080042f0                waitBuzzerSignal
 .text.StartBuzzer
                0x0000000008004408       0x16 ./Core/Tasks/Src/TaskBuzzer.o
                0x0000000008004408                StartBuzzer
 *fill*         0x000000000800441e        0x2 
 .text.setupEepromVarArr
                0x0000000008004420      0x3b8 ./Core/Tasks/Src/TaskEeprom.o
                0x0000000008004420                setupEepromVarArr
 .text.processaEeprom
                0x00000000080047d8      0x12c ./Core/Tasks/Src/TaskEeprom.o
                0x00000000080047d8                processaEeprom
 .text.StartEeprom
                0x0000000008004904       0x44 ./Core/Tasks/Src/TaskEeprom.o
                0x0000000008004904                StartEeprom
 .text.initPID  0x0000000008004948       0xd0 ./Core/Tasks/Src/TaskTemperatura.o
                0x0000000008004948                initPID
 .text.computaPID
                0x0000000008004a18       0x44 ./Core/Tasks/Src/TaskTemperatura.o
                0x0000000008004a18                computaPID
 .text.StartTemperatura
                0x0000000008004a5c       0x22 ./Core/Tasks/Src/TaskTemperatura.o
                0x0000000008004a5c                StartTemperatura
 *fill*         0x0000000008004a7e        0x2 
 .text.WatchDogLimitesTemperatura
                0x0000000008004a80      0x150 ./Core/Tasks/Src/TaskTemperatura.o
                0x0000000008004a80                WatchDogLimitesTemperatura
 .text.SaidasLeds
                0x0000000008004bd0       0x68 ./Core/Tasks/Src/TaskTemperatura.o
                0x0000000008004bd0                SaidasLeds
 .text.Horimetro
                0x0000000008004c38       0x6c ./Core/Tasks/Src/TaskTemperatura.o
                0x0000000008004c38                Horimetro
 .text.sinalizacaoReachTemp
                0x0000000008004ca4       0x58 ./Core/Tasks/Src/TaskTemperatura.o
                0x0000000008004ca4                sinalizacaoReachTemp
 .text.taskTemperatura1sec
                0x0000000008004cfc       0x14 ./Core/Tasks/Src/TaskTemperatura.o
                0x0000000008004cfc                taskTemperatura1sec
 .text.funcionamentoTimer
                0x0000000008004d10       0x94 ./Core/Tasks/Src/TaskTimer.o
                0x0000000008004d10                funcionamentoTimer
 .text.verificaErro
                0x0000000008004da4       0x30 ./Core/Tasks/Src/TaskTimer.o
                0x0000000008004da4                verificaErro
 .text.StartTimer
                0x0000000008004dd4       0x22 ./Core/Tasks/Src/TaskTimer.o
                0x0000000008004dd4                StartTimer
 *fill*         0x0000000008004df6        0x2 
 .text.HAL_Init
                0x0000000008004df8       0x24 ./Drivers/STM32F1xx_HAL_Driver/Src/stm32f1xx_hal.o
                0x0000000008004df8                HAL_Init
 .text.HAL_IncTick
                0x0000000008004e1c       0x18 ./Drivers/STM32F1xx_HAL_Driver/Src/stm32f1xx_hal.o
                0x0000000008004e1c                HAL_IncTick
 .text.HAL_GetTick
                0x0000000008004e34        0xc ./Drivers/STM32F1xx_HAL_Driver/Src/stm32f1xx_hal.o
                0x0000000008004e34                HAL_GetTick
 .text.HAL_Delay
                0x0000000008004e40       0x28 ./Drivers/STM32F1xx_HAL_Driver/Src/stm32f1xx_hal.o
                0x0000000008004e40                HAL_Delay
 .text.ADC_DMAConvCplt
                0x0000000008004e68       0x52 ./Drivers/STM32F1xx_HAL_Driver/Src/stm32f1xx_hal_adc.o
                0x0000000008004e68                ADC_DMAConvCplt
 .text.HAL_ADC_ConvHalfCpltCallback
                0x0000000008004eba        0x2 ./Drivers/STM32F1xx_HAL_Driver/Src/stm32f1xx_hal_adc.o
                0x0000000008004eba                HAL_ADC_ConvHalfCpltCallback
 .text.ADC_DMAHalfConvCplt
                0x0000000008004ebc        0xa ./Drivers/STM32F1xx_HAL_Driver/Src/stm32f1xx_hal_adc.o
                0x0000000008004ebc                ADC_DMAHalfConvCplt
 .text.HAL_ADC_ErrorCallback
                0x0000000008004ec6        0x2 ./Drivers/STM32F1xx_HAL_Driver/Src/stm32f1xx_hal_adc.o
                0x0000000008004ec6                HAL_ADC_ErrorCallback
 .text.ADC_DMAError
                0x0000000008004ec8       0x1a ./Drivers/STM32F1xx_HAL_Driver/Src/stm32f1xx_hal_adc.o
                0x0000000008004ec8                ADC_DMAError
 *fill*         0x0000000008004ee2        0x2 
 .text.HAL_ADC_ConfigChannel
                0x0000000008004ee4      0x140 ./Drivers/STM32F1xx_HAL_Driver/Src/stm32f1xx_hal_adc.o
                0x0000000008004ee4                HAL_ADC_ConfigChannel
 .text.ADC_Enable
                0x0000000008005024       0x88 ./Drivers/STM32F1xx_HAL_Driver/Src/stm32f1xx_hal_adc.o
                0x0000000008005024                ADC_Enable
 .text.HAL_ADC_Start_DMA
                0x00000000080050ac      0x130 ./Drivers/STM32F1xx_HAL_Driver/Src/stm32f1xx_hal_adc.o
                0x00000000080050ac                HAL_ADC_Start_DMA
 .text.ADC_ConversionStop_Disable
                0x00000000080051dc       0x56 ./Drivers/STM32F1xx_HAL_Driver/Src/stm32f1xx_hal_adc.o
                0x00000000080051dc                ADC_ConversionStop_Disable
 *fill*         0x0000000008005232        0x2 
 .text.HAL_ADC_Init
                0x0000000008005234      0x108 ./Drivers/STM32F1xx_HAL_Driver/Src/stm32f1xx_hal_adc.o
                0x0000000008005234                HAL_ADC_Init
 .text.HAL_NVIC_SetPriorityGrouping
                0x000000000800533c       0x24 ./Drivers/STM32F1xx_HAL_Driver/Src/stm32f1xx_hal_cortex.o
                0x000000000800533c                HAL_NVIC_SetPriorityGrouping
 .text.HAL_NVIC_SetPriority
                0x0000000008005360       0x70 ./Drivers/STM32F1xx_HAL_Driver/Src/stm32f1xx_hal_cortex.o
                0x0000000008005360                HAL_NVIC_SetPriority
 .text.HAL_NVIC_EnableIRQ
                0x00000000080053d0       0x1c ./Drivers/STM32F1xx_HAL_Driver/Src/stm32f1xx_hal_cortex.o
                0x00000000080053d0                HAL_NVIC_EnableIRQ
 .text.HAL_NVIC_DisableIRQ
                0x00000000080053ec       0x24 ./Drivers/STM32F1xx_HAL_Driver/Src/stm32f1xx_hal_cortex.o
                0x00000000080053ec                HAL_NVIC_DisableIRQ
 .text.DMA_SetConfig
                0x0000000008005410       0x2c ./Drivers/STM32F1xx_HAL_Driver/Src/stm32f1xx_hal_dma.o
 .text.HAL_DMA_Init
                0x000000000800543c       0x6c ./Drivers/STM32F1xx_HAL_Driver/Src/stm32f1xx_hal_dma.o
                0x000000000800543c                HAL_DMA_Init
 .text.HAL_DMA_DeInit
                0x00000000080054a8       0x68 ./Drivers/STM32F1xx_HAL_Driver/Src/stm32f1xx_hal_dma.o
                0x00000000080054a8                HAL_DMA_DeInit
 .text.HAL_DMA_Start_IT
                0x0000000008005510       0x76 ./Drivers/STM32F1xx_HAL_Driver/Src/stm32f1xx_hal_dma.o
                0x0000000008005510                HAL_DMA_Start_IT
 .text.HAL_DMA_Abort
                0x0000000008005586       0x46 ./Drivers/STM32F1xx_HAL_Driver/Src/stm32f1xx_hal_dma.o
                0x0000000008005586                HAL_DMA_Abort
 .text.HAL_DMA_Abort_IT
                0x00000000080055cc       0x98 ./Drivers/STM32F1xx_HAL_Driver/Src/stm32f1xx_hal_dma.o
                0x00000000080055cc                HAL_DMA_Abort_IT
 .text.HAL_DMA_IRQHandler
                0x0000000008005664      0x144 ./Drivers/STM32F1xx_HAL_Driver/Src/stm32f1xx_hal_dma.o
                0x0000000008005664                HAL_DMA_IRQHandler
 .text.HAL_GPIO_Init
                0x00000000080057a8      0x224 ./Drivers/STM32F1xx_HAL_Driver/Src/stm32f1xx_hal_gpio.o
                0x00000000080057a8                HAL_GPIO_Init
 .text.HAL_GPIO_DeInit
                0x00000000080059cc      0x104 ./Drivers/STM32F1xx_HAL_Driver/Src/stm32f1xx_hal_gpio.o
                0x00000000080059cc                HAL_GPIO_DeInit
 .text.HAL_GPIO_ReadPin
                0x0000000008005ad0        0xe ./Drivers/STM32F1xx_HAL_Driver/Src/stm32f1xx_hal_gpio.o
                0x0000000008005ad0                HAL_GPIO_ReadPin
 .text.HAL_GPIO_WritePin
                0x0000000008005ade        0xc ./Drivers/STM32F1xx_HAL_Driver/Src/stm32f1xx_hal_gpio.o
                0x0000000008005ade                HAL_GPIO_WritePin
 .text.I2C_IsAcknowledgeFailed
                0x0000000008005aea       0x32 ./Drivers/STM32F1xx_HAL_Driver/Src/stm32f1xx_hal_i2c.o
 .text.I2C_WaitOnFlagUntilTimeout
                0x0000000008005b1c       0xaa ./Drivers/STM32F1xx_HAL_Driver/Src/stm32f1xx_hal_i2c.o
 .text.I2C_WaitOnMasterAddressFlagUntilTimeout
                0x0000000008005bc6       0xd6 ./Drivers/STM32F1xx_HAL_Driver/Src/stm32f1xx_hal_i2c.o
 .text.I2C_WaitOnTXEFlagUntilTimeout
                0x0000000008005c9c       0x5e ./Drivers/STM32F1xx_HAL_Driver/Src/stm32f1xx_hal_i2c.o
 *fill*         0x0000000008005cfa        0x2 
 .text.I2C_RequestMemoryWrite
                0x0000000008005cfc       0xd8 ./Drivers/STM32F1xx_HAL_Driver/Src/stm32f1xx_hal_i2c.o
 .text.I2C_RequestMemoryRead
                0x0000000008005dd4      0x154 ./Drivers/STM32F1xx_HAL_Driver/Src/stm32f1xx_hal_i2c.o
 .text.I2C_WaitOnBTFFlagUntilTimeout
                0x0000000008005f28       0x5e ./Drivers/STM32F1xx_HAL_Driver/Src/stm32f1xx_hal_i2c.o
 .text.I2C_WaitOnRXNEFlagUntilTimeout
                0x0000000008005f86       0x78 ./Drivers/STM32F1xx_HAL_Driver/Src/stm32f1xx_hal_i2c.o
 *fill*         0x0000000008005ffe        0x2 
 .text.HAL_I2C_Init
                0x0000000008006000      0x1bc ./Drivers/STM32F1xx_HAL_Driver/Src/stm32f1xx_hal_i2c.o
                0x0000000008006000                HAL_I2C_Init
 .text.HAL_I2C_Mem_Write
                0x00000000080061bc      0x164 ./Drivers/STM32F1xx_HAL_Driver/Src/stm32f1xx_hal_i2c.o
                0x00000000080061bc                HAL_I2C_Mem_Write
 .text.HAL_I2C_Mem_Read
                0x0000000008006320      0x348 ./Drivers/STM32F1xx_HAL_Driver/Src/stm32f1xx_hal_i2c.o
                0x0000000008006320                HAL_I2C_Mem_Read
 .text.HAL_I2C_IsDeviceReady
                0x0000000008006668      0x194 ./Drivers/STM32F1xx_HAL_Driver/Src/stm32f1xx_hal_i2c.o
                0x0000000008006668                HAL_I2C_IsDeviceReady
 .text.HAL_PWR_EnableBkUpAccess
                0x00000000080067fc        0xc ./Drivers/STM32F1xx_HAL_Driver/Src/stm32f1xx_hal_pwr.o
                0x00000000080067fc                HAL_PWR_EnableBkUpAccess
 .text.RCC_Delay
                0x0000000008006808       0x2c ./Drivers/STM32F1xx_HAL_Driver/Src/stm32f1xx_hal_rcc.o
 .text.HAL_RCC_OscConfig
                0x0000000008006834      0x410 ./Drivers/STM32F1xx_HAL_Driver/Src/stm32f1xx_hal_rcc.o
                0x0000000008006834                HAL_RCC_OscConfig
 .text.HAL_RCC_GetSysClockFreq
                0x0000000008006c44       0x54 ./Drivers/STM32F1xx_HAL_Driver/Src/stm32f1xx_hal_rcc.o
                0x0000000008006c44                HAL_RCC_GetSysClockFreq
 .text.HAL_RCC_ClockConfig
                0x0000000008006c98      0x16c ./Drivers/STM32F1xx_HAL_Driver/Src/stm32f1xx_hal_rcc.o
                0x0000000008006c98                HAL_RCC_ClockConfig
 .text.HAL_RCC_GetHCLKFreq
                0x0000000008006e04        0xc ./Drivers/STM32F1xx_HAL_Driver/Src/stm32f1xx_hal_rcc.o
                0x0000000008006e04                HAL_RCC_GetHCLKFreq
 .text.HAL_RCC_GetPCLK1Freq
                0x0000000008006e10       0x20 ./Drivers/STM32F1xx_HAL_Driver/Src/stm32f1xx_hal_rcc.o
                0x0000000008006e10                HAL_RCC_GetPCLK1Freq
 .text.HAL_RCC_GetPCLK2Freq
                0x0000000008006e30       0x20 ./Drivers/STM32F1xx_HAL_Driver/Src/stm32f1xx_hal_rcc.o
                0x0000000008006e30                HAL_RCC_GetPCLK2Freq
 .text.HAL_RCC_GetClockConfig
                0x0000000008006e50       0x3c ./Drivers/STM32F1xx_HAL_Driver/Src/stm32f1xx_hal_rcc.o
                0x0000000008006e50                HAL_RCC_GetClockConfig
 .text.HAL_RCCEx_PeriphCLKConfig
                0x0000000008006e8c      0x118 ./Drivers/STM32F1xx_HAL_Driver/Src/stm32f1xx_hal_rcc_ex.o
                0x0000000008006e8c                HAL_RCCEx_PeriphCLKConfig
 .text.HAL_RCCEx_GetPeriphCLKFreq
                0x0000000008006fa4       0xd8 ./Drivers/STM32F1xx_HAL_Driver/Src/stm32f1xx_hal_rcc_ex.o
                0x0000000008006fa4                HAL_RCCEx_GetPeriphCLKFreq
 .text.RTC_ReadTimeCounter
                0x000000000800707c       0x2a ./Drivers/STM32F1xx_HAL_Driver/Src/stm32f1xx_hal_rtc.o
 .text.RTC_ReadAlarmCounter
                0x00000000080070a6        0xe ./Drivers/STM32F1xx_HAL_Driver/Src/stm32f1xx_hal_rtc.o
 .text.RTC_Bcd2ToByte
                0x00000000080070b4       0x12 ./Drivers/STM32F1xx_HAL_Driver/Src/stm32f1xx_hal_rtc.o
 *fill*         0x00000000080070c6        0x2 
 .text.RTC_WeekDayNum
                0x00000000080070c8       0x98 ./Drivers/STM32F1xx_HAL_Driver/Src/stm32f1xx_hal_rtc.o
 .text.RTC_EnterInitMode
                0x0000000008007160       0x30 ./Drivers/STM32F1xx_HAL_Driver/Src/stm32f1xx_hal_rtc.o
 .text.RTC_ExitInitMode
                0x0000000008007190       0x32 ./Drivers/STM32F1xx_HAL_Driver/Src/stm32f1xx_hal_rtc.o
 .text.RTC_WriteTimeCounter
                0x00000000080071c2       0x2a ./Drivers/STM32F1xx_HAL_Driver/Src/stm32f1xx_hal_rtc.o
 .text.RTC_WriteAlarmCounter
                0x00000000080071ec       0x2a ./Drivers/STM32F1xx_HAL_Driver/Src/stm32f1xx_hal_rtc.o
 .text.HAL_RTC_SetTime
                0x0000000008007216       0xc2 ./Drivers/STM32F1xx_HAL_Driver/Src/stm32f1xx_hal_rtc.o
                0x0000000008007216                HAL_RTC_SetTime
 .text.HAL_RTC_SetDate
                0x00000000080072d8       0xd4 ./Drivers/STM32F1xx_HAL_Driver/Src/stm32f1xx_hal_rtc.o
                0x00000000080072d8                HAL_RTC_SetDate
 .text.HAL_RTC_WaitForSynchro
                0x00000000080073ac       0x38 ./Drivers/STM32F1xx_HAL_Driver/Src/stm32f1xx_hal_rtc.o
                0x00000000080073ac                HAL_RTC_WaitForSynchro
 .text.HAL_RTC_Init
                0x00000000080073e4       0xb0 ./Drivers/STM32F1xx_HAL_Driver/Src/stm32f1xx_hal_rtc.o
                0x00000000080073e4                HAL_RTC_Init
 .text.TIM_OC1_SetConfig
                0x0000000008007494       0x5c ./Drivers/STM32F1xx_HAL_Driver/Src/stm32f1xx_hal_tim.o
 .text.TIM_OC3_SetConfig
                0x00000000080074f0       0x64 ./Drivers/STM32F1xx_HAL_Driver/Src/stm32f1xx_hal_tim.o
 .text.TIM_OC4_SetConfig
                0x0000000008007554       0x48 ./Drivers/STM32F1xx_HAL_Driver/Src/stm32f1xx_hal_tim.o
 .text.TIM_TI1_ConfigInputStage
                0x000000000800759c       0x24 ./Drivers/STM32F1xx_HAL_Driver/Src/stm32f1xx_hal_tim.o
 .text.TIM_TI2_ConfigInputStage
                0x00000000080075c0       0x26 ./Drivers/STM32F1xx_HAL_Driver/Src/stm32f1xx_hal_tim.o
 .text.TIM_ITRx_SetConfig
                0x00000000080075e6       0x10 ./Drivers/STM32F1xx_HAL_Driver/Src/stm32f1xx_hal_tim.o
 *fill*         0x00000000080075f6        0x2 
 .text.HAL_TIM_Base_Start_IT
                0x00000000080075f8       0x68 ./Drivers/STM32F1xx_HAL_Driver/Src/stm32f1xx_hal_tim.o
                0x00000000080075f8                HAL_TIM_Base_Start_IT
 .text.HAL_TIM_PWM_MspInit
                0x0000000008007660        0x2 ./Drivers/STM32F1xx_HAL_Driver/Src/stm32f1xx_hal_tim.o
                0x0000000008007660                HAL_TIM_PWM_MspInit
 .text.HAL_TIM_OC_DelayElapsedCallback
                0x0000000008007662        0x2 ./Drivers/STM32F1xx_HAL_Driver/Src/stm32f1xx_hal_tim.o
                0x0000000008007662                HAL_TIM_OC_DelayElapsedCallback
 .text.HAL_TIM_IC_CaptureCallback
                0x0000000008007664        0x2 ./Drivers/STM32F1xx_HAL_Driver/Src/stm32f1xx_hal_tim.o
                0x0000000008007664                HAL_TIM_IC_CaptureCallback
 .text.HAL_TIM_PWM_PulseFinishedCallback
                0x0000000008007666        0x2 ./Drivers/STM32F1xx_HAL_Driver/Src/stm32f1xx_hal_tim.o
                0x0000000008007666                HAL_TIM_PWM_PulseFinishedCallback
 .text.HAL_TIM_TriggerCallback
                0x0000000008007668        0x2 ./Drivers/STM32F1xx_HAL_Driver/Src/stm32f1xx_hal_tim.o
                0x0000000008007668                HAL_TIM_TriggerCallback
 .text.HAL_TIM_IRQHandler
                0x000000000800766a      0x17a ./Drivers/STM32F1xx_HAL_Driver/Src/stm32f1xx_hal_tim.o
                0x000000000800766a                HAL_TIM_IRQHandler
 .text.TIM_Base_SetConfig
                0x00000000080077e4       0x74 ./Drivers/STM32F1xx_HAL_Driver/Src/stm32f1xx_hal_tim.o
                0x00000000080077e4                TIM_Base_SetConfig
 .text.HAL_TIM_Base_Init
                0x0000000008007858       0x58 ./Drivers/STM32F1xx_HAL_Driver/Src/stm32f1xx_hal_tim.o
                0x0000000008007858                HAL_TIM_Base_Init
 .text.HAL_TIM_PWM_Init
                0x00000000080078b0       0x58 ./Drivers/STM32F1xx_HAL_Driver/Src/stm32f1xx_hal_tim.o
                0x00000000080078b0                HAL_TIM_PWM_Init
 .text.TIM_OC2_SetConfig
                0x0000000008007908       0x64 ./Drivers/STM32F1xx_HAL_Driver/Src/stm32f1xx_hal_tim.o
                0x0000000008007908                TIM_OC2_SetConfig
 .text.HAL_TIM_PWM_ConfigChannel
                0x000000000800796c       0xdc ./Drivers/STM32F1xx_HAL_Driver/Src/stm32f1xx_hal_tim.o
                0x000000000800796c                HAL_TIM_PWM_ConfigChannel
 .text.TIM_ETR_SetConfig
                0x0000000008007a48       0x18 ./Drivers/STM32F1xx_HAL_Driver/Src/stm32f1xx_hal_tim.o
                0x0000000008007a48                TIM_ETR_SetConfig
 .text.HAL_TIM_ConfigClockSource
                0x0000000008007a60       0xfe ./Drivers/STM32F1xx_HAL_Driver/Src/stm32f1xx_hal_tim.o
                0x0000000008007a60                HAL_TIM_ConfigClockSource
 .text.TIM_CCxChannelCmd
                0x0000000008007b5e       0x1e ./Drivers/STM32F1xx_HAL_Driver/Src/stm32f1xx_hal_tim.o
                0x0000000008007b5e                TIM_CCxChannelCmd
 .text.HAL_TIM_PWM_Start
                0x0000000008007b7c       0xdc ./Drivers/STM32F1xx_HAL_Driver/Src/stm32f1xx_hal_tim.o
                0x0000000008007b7c                HAL_TIM_PWM_Start
 .text.HAL_TIM_PWM_Stop
                0x0000000008007c58       0x84 ./Drivers/STM32F1xx_HAL_Driver/Src/stm32f1xx_hal_tim.o
                0x0000000008007c58                HAL_TIM_PWM_Stop
 .text.HAL_TIMEx_MasterConfigSynchronization
                0x0000000008007cdc       0x6c ./Drivers/STM32F1xx_HAL_Driver/Src/stm32f1xx_hal_tim_ex.o
                0x0000000008007cdc                HAL_TIMEx_MasterConfigSynchronization
 .text.HAL_TIMEx_CommutCallback
                0x0000000008007d48        0x2 ./Drivers/STM32F1xx_HAL_Driver/Src/stm32f1xx_hal_tim_ex.o
                0x0000000008007d48                HAL_TIMEx_CommutCallback
 .text.HAL_TIMEx_BreakCallback
                0x0000000008007d4a        0x2 ./Drivers/STM32F1xx_HAL_Driver/Src/stm32f1xx_hal_tim_ex.o
                0x0000000008007d4a                HAL_TIMEx_BreakCallback
 .text.UART_EndTxTransfer
                0x0000000008007d4c       0x20 ./Drivers/STM32F1xx_HAL_Driver/Src/stm32f1xx_hal_uart.o
 .text.UART_EndRxTransfer
                0x0000000008007d6c       0x5c ./Drivers/STM32F1xx_HAL_Driver/Src/stm32f1xx_hal_uart.o
 .text.UART_Transmit_IT
                0x0000000008007dc8       0x60 ./Drivers/STM32F1xx_HAL_Driver/Src/stm32f1xx_hal_uart.o
 .text.UART_SetConfig
                0x0000000008007e28       0x94 ./Drivers/STM32F1xx_HAL_Driver/Src/stm32f1xx_hal_uart.o
 .text.UART_WaitOnFlagUntilTimeout
                0x0000000008007ebc       0x84 ./Drivers/STM32F1xx_HAL_Driver/Src/stm32f1xx_hal_uart.o
 .text.HAL_UART_Init
                0x0000000008007f40       0x60 ./Drivers/STM32F1xx_HAL_Driver/Src/stm32f1xx_hal_uart.o
                0x0000000008007f40                HAL_UART_Init
 .text.HAL_UART_DeInit
                0x0000000008007fa0       0x34 ./Drivers/STM32F1xx_HAL_Driver/Src/stm32f1xx_hal_uart.o
                0x0000000008007fa0                HAL_UART_DeInit
 .text.HAL_UART_Transmit
                0x0000000008007fd4       0xbe ./Drivers/STM32F1xx_HAL_Driver/Src/stm32f1xx_hal_uart.o
                0x0000000008007fd4                HAL_UART_Transmit
 .text.HAL_UART_TxCpltCallback
                0x0000000008008092        0x2 ./Drivers/STM32F1xx_HAL_Driver/Src/stm32f1xx_hal_uart.o
                0x0000000008008092                HAL_UART_TxCpltCallback
 .text.UART_EndTransmit_IT
                0x0000000008008094       0x1a ./Drivers/STM32F1xx_HAL_Driver/Src/stm32f1xx_hal_uart.o
 .text.HAL_UART_RxCpltCallback
                0x00000000080080ae        0x2 ./Drivers/STM32F1xx_HAL_Driver/Src/stm32f1xx_hal_uart.o
                0x00000000080080ae                HAL_UART_RxCpltCallback
 .text.HAL_UART_RxHalfCpltCallback
                0x00000000080080b0        0x2 ./Drivers/STM32F1xx_HAL_Driver/Src/stm32f1xx_hal_uart.o
                0x00000000080080b0                HAL_UART_RxHalfCpltCallback
 .text.HAL_UART_ErrorCallback
                0x00000000080080b2        0x2 ./Drivers/STM32F1xx_HAL_Driver/Src/stm32f1xx_hal_uart.o
                0x00000000080080b2                HAL_UART_ErrorCallback
 .text.UART_DMAError
                0x00000000080080b4       0x58 ./Drivers/STM32F1xx_HAL_Driver/Src/stm32f1xx_hal_uart.o
 .text.UART_DMAAbortOnError
                0x000000000800810c       0x10 ./Drivers/STM32F1xx_HAL_Driver/Src/stm32f1xx_hal_uart.o
 .text.HAL_UART_AbortCpltCallback
                0x000000000800811c        0x2 ./Drivers/STM32F1xx_HAL_Driver/Src/stm32f1xx_hal_uart.o
                0x000000000800811c                HAL_UART_AbortCpltCallback
 *fill*         0x000000000800811e        0x2 
 .text.HAL_UART_Abort_IT
                0x0000000008008120      0x124 ./Drivers/STM32F1xx_HAL_Driver/Src/stm32f1xx_hal_uart.o
                0x0000000008008120                HAL_UART_Abort_IT
 .text.UART_DMARxAbortCallback
                0x0000000008008244       0x2c ./Drivers/STM32F1xx_HAL_Driver/Src/stm32f1xx_hal_uart.o
 .text.UART_DMATxAbortCallback
                0x0000000008008270       0x2c ./Drivers/STM32F1xx_HAL_Driver/Src/stm32f1xx_hal_uart.o
 .text.HAL_UARTEx_RxEventCallback
                0x000000000800829c        0x2 ./Drivers/STM32F1xx_HAL_Driver/Src/stm32f1xx_hal_uart.o
                0x000000000800829c                HAL_UARTEx_RxEventCallback
 .text.UART_Receive_IT
                0x000000000800829e       0xe6 ./Drivers/STM32F1xx_HAL_Driver/Src/stm32f1xx_hal_uart.o
 .text.HAL_UART_IRQHandler
                0x0000000008008384      0x288 ./Drivers/STM32F1xx_HAL_Driver/Src/stm32f1xx_hal_uart.o
                0x0000000008008384                HAL_UART_IRQHandler
 .text.UART_DMARxHalfCplt
                0x000000000800860c       0x1e ./Drivers/STM32F1xx_HAL_Driver/Src/stm32f1xx_hal_uart.o
 .text.UART_DMAReceiveCplt
                0x000000000800862a       0x9a ./Drivers/STM32F1xx_HAL_Driver/Src/stm32f1xx_hal_uart.o
 .text.UART_Start_Receive_DMA
                0x00000000080086c4       0xa4 ./Drivers/STM32F1xx_HAL_Driver/Src/stm32f1xx_hal_uart.o
                0x00000000080086c4                UART_Start_Receive_DMA
 .text.HAL_UART_Receive_DMA
                0x0000000008008768       0x26 ./Drivers/STM32F1xx_HAL_Driver/Src/stm32f1xx_hal_uart.o
                0x0000000008008768                HAL_UART_Receive_DMA
 .text.makeFreeRtosPriority
                0x000000000800878e        0xc ./Middlewares/Third_Party/FreeRTOS/Source/CMSIS_RTOS/cmsis_os.o
 .text.inHandlerMode
                0x000000000800879a        0xc ./Middlewares/Third_Party/FreeRTOS/Source/CMSIS_RTOS/cmsis_os.o
 .text.osKernelStart
                0x00000000080087a6        0xa ./Middlewares/Third_Party/FreeRTOS/Source/CMSIS_RTOS/cmsis_os.o
                0x00000000080087a6                osKernelStart
 .text.osThreadCreate
                0x00000000080087b0       0x66 ./Middlewares/Third_Party/FreeRTOS/Source/CMSIS_RTOS/cmsis_os.o
                0x00000000080087b0                osThreadCreate
 .text.osThreadYield
                0x0000000008008816       0x18 ./Middlewares/Third_Party/FreeRTOS/Source/CMSIS_RTOS/cmsis_os.o
                0x0000000008008816                osThreadYield
 .text.osDelay  0x000000000800882e        0xe ./Middlewares/Third_Party/FreeRTOS/Source/CMSIS_RTOS/cmsis_os.o
                0x000000000800882e                osDelay
 .text.osTimerCreate
                0x000000000800883c       0x44 ./Middlewares/Third_Party/FreeRTOS/Source/CMSIS_RTOS/cmsis_os.o
                0x000000000800883c                osTimerCreate
 .text.osTimerStart
                0x0000000008008880       0x6a ./Middlewares/Third_Party/FreeRTOS/Source/CMSIS_RTOS/cmsis_os.o
                0x0000000008008880                osTimerStart
 .text.osSignalSet
                0x00000000080088ea       0x64 ./Middlewares/Third_Party/FreeRTOS/Source/CMSIS_RTOS/cmsis_os.o
                0x00000000080088ea                osSignalSet
 .text.osSignalWait
                0x000000000800894e       0x58 ./Middlewares/Third_Party/FreeRTOS/Source/CMSIS_RTOS/cmsis_os.o
                0x000000000800894e                osSignalWait
 .text.osSemaphoreCreate
                0x00000000080089a6       0x48 ./Middlewares/Third_Party/FreeRTOS/Source/CMSIS_RTOS/cmsis_os.o
                0x00000000080089a6                osSemaphoreCreate
 .text.osMessageCreate
                0x00000000080089ee       0x2a ./Middlewares/Third_Party/FreeRTOS/Source/CMSIS_RTOS/cmsis_os.o
                0x00000000080089ee                osMessageCreate
 .text.osMessagePut
                0x0000000008008a18       0x66 ./Middlewares/Third_Party/FreeRTOS/Source/CMSIS_RTOS/cmsis_os.o
                0x0000000008008a18                osMessagePut
 .text.osMessageGet
                0x0000000008008a7e       0x88 ./Middlewares/Third_Party/FreeRTOS/Source/CMSIS_RTOS/cmsis_os.o
                0x0000000008008a7e                osMessageGet
 .text.osThreadSuspend
                0x0000000008008b06        0xa ./Middlewares/Third_Party/FreeRTOS/Source/CMSIS_RTOS/cmsis_os.o
                0x0000000008008b06                osThreadSuspend
 .text.osThreadResume
                0x0000000008008b10       0x34 ./Middlewares/Third_Party/FreeRTOS/Source/CMSIS_RTOS/cmsis_os.o
                0x0000000008008b10                osThreadResume
 .text.osDelayUntil
                0x0000000008008b44        0xe ./Middlewares/Third_Party/FreeRTOS/Source/CMSIS_RTOS/cmsis_os.o
                0x0000000008008b44                osDelayUntil
 .text.vListInitialise
                0x0000000008008b52       0x16 ./Middlewares/Third_Party/FreeRTOS/Source/list.o
                0x0000000008008b52                vListInitialise
 .text.vListInitialiseItem
                0x0000000008008b68        0x6 ./Middlewares/Third_Party/FreeRTOS/Source/list.o
                0x0000000008008b68                vListInitialiseItem
 .text.vListInsertEnd
                0x0000000008008b6e       0x16 ./Middlewares/Third_Party/FreeRTOS/Source/list.o
                0x0000000008008b6e                vListInsertEnd
 .text.vListInsert
                0x0000000008008b84       0x32 ./Middlewares/Third_Party/FreeRTOS/Source/list.o
                0x0000000008008b84                vListInsert
 .text.uxListRemove
                0x0000000008008bb6       0x26 ./Middlewares/Third_Party/FreeRTOS/Source/list.o
                0x0000000008008bb6                uxListRemove
 .text.prvIsQueueFull
                0x0000000008008bdc       0x1e ./Middlewares/Third_Party/FreeRTOS/Source/queue.o
 .text.prvIsQueueEmpty
                0x0000000008008bfa       0x1a ./Middlewares/Third_Party/FreeRTOS/Source/queue.o
 .text.prvCopyDataToQueue
                0x0000000008008c14       0x76 ./Middlewares/Third_Party/FreeRTOS/Source/queue.o
 .text.prvCopyDataFromQueue
                0x0000000008008c8a       0x24 ./Middlewares/Third_Party/FreeRTOS/Source/queue.o
 .text.prvUnlockQueue
                0x0000000008008cae       0x6e ./Middlewares/Third_Party/FreeRTOS/Source/queue.o
 .text.xQueueGenericReset
                0x0000000008008d1c       0x84 ./Middlewares/Third_Party/FreeRTOS/Source/queue.o
                0x0000000008008d1c                xQueueGenericReset
 .text.prvInitialiseNewQueue
                0x0000000008008da0       0x1c ./Middlewares/Third_Party/FreeRTOS/Source/queue.o
 .text.xQueueGenericCreateStatic
                0x0000000008008dbc       0x92 ./Middlewares/Third_Party/FreeRTOS/Source/queue.o
                0x0000000008008dbc                xQueueGenericCreateStatic
 .text.xQueueGenericCreate
                0x0000000008008e4e       0x4e ./Middlewares/Third_Party/FreeRTOS/Source/queue.o
                0x0000000008008e4e                xQueueGenericCreate
 .text.xQueueGenericSend
                0x0000000008008e9c      0x188 ./Middlewares/Third_Party/FreeRTOS/Source/queue.o
                0x0000000008008e9c                xQueueGenericSend
 .text.xQueueGenericSendFromISR
                0x0000000008009024       0xcc ./Middlewares/Third_Party/FreeRTOS/Source/queue.o
                0x0000000008009024                xQueueGenericSendFromISR
 .text.xQueueReceive
                0x00000000080090f0      0x15e ./Middlewares/Third_Party/FreeRTOS/Source/queue.o
                0x00000000080090f0                xQueueReceive
 .text.xQueueReceiveFromISR
                0x000000000800924e       0xae ./Middlewares/Third_Party/FreeRTOS/Source/queue.o
                0x000000000800924e                xQueueReceiveFromISR
 .text.vQueueAddToRegistry
                0x00000000080092fc       0x28 ./Middlewares/Third_Party/FreeRTOS/Source/queue.o
                0x00000000080092fc                vQueueAddToRegistry
 .text.vQueueWaitForMessageRestricted
                0x0000000008009324       0x52 ./Middlewares/Third_Party/FreeRTOS/Source/queue.o
                0x0000000008009324                vQueueWaitForMessageRestricted
 *fill*         0x0000000008009376        0x2 
 .text.prvTaskIsTaskSuspended
                0x0000000008009378       0x40 ./Middlewares/Third_Party/FreeRTOS/Source/tasks.o
 .text.prvResetNextTaskUnblockTime
                0x00000000080093b8       0x2c ./Middlewares/Third_Party/FreeRTOS/Source/tasks.o
 .text.prvInitialiseNewTask
                0x00000000080093e4       0xac ./Middlewares/Third_Party/FreeRTOS/Source/tasks.o
 .text.prvInitialiseTaskLists
                0x0000000008009490       0x68 ./Middlewares/Third_Party/FreeRTOS/Source/tasks.o
 .text.prvAddNewTaskToReadyList
                0x00000000080094f8       0xa8 ./Middlewares/Third_Party/FreeRTOS/Source/tasks.o
 .text.prvDeleteTCB
                0x00000000080095a0       0x40 ./Middlewares/Third_Party/FreeRTOS/Source/tasks.o
 .text.prvCheckTasksWaitingTermination
                0x00000000080095e0       0x4c ./Middlewares/Third_Party/FreeRTOS/Source/tasks.o
 .text.prvIdleTask
                0x000000000800962c       0x28 ./Middlewares/Third_Party/FreeRTOS/Source/tasks.o
 .text.prvAddCurrentTaskToDelayedList
                0x0000000008009654       0x98 ./Middlewares/Third_Party/FreeRTOS/Source/tasks.o
 .text.xTaskCreateStatic
                0x00000000080096ec       0x74 ./Middlewares/Third_Party/FreeRTOS/Source/tasks.o
                0x00000000080096ec                xTaskCreateStatic
 .text.xTaskCreate
                0x0000000008009760       0x68 ./Middlewares/Third_Party/FreeRTOS/Source/tasks.o
                0x0000000008009760                xTaskCreate
 .text.vTaskResume
                0x00000000080097c8       0x88 ./Middlewares/Third_Party/FreeRTOS/Source/tasks.o
                0x00000000080097c8                vTaskResume
 .text.xTaskResumeFromISR
                0x0000000008009850       0xa4 ./Middlewares/Third_Party/FreeRTOS/Source/tasks.o
                0x0000000008009850                xTaskResumeFromISR
 .text.vTaskStartScheduler
                0x00000000080098f4       0xac ./Middlewares/Third_Party/FreeRTOS/Source/tasks.o
                0x00000000080098f4                vTaskStartScheduler
 .text.vTaskSuspendAll
                0x00000000080099a0       0x10 ./Middlewares/Third_Party/FreeRTOS/Source/tasks.o
                0x00000000080099a0                vTaskSuspendAll
 .text.xTaskGetTickCount
                0x00000000080099b0        0xc ./Middlewares/Third_Party/FreeRTOS/Source/tasks.o
                0x00000000080099b0                xTaskGetTickCount
 .text.xTaskIncrementTick
                0x00000000080099bc      0x118 ./Middlewares/Third_Party/FreeRTOS/Source/tasks.o
                0x00000000080099bc                xTaskIncrementTick
 .text.xTaskResumeAll
                0x0000000008009ad4       0xf8 ./Middlewares/Third_Party/FreeRTOS/Source/tasks.o
                0x0000000008009ad4                xTaskResumeAll
 .text.vTaskDelayUntil
                0x0000000008009bcc       0xa4 ./Middlewares/Third_Party/FreeRTOS/Source/tasks.o
                0x0000000008009bcc                vTaskDelayUntil
 .text.vTaskDelay
                0x0000000008009c70       0x4c ./Middlewares/Third_Party/FreeRTOS/Source/tasks.o
                0x0000000008009c70                vTaskDelay
 .text.vTaskSwitchContext
                0x0000000008009cbc       0xa4 ./Middlewares/Third_Party/FreeRTOS/Source/tasks.o
                0x0000000008009cbc                vTaskSwitchContext
 .text.vTaskSuspend
                0x0000000008009d60       0xec ./Middlewares/Third_Party/FreeRTOS/Source/tasks.o
                0x0000000008009d60                vTaskSuspend
 .text.vTaskPlaceOnEventList
                0x0000000008009e4c       0x30 ./Middlewares/Third_Party/FreeRTOS/Source/tasks.o
                0x0000000008009e4c                vTaskPlaceOnEventList
 .text.vTaskPlaceOnEventListRestricted
                0x0000000008009e7c       0x38 ./Middlewares/Third_Party/FreeRTOS/Source/tasks.o
                0x0000000008009e7c                vTaskPlaceOnEventListRestricted
 .text.xTaskRemoveFromEventList
                0x0000000008009eb4       0x8c ./Middlewares/Third_Party/FreeRTOS/Source/tasks.o
                0x0000000008009eb4                xTaskRemoveFromEventList
 .text.vTaskInternalSetTimeOutState
                0x0000000008009f40       0x18 ./Middlewares/Third_Party/FreeRTOS/Source/tasks.o
                0x0000000008009f40                vTaskInternalSetTimeOutState
 .text.xTaskCheckForTimeOut
                0x0000000008009f58       0x84 ./Middlewares/Third_Party/FreeRTOS/Source/tasks.o
                0x0000000008009f58                xTaskCheckForTimeOut
 .text.vTaskMissedYield
                0x0000000008009fdc        0xc ./Middlewares/Third_Party/FreeRTOS/Source/tasks.o
                0x0000000008009fdc                vTaskMissedYield
 .text.xTaskGetSchedulerState
                0x0000000008009fe8       0x20 ./Middlewares/Third_Party/FreeRTOS/Source/tasks.o
                0x0000000008009fe8                xTaskGetSchedulerState
 .text.xTaskPriorityDisinherit
                0x000000000800a008       0xb0 ./Middlewares/Third_Party/FreeRTOS/Source/tasks.o
                0x000000000800a008                xTaskPriorityDisinherit
 .text.xTaskNotifyWait
                0x000000000800a0b8       0xa4 ./Middlewares/Third_Party/FreeRTOS/Source/tasks.o
                0x000000000800a0b8                xTaskNotifyWait
 .text.xTaskGenericNotify
                0x000000000800a15c       0xf0 ./Middlewares/Third_Party/FreeRTOS/Source/tasks.o
                0x000000000800a15c                xTaskGenericNotify
 .text.xTaskGenericNotifyFromISR
                0x000000000800a24c      0x124 ./Middlewares/Third_Party/FreeRTOS/Source/tasks.o
                0x000000000800a24c                xTaskGenericNotifyFromISR
 .text.prvGetNextExpireTime
                0x000000000800a370       0x20 ./Middlewares/Third_Party/FreeRTOS/Source/timers.o
 .text.prvInsertTimerInActiveList
                0x000000000800a390       0x48 ./Middlewares/Third_Party/FreeRTOS/Source/timers.o
 .text.prvCheckForValidListAndQueue
                0x000000000800a3d8       0x70 ./Middlewares/Third_Party/FreeRTOS/Source/timers.o
 .text.prvInitialiseNewTimer
                0x000000000800a448       0x40 ./Middlewares/Third_Party/FreeRTOS/Source/timers.o
 .text.xTimerCreateTimerTask
                0x000000000800a488       0x64 ./Middlewares/Third_Party/FreeRTOS/Source/timers.o
                0x000000000800a488                xTimerCreateTimerTask
 .text.xTimerCreate
                0x000000000800a4ec       0x38 ./Middlewares/Third_Party/FreeRTOS/Source/timers.o
                0x000000000800a4ec                xTimerCreate
 .text.xTimerCreateStatic
                0x000000000800a524       0x50 ./Middlewares/Third_Party/FreeRTOS/Source/timers.o
                0x000000000800a524                xTimerCreateStatic
 .text.xTimerGenericCommand
                0x000000000800a574       0x6c ./Middlewares/Third_Party/FreeRTOS/Source/timers.o
                0x000000000800a574                xTimerGenericCommand
 .text.prvSwitchTimerLists
                0x000000000800a5e0       0x78 ./Middlewares/Third_Party/FreeRTOS/Source/timers.o
 .text.prvSampleTimeNow
                0x000000000800a658       0x2c ./Middlewares/Third_Party/FreeRTOS/Source/timers.o
 .text.prvProcessExpiredTimer
                0x000000000800a684       0x60 ./Middlewares/Third_Party/FreeRTOS/Source/timers.o
 .text.prvProcessTimerOrBlockTask
                0x000000000800a6e4       0x74 ./Middlewares/Third_Party/FreeRTOS/Source/timers.o
 .text.prvProcessReceivedCommands
                0x000000000800a758       0xe4 ./Middlewares/Third_Party/FreeRTOS/Source/timers.o
 .text.prvTimerTask
                0x000000000800a83c       0x16 ./Middlewares/Third_Party/FreeRTOS/Source/timers.o
 *fill*         0x000000000800a852        0x2 
 .text.prvTaskExitError
                0x000000000800a854       0x40 ./Middlewares/Third_Party/FreeRTOS/Source/portable/GCC/ARM_CM3/port.o
 .text.prvPortStartFirstTask
                0x000000000800a894       0x20 ./Middlewares/Third_Party/FreeRTOS/Source/portable/GCC/ARM_CM3/port.o
 .text.pxPortInitialiseStack
                0x000000000800a8b4       0x24 ./Middlewares/Third_Party/FreeRTOS/Source/portable/GCC/ARM_CM3/port.o
                0x000000000800a8b4                pxPortInitialiseStack
 *fill*         0x000000000800a8d8        0x8 
 .text.SVC_Handler
                0x000000000800a8e0       0x24 ./Middlewares/Third_Party/FreeRTOS/Source/portable/GCC/ARM_CM3/port.o
                0x000000000800a8e0                SVC_Handler
 .text.vPortEnterCritical
                0x000000000800a904       0x44 ./Middlewares/Third_Party/FreeRTOS/Source/portable/GCC/ARM_CM3/port.o
                0x000000000800a904                vPortEnterCritical
 .text.vPortExitCritical
                0x000000000800a948       0x2c ./Middlewares/Third_Party/FreeRTOS/Source/portable/GCC/ARM_CM3/port.o
                0x000000000800a948                vPortExitCritical
 *fill*         0x000000000800a974        0xc 
 .text.PendSV_Handler
                0x000000000800a980       0x44 ./Middlewares/Third_Party/FreeRTOS/Source/portable/GCC/ARM_CM3/port.o
                0x000000000800a980                PendSV_Handler
 .text.SysTick_Handler
                0x000000000800a9c4       0x2c ./Middlewares/Third_Party/FreeRTOS/Source/portable/GCC/ARM_CM3/port.o
                0x000000000800a9c4                SysTick_Handler
 .text.vPortSetupTimerInterrupt
                0x000000000800a9f0       0x28 ./Middlewares/Third_Party/FreeRTOS/Source/portable/GCC/ARM_CM3/port.o
                0x000000000800a9f0                vPortSetupTimerInterrupt
 .text.xPortStartScheduler
                0x000000000800aa18       0xc0 ./Middlewares/Third_Party/FreeRTOS/Source/portable/GCC/ARM_CM3/port.o
                0x000000000800aa18                xPortStartScheduler
 .text.vPortValidateInterruptPriority
                0x000000000800aad8       0x5c ./Middlewares/Third_Party/FreeRTOS/Source/portable/GCC/ARM_CM3/port.o
                0x000000000800aad8                vPortValidateInterruptPriority
 .text.prvHeapInit
                0x000000000800ab34       0x64 ./Middlewares/Third_Party/FreeRTOS/Source/portable/MemMang/heap_4.o
 .text.prvInsertBlockIntoFreeList
                0x000000000800ab98       0x60 ./Middlewares/Third_Party/FreeRTOS/Source/portable/MemMang/heap_4.o
 .text.pvPortMalloc
                0x000000000800abf8       0xf0 ./Middlewares/Third_Party/FreeRTOS/Source/portable/MemMang/heap_4.o
                0x000000000800abf8                pvPortMalloc
 .text.vPortFree
                0x000000000800ace8       0x70 ./Middlewares/Third_Party/FreeRTOS/Source/portable/MemMang/heap_4.o
                0x000000000800ace8                vPortFree
 .text.malloc   0x000000000800ad58       0x10 C:/ST/STM32CubeIDE_1.13.2/STM32CubeIDE/plugins/com.st.stm32cube.ide.mcu.externaltools.gnu-tools-for-stm32.11.3.rel1.win32_1.1.100.202309141235/tools/bin/../lib/gcc/arm-none-eabi/11.3.1/../../../../arm-none-eabi/lib/thumb/v7-m/nofp\libc_nano.a(libc_a-malloc.o)
                0x000000000800ad58                malloc
 .text.sbrk_aligned
                0x000000000800ad68       0x40 C:/ST/STM32CubeIDE_1.13.2/STM32CubeIDE/plugins/com.st.stm32cube.ide.mcu.externaltools.gnu-tools-for-stm32.11.3.rel1.win32_1.1.100.202309141235/tools/bin/../lib/gcc/arm-none-eabi/11.3.1/../../../../arm-none-eabi/lib/thumb/v7-m/nofp\libc_nano.a(libc_a-mallocr.o)
 .text._malloc_r
                0x000000000800ada8      0x100 C:/ST/STM32CubeIDE_1.13.2/STM32CubeIDE/plugins/com.st.stm32cube.ide.mcu.externaltools.gnu-tools-for-stm32.11.3.rel1.win32_1.1.100.202309141235/tools/bin/../lib/gcc/arm-none-eabi/11.3.1/../../../../arm-none-eabi/lib/thumb/v7-m/nofp\libc_nano.a(libc_a-mallocr.o)
                0x000000000800ada8                _malloc_r
 .text.__malloc_lock
                0x000000000800aea8        0xc C:/ST/STM32CubeIDE_1.13.2/STM32CubeIDE/plugins/com.st.stm32cube.ide.mcu.externaltools.gnu-tools-for-stm32.11.3.rel1.win32_1.1.100.202309141235/tools/bin/../lib/gcc/arm-none-eabi/11.3.1/../../../../arm-none-eabi/lib/thumb/v7-m/nofp\libc_nano.a(libc_a-mlock.o)
                0x000000000800aea8                __malloc_lock
 .text.__malloc_unlock
                0x000000000800aeb4        0xc C:/ST/STM32CubeIDE_1.13.2/STM32CubeIDE/plugins/com.st.stm32cube.ide.mcu.externaltools.gnu-tools-for-stm32.11.3.rel1.win32_1.1.100.202309141235/tools/bin/../lib/gcc/arm-none-eabi/11.3.1/../../../../arm-none-eabi/lib/thumb/v7-m/nofp\libc_nano.a(libc_a-mlock.o)
                0x000000000800aeb4                __malloc_unlock
 .text.std      0x000000000800aec0       0x6c C:/ST/STM32CubeIDE_1.13.2/STM32CubeIDE/plugins/com.st.stm32cube.ide.mcu.externaltools.gnu-tools-for-stm32.11.3.rel1.win32_1.1.100.202309141235/tools/bin/../lib/gcc/arm-none-eabi/11.3.1/../../../../arm-none-eabi/lib/thumb/v7-m/nofp\libc_nano.a(libc_a-findfp.o)
 .text.stdio_exit_handler
                0x000000000800af2c       0x18 C:/ST/STM32CubeIDE_1.13.2/STM32CubeIDE/plugins/com.st.stm32cube.ide.mcu.externaltools.gnu-tools-for-stm32.11.3.rel1.win32_1.1.100.202309141235/tools/bin/../lib/gcc/arm-none-eabi/11.3.1/../../../../arm-none-eabi/lib/thumb/v7-m/nofp\libc_nano.a(libc_a-findfp.o)
 .text.cleanup_stdio
                0x000000000800af44       0x40 C:/ST/STM32CubeIDE_1.13.2/STM32CubeIDE/plugins/com.st.stm32cube.ide.mcu.externaltools.gnu-tools-for-stm32.11.3.rel1.win32_1.1.100.202309141235/tools/bin/../lib/gcc/arm-none-eabi/11.3.1/../../../../arm-none-eabi/lib/thumb/v7-m/nofp\libc_nano.a(libc_a-findfp.o)
 .text.global_stdio_init.part.0
                0x000000000800af84       0x3c C:/ST/STM32CubeIDE_1.13.2/STM32CubeIDE/plugins/com.st.stm32cube.ide.mcu.externaltools.gnu-tools-for-stm32.11.3.rel1.win32_1.1.100.202309141235/tools/bin/../lib/gcc/arm-none-eabi/11.3.1/../../../../arm-none-eabi/lib/thumb/v7-m/nofp\libc_nano.a(libc_a-findfp.o)
 .text.__sfp_lock_acquire
                0x000000000800afc0        0xc C:/ST/STM32CubeIDE_1.13.2/STM32CubeIDE/plugins/com.st.stm32cube.ide.mcu.externaltools.gnu-tools-for-stm32.11.3.rel1.win32_1.1.100.202309141235/tools/bin/../lib/gcc/arm-none-eabi/11.3.1/../../../../arm-none-eabi/lib/thumb/v7-m/nofp\libc_nano.a(libc_a-findfp.o)
                0x000000000800afc0                __sfp_lock_acquire
 .text.__sfp_lock_release
                0x000000000800afcc        0xc C:/ST/STM32CubeIDE_1.13.2/STM32CubeIDE/plugins/com.st.stm32cube.ide.mcu.externaltools.gnu-tools-for-stm32.11.3.rel1.win32_1.1.100.202309141235/tools/bin/../lib/gcc/arm-none-eabi/11.3.1/../../../../arm-none-eabi/lib/thumb/v7-m/nofp\libc_nano.a(libc_a-findfp.o)
                0x000000000800afcc                __sfp_lock_release
 .text.__sinit  0x000000000800afd8       0x30 C:/ST/STM32CubeIDE_1.13.2/STM32CubeIDE/plugins/com.st.stm32cube.ide.mcu.externaltools.gnu-tools-for-stm32.11.3.rel1.win32_1.1.100.202309141235/tools/bin/../lib/gcc/arm-none-eabi/11.3.1/../../../../arm-none-eabi/lib/thumb/v7-m/nofp\libc_nano.a(libc_a-findfp.o)
                0x000000000800afd8                __sinit
 .text._fwalk_sglue
                0x000000000800b008       0x3c C:/ST/STM32CubeIDE_1.13.2/STM32CubeIDE/plugins/com.st.stm32cube.ide.mcu.externaltools.gnu-tools-for-stm32.11.3.rel1.win32_1.1.100.202309141235/tools/bin/../lib/gcc/arm-none-eabi/11.3.1/../../../../arm-none-eabi/lib/thumb/v7-m/nofp\libc_nano.a(libc_a-fwalk.o)
                0x000000000800b008                _fwalk_sglue
 .text.printf   0x000000000800b044       0x24 C:/ST/STM32CubeIDE_1.13.2/STM32CubeIDE/plugins/com.st.stm32cube.ide.mcu.externaltools.gnu-tools-for-stm32.11.3.rel1.win32_1.1.100.202309141235/tools/bin/../lib/gcc/arm-none-eabi/11.3.1/../../../../arm-none-eabi/lib/thumb/v7-m/nofp\libc_nano.a(libc_a-printf.o)
                0x000000000800b044                iprintf
                0x000000000800b044                printf
 .text._puts_r  0x000000000800b068       0xa8 C:/ST/STM32CubeIDE_1.13.2/STM32CubeIDE/plugins/com.st.stm32cube.ide.mcu.externaltools.gnu-tools-for-stm32.11.3.rel1.win32_1.1.100.202309141235/tools/bin/../lib/gcc/arm-none-eabi/11.3.1/../../../../arm-none-eabi/lib/thumb/v7-m/nofp\libc_nano.a(libc_a-puts.o)
                0x000000000800b068                _puts_r
 .text.puts     0x000000000800b110       0x10 C:/ST/STM32CubeIDE_1.13.2/STM32CubeIDE/plugins/com.st.stm32cube.ide.mcu.externaltools.gnu-tools-for-stm32.11.3.rel1.win32_1.1.100.202309141235/tools/bin/../lib/gcc/arm-none-eabi/11.3.1/../../../../arm-none-eabi/lib/thumb/v7-m/nofp\libc_nano.a(libc_a-puts.o)
                0x000000000800b110                puts
 .text.snprintf
                0x000000000800b120       0x68 C:/ST/STM32CubeIDE_1.13.2/STM32CubeIDE/plugins/com.st.stm32cube.ide.mcu.externaltools.gnu-tools-for-stm32.11.3.rel1.win32_1.1.100.202309141235/tools/bin/../lib/gcc/arm-none-eabi/11.3.1/../../../../arm-none-eabi/lib/thumb/v7-m/nofp\libc_nano.a(libc_a-snprintf.o)
                0x000000000800b120                sniprintf
                0x000000000800b120                snprintf
 .text.__sread  0x000000000800b188       0x22 C:/ST/STM32CubeIDE_1.13.2/STM32CubeIDE/plugins/com.st.stm32cube.ide.mcu.externaltools.gnu-tools-for-stm32.11.3.rel1.win32_1.1.100.202309141235/tools/bin/../lib/gcc/arm-none-eabi/11.3.1/../../../../arm-none-eabi/lib/thumb/v7-m/nofp\libc_nano.a(libc_a-stdio.o)
                0x000000000800b188                __sread
 .text.__swrite
                0x000000000800b1aa       0x38 C:/ST/STM32CubeIDE_1.13.2/STM32CubeIDE/plugins/com.st.stm32cube.ide.mcu.externaltools.gnu-tools-for-stm32.11.3.rel1.win32_1.1.100.202309141235/tools/bin/../lib/gcc/arm-none-eabi/11.3.1/../../../../arm-none-eabi/lib/thumb/v7-m/nofp\libc_nano.a(libc_a-stdio.o)
                0x000000000800b1aa                __swrite
 .text.__sseek  0x000000000800b1e2       0x24 C:/ST/STM32CubeIDE_1.13.2/STM32CubeIDE/plugins/com.st.stm32cube.ide.mcu.externaltools.gnu-tools-for-stm32.11.3.rel1.win32_1.1.100.202309141235/tools/bin/../lib/gcc/arm-none-eabi/11.3.1/../../../../arm-none-eabi/lib/thumb/v7-m/nofp\libc_nano.a(libc_a-stdio.o)
                0x000000000800b1e2                __sseek
 .text.__sclose
                0x000000000800b206        0x8 C:/ST/STM32CubeIDE_1.13.2/STM32CubeIDE/plugins/com.st.stm32cube.ide.mcu.externaltools.gnu-tools-for-stm32.11.3.rel1.win32_1.1.100.202309141235/tools/bin/../lib/gcc/arm-none-eabi/11.3.1/../../../../arm-none-eabi/lib/thumb/v7-m/nofp\libc_nano.a(libc_a-stdio.o)
                0x000000000800b206                __sclose
 .text.__swbuf_r
                0x000000000800b20e       0x7a C:/ST/STM32CubeIDE_1.13.2/STM32CubeIDE/plugins/com.st.stm32cube.ide.mcu.externaltools.gnu-tools-for-stm32.11.3.rel1.win32_1.1.100.202309141235/tools/bin/../lib/gcc/arm-none-eabi/11.3.1/../../../../arm-none-eabi/lib/thumb/v7-m/nofp\libc_nano.a(libc_a-wbuf.o)
                0x000000000800b20e                __swbuf_r
 .text.__swsetup_r
                0x000000000800b288       0xb0 C:/ST/STM32CubeIDE_1.13.2/STM32CubeIDE/plugins/com.st.stm32cube.ide.mcu.externaltools.gnu-tools-for-stm32.11.3.rel1.win32_1.1.100.202309141235/tools/bin/../lib/gcc/arm-none-eabi/11.3.1/../../../../arm-none-eabi/lib/thumb/v7-m/nofp\libc_nano.a(libc_a-wsetup.o)
                0x000000000800b288                __swsetup_r
 .text.memset   0x000000000800b338       0x10 C:/ST/STM32CubeIDE_1.13.2/STM32CubeIDE/plugins/com.st.stm32cube.ide.mcu.externaltools.gnu-tools-for-stm32.11.3.rel1.win32_1.1.100.202309141235/tools/bin/../lib/gcc/arm-none-eabi/11.3.1/../../../../arm-none-eabi/lib/thumb/v7-m/nofp\libc_nano.a(libc_a-memset.o)
                0x000000000800b338                memset
 .text.strstr   0x000000000800b348       0x2c C:/ST/STM32CubeIDE_1.13.2/STM32CubeIDE/plugins/com.st.stm32cube.ide.mcu.externaltools.gnu-tools-for-stm32.11.3.rel1.win32_1.1.100.202309141235/tools/bin/../lib/gcc/arm-none-eabi/11.3.1/../../../../arm-none-eabi/lib/thumb/v7-m/nofp\libc_nano.a(libc_a-strstr.o)
                0x000000000800b348                strstr
 .text._close_r
                0x000000000800b374       0x20 C:/ST/STM32CubeIDE_1.13.2/STM32CubeIDE/plugins/com.st.stm32cube.ide.mcu.externaltools.gnu-tools-for-stm32.11.3.rel1.win32_1.1.100.202309141235/tools/bin/../lib/gcc/arm-none-eabi/11.3.1/../../../../arm-none-eabi/lib/thumb/v7-m/nofp\libc_nano.a(libc_a-closer.o)
                0x000000000800b374                _close_r
 .text._reclaim_reent
                0x000000000800b394       0xac C:/ST/STM32CubeIDE_1.13.2/STM32CubeIDE/plugins/com.st.stm32cube.ide.mcu.externaltools.gnu-tools-for-stm32.11.3.rel1.win32_1.1.100.202309141235/tools/bin/../lib/gcc/arm-none-eabi/11.3.1/../../../../arm-none-eabi/lib/thumb/v7-m/nofp\libc_nano.a(libc_a-reent.o)
                0x000000000800b394                _reclaim_reent
 .text._lseek_r
                0x000000000800b440       0x24 C:/ST/STM32CubeIDE_1.13.2/STM32CubeIDE/plugins/com.st.stm32cube.ide.mcu.externaltools.gnu-tools-for-stm32.11.3.rel1.win32_1.1.100.202309141235/tools/bin/../lib/gcc/arm-none-eabi/11.3.1/../../../../arm-none-eabi/lib/thumb/v7-m/nofp\libc_nano.a(libc_a-lseekr.o)
                0x000000000800b440                _lseek_r
 .text._read_r  0x000000000800b464       0x24 C:/ST/STM32CubeIDE_1.13.2/STM32CubeIDE/plugins/com.st.stm32cube.ide.mcu.externaltools.gnu-tools-for-stm32.11.3.rel1.win32_1.1.100.202309141235/tools/bin/../lib/gcc/arm-none-eabi/11.3.1/../../../../arm-none-eabi/lib/thumb/v7-m/nofp\libc_nano.a(libc_a-readr.o)
                0x000000000800b464                _read_r
 .text._sbrk_r  0x000000000800b488       0x20 C:/ST/STM32CubeIDE_1.13.2/STM32CubeIDE/plugins/com.st.stm32cube.ide.mcu.externaltools.gnu-tools-for-stm32.11.3.rel1.win32_1.1.100.202309141235/tools/bin/../lib/gcc/arm-none-eabi/11.3.1/../../../../arm-none-eabi/lib/thumb/v7-m/nofp\libc_nano.a(libc_a-sbrkr.o)
                0x000000000800b488                _sbrk_r
 .text._write_r
                0x000000000800b4a8       0x24 C:/ST/STM32CubeIDE_1.13.2/STM32CubeIDE/plugins/com.st.stm32cube.ide.mcu.externaltools.gnu-tools-for-stm32.11.3.rel1.win32_1.1.100.202309141235/tools/bin/../lib/gcc/arm-none-eabi/11.3.1/../../../../arm-none-eabi/lib/thumb/v7-m/nofp\libc_nano.a(libc_a-writer.o)
                0x000000000800b4a8                _write_r
 .text.__errno  0x000000000800b4cc        0xc C:/ST/STM32CubeIDE_1.13.2/STM32CubeIDE/plugins/com.st.stm32cube.ide.mcu.externaltools.gnu-tools-for-stm32.11.3.rel1.win32_1.1.100.202309141235/tools/bin/../lib/gcc/arm-none-eabi/11.3.1/../../../../arm-none-eabi/lib/thumb/v7-m/nofp\libc_nano.a(libc_a-errno.o)
                0x000000000800b4cc                __errno
 .text.__libc_init_array
                0x000000000800b4d8       0x48 C:/ST/STM32CubeIDE_1.13.2/STM32CubeIDE/plugins/com.st.stm32cube.ide.mcu.externaltools.gnu-tools-for-stm32.11.3.rel1.win32_1.1.100.202309141235/tools/bin/../lib/gcc/arm-none-eabi/11.3.1/../../../../arm-none-eabi/lib/thumb/v7-m/nofp\libc_nano.a(libc_a-init.o)
                0x000000000800b4d8                __libc_init_array
 .text.__retarget_lock_init_recursive
                0x000000000800b520        0x2 C:/ST/STM32CubeIDE_1.13.2/STM32CubeIDE/plugins/com.st.stm32cube.ide.mcu.externaltools.gnu-tools-for-stm32.11.3.rel1.win32_1.1.100.202309141235/tools/bin/../lib/gcc/arm-none-eabi/11.3.1/../../../../arm-none-eabi/lib/thumb/v7-m/nofp\libc_nano.a(libc_a-lock.o)
                0x000000000800b520                __retarget_lock_init_recursive
 .text.__retarget_lock_acquire_recursive
                0x000000000800b522        0x2 C:/ST/STM32CubeIDE_1.13.2/STM32CubeIDE/plugins/com.st.stm32cube.ide.mcu.externaltools.gnu-tools-for-stm32.11.3.rel1.win32_1.1.100.202309141235/tools/bin/../lib/gcc/arm-none-eabi/11.3.1/../../../../arm-none-eabi/lib/thumb/v7-m/nofp\libc_nano.a(libc_a-lock.o)
                0x000000000800b522                __retarget_lock_acquire_recursive
 .text.__retarget_lock_release_recursive
                0x000000000800b524        0x2 C:/ST/STM32CubeIDE_1.13.2/STM32CubeIDE/plugins/com.st.stm32cube.ide.mcu.externaltools.gnu-tools-for-stm32.11.3.rel1.win32_1.1.100.202309141235/tools/bin/../lib/gcc/arm-none-eabi/11.3.1/../../../../arm-none-eabi/lib/thumb/v7-m/nofp\libc_nano.a(libc_a-lock.o)
                0x000000000800b524                __retarget_lock_release_recursive
 .text.strcpy   0x000000000800b526       0x10 C:/ST/STM32CubeIDE_1.13.2/STM32CubeIDE/plugins/com.st.stm32cube.ide.mcu.externaltools.gnu-tools-for-stm32.11.3.rel1.win32_1.1.100.202309141235/tools/bin/../lib/gcc/arm-none-eabi/11.3.1/../../../../arm-none-eabi/lib/thumb/v7-m/nofp\libc_nano.a(libc_a-strcpy.o)
                0x000000000800b526                strcpy
 .text.memcpy   0x000000000800b536       0x1c C:/ST/STM32CubeIDE_1.13.2/STM32CubeIDE/plugins/com.st.stm32cube.ide.mcu.externaltools.gnu-tools-for-stm32.11.3.rel1.win32_1.1.100.202309141235/tools/bin/../lib/gcc/arm-none-eabi/11.3.1/../../../../arm-none-eabi/lib/thumb/v7-m/nofp\libc_nano.a(libc_a-memcpy-stub.o)
                0x000000000800b536                memcpy
 *fill*         0x000000000800b552        0x2 
 .text._free_r  0x000000000800b554       0x90 C:/ST/STM32CubeIDE_1.13.2/STM32CubeIDE/plugins/com.st.stm32cube.ide.mcu.externaltools.gnu-tools-for-stm32.11.3.rel1.win32_1.1.100.202309141235/tools/bin/../lib/gcc/arm-none-eabi/11.3.1/../../../../arm-none-eabi/lib/thumb/v7-m/nofp\libc_nano.a(libc_a-freer.o)
                0x000000000800b554                _free_r
 .text.__ssputs_r
                0x000000000800b5e4       0xb4 C:/ST/STM32CubeIDE_1.13.2/STM32CubeIDE/plugins/com.st.stm32cube.ide.mcu.externaltools.gnu-tools-for-stm32.11.3.rel1.win32_1.1.100.202309141235/tools/bin/../lib/gcc/arm-none-eabi/11.3.1/../../../../arm-none-eabi/lib/thumb/v7-m/nofp\libc_nano.a(libc_a-nano-svfprintf.o)
                0x000000000800b5e4                __ssputs_r
 .text._svfprintf_r
                0x000000000800b698      0x1fc C:/ST/STM32CubeIDE_1.13.2/STM32CubeIDE/plugins/com.st.stm32cube.ide.mcu.externaltools.gnu-tools-for-stm32.11.3.rel1.win32_1.1.100.202309141235/tools/bin/../lib/gcc/arm-none-eabi/11.3.1/../../../../arm-none-eabi/lib/thumb/v7-m/nofp\libc_nano.a(libc_a-nano-svfprintf.o)
                0x000000000800b698                _svfiprintf_r
                0x000000000800b698                _svfprintf_r
 .text.__sfputc_r
                0x000000000800b894       0x2a C:/ST/STM32CubeIDE_1.13.2/STM32CubeIDE/plugins/com.st.stm32cube.ide.mcu.externaltools.gnu-tools-for-stm32.11.3.rel1.win32_1.1.100.202309141235/tools/bin/../lib/gcc/arm-none-eabi/11.3.1/../../../../arm-none-eabi/lib/thumb/v7-m/nofp\libc_nano.a(libc_a-nano-vfprintf.o)
 .text.__sfputs_r
                0x000000000800b8be       0x24 C:/ST/STM32CubeIDE_1.13.2/STM32CubeIDE/plugins/com.st.stm32cube.ide.mcu.externaltools.gnu-tools-for-stm32.11.3.rel1.win32_1.1.100.202309141235/tools/bin/../lib/gcc/arm-none-eabi/11.3.1/../../../../arm-none-eabi/lib/thumb/v7-m/nofp\libc_nano.a(libc_a-nano-vfprintf.o)
                0x000000000800b8be                __sfputs_r
 *fill*         0x000000000800b8e2        0x2 
 .text._vfprintf_r
                0x000000000800b8e4      0x234 C:/ST/STM32CubeIDE_1.13.2/STM32CubeIDE/plugins/com.st.stm32cube.ide.mcu.externaltools.gnu-tools-for-stm32.11.3.rel1.win32_1.1.100.202309141235/tools/bin/../lib/gcc/arm-none-eabi/11.3.1/../../../../arm-none-eabi/lib/thumb/v7-m/nofp\libc_nano.a(libc_a-nano-vfprintf.o)
                0x000000000800b8e4                _vfprintf_r
                0x000000000800b8e4                _vfiprintf_r
 .text._printf_common