Archive member included to satisfy reference by file (symbol)

C:/ST/STM32CubeIDE_1.13.2/STM32CubeIDE/plugins/com.st.stm32cube.ide.mcu.externaltools.gnu-tools-for-stm32.11.3.rel1.win32_1.1.1.202309131626/tools/bin/../lib/gcc/arm-none-eabi/11.3.1/../../../../arm-none-eabi/lib/thumb/v7-m/nofp\libc_nano.a(libc_a-exit.o)
                              C:/ST/STM32CubeIDE_1.13.2/STM32CubeIDE/plugins/com.st.stm32cube.ide.mcu.externaltools.gnu-tools-for-stm32.11.3.rel1.win32_1.1.1.202309131626/tools/bin/../lib/gcc/arm-none-eabi/11.3.1/../../../../arm-none-eabi/lib/thumb/v7-m/nofp/crt0.o (exit)
C:/ST/STM32CubeIDE_1.13.2/STM32CubeIDE/plugins/com.st.stm32cube.ide.mcu.externaltools.gnu-tools-for-stm32.11.3.rel1.win32_1.1.1.202309131626/tools/bin/../lib/gcc/arm-none-eabi/11.3.1/../../../../arm-none-eabi/lib/thumb/v7-m/nofp\libc_nano.a(libc_a-malloc.o)
                              ./Core/Src/Bluetooth.o (malloc)
C:/ST/STM32CubeIDE_1.13.2/STM32CubeIDE/plugins/com.st.stm32cube.ide.mcu.externaltools.gnu-tools-for-stm32.11.3.rel1.win32_1.1.1.202309131626/tools/bin/../lib/gcc/arm-none-eabi/11.3.1/../../../../arm-none-eabi/lib/thumb/v7-m/nofp\libc_nano.a(libc_a-mallocr.o)
                              C:/ST/STM32CubeIDE_1.13.2/STM32CubeIDE/plugins/com.st.stm32cube.ide.mcu.externaltools.gnu-tools-for-stm32.11.3.rel1.win32_1.1.1.202309131626/tools/bin/../lib/gcc/arm-none-eabi/11.3.1/../../../../arm-none-eabi/lib/thumb/v7-m/nofp\libc_nano.a(libc_a-malloc.o) (_malloc_r)
C:/ST/STM32CubeIDE_1.13.2/STM32CubeIDE/plugins/com.st.stm32cube.ide.mcu.externaltools.gnu-tools-for-stm32.11.3.rel1.win32_1.1.1.202309131626/tools/bin/../lib/gcc/arm-none-eabi/11.3.1/../../../../arm-none-eabi/lib/thumb/v7-m/nofp\libc_nano.a(libc_a-mlock.o)
                              C:/ST/STM32CubeIDE_1.13.2/STM32CubeIDE/plugins/com.st.stm32cube.ide.mcu.externaltools.gnu-tools-for-stm32.11.3.rel1.win32_1.1.1.202309131626/tools/bin/../lib/gcc/arm-none-eabi/11.3.1/../../../../arm-none-eabi/lib/thumb/v7-m/nofp\libc_nano.a(libc_a-mallocr.o) (__malloc_lock)
C:/ST/STM32CubeIDE_1.13.2/STM32CubeIDE/plugins/com.st.stm32cube.ide.mcu.externaltools.gnu-tools-for-stm32.11.3.rel1.win32_1.1.1.202309131626/tools/bin/../lib/gcc/arm-none-eabi/11.3.1/../../../../arm-none-eabi/lib/thumb/v7-m/nofp\libc_nano.a(libc_a-findfp.o)
                              ./Middlewares/Third_Party/FreeRTOS/Source/tasks.o (__sf)
C:/ST/STM32CubeIDE_1.13.2/STM32CubeIDE/plugins/com.st.stm32cube.ide.mcu.externaltools.gnu-tools-for-stm32.11.3.rel1.win32_1.1.1.202309131626/tools/bin/../lib/gcc/arm-none-eabi/11.3.1/../../../../arm-none-eabi/lib/thumb/v7-m/nofp\libc_nano.a(libc_a-fwalk.o)
                              C:/ST/STM32CubeIDE_1.13.2/STM32CubeIDE/plugins/com.st.stm32cube.ide.mcu.externaltools.gnu-tools-for-stm32.11.3.rel1.win32_1.1.1.202309131626/tools/bin/../lib/gcc/arm-none-eabi/11.3.1/../../../../arm-none-eabi/lib/thumb/v7-m/nofp\libc_nano.a(libc_a-findfp.o) (_fwalk_sglue)
C:/ST/STM32CubeIDE_1.13.2/STM32CubeIDE/plugins/com.st.stm32cube.ide.mcu.externaltools.gnu-tools-for-stm32.11.3.rel1.win32_1.1.1.202309131626/tools/bin/../lib/gcc/arm-none-eabi/11.3.1/../../../../arm-none-eabi/lib/thumb/v7-m/nofp\libc_nano.a(libc_a-snprintf.o)
                              ./Core/Src/Bluetooth.o (snprintf)
C:/ST/STM32CubeIDE_1.13.2/STM32CubeIDE/plugins/com.st.stm32cube.ide.mcu.externaltools.gnu-tools-for-stm32.11.3.rel1.win32_1.1.1.202309131626/tools/bin/../lib/gcc/arm-none-eabi/11.3.1/../../../../arm-none-eabi/lib/thumb/v7-m/nofp\libc_nano.a(libc_a-sprintf.o)
                              ./Core/Src/Bluetooth.o (sprintf)
C:/ST/STM32CubeIDE_1.13.2/STM32CubeIDE/plugins/com.st.stm32cube.ide.mcu.externaltools.gnu-tools-for-stm32.11.3.rel1.win32_1.1.1.202309131626/tools/bin/../lib/gcc/arm-none-eabi/11.3.1/../../../../arm-none-eabi/lib/thumb/v7-m/nofp\libc_nano.a(libc_a-stdio.o)
                              C:/ST/STM32CubeIDE_1.13.2/STM32CubeIDE/plugins/com.st.stm32cube.ide.mcu.externaltools.gnu-tools-for-stm32.11.3.rel1.win32_1.1.1.202309131626/tools/bin/../lib/gcc/arm-none-eabi/11.3.1/../../../../arm-none-eabi/lib/thumb/v7-m/nofp\libc_nano.a(libc_a-findfp.o) (__sread)
C:/ST/STM32CubeIDE_1.13.2/STM32CubeIDE/plugins/com.st.stm32cube.ide.mcu.externaltools.gnu-tools-for-stm32.11.3.rel1.win32_1.1.1.202309131626/tools/bin/../lib/gcc/arm-none-eabi/11.3.1/../../../../arm-none-eabi/lib/thumb/v7-m/nofp\libc_nano.a(libc_a-memset.o)
                              C:/ST/STM32CubeIDE_1.13.2/STM32CubeIDE/plugins/com.st.stm32cube.ide.mcu.externaltools.gnu-tools-for-stm32.11.3.rel1.win32_1.1.1.202309131626/tools/bin/../lib/gcc/arm-none-eabi/11.3.1/../../../../arm-none-eabi/lib/thumb/v7-m/nofp/crt0.o (memset)
C:/ST/STM32CubeIDE_1.13.2/STM32CubeIDE/plugins/com.st.stm32cube.ide.mcu.externaltools.gnu-tools-for-stm32.11.3.rel1.win32_1.1.1.202309131626/tools/bin/../lib/gcc/arm-none-eabi/11.3.1/../../../../arm-none-eabi/lib/thumb/v7-m/nofp\libc_nano.a(libc_a-strstr.o)
                              ./Core/Src/Bluetooth.o (strstr)
[...]
Memory Configuration

Name             Origin             Length             Attributes
RAM              0x0000000020000000 0x0000000000005000 xrw
FLASH            0x0000000008000000 0x0000000000010000 xr
*default*        0x0000000000000000 0xffffffffffffffff

Linker script and memory map

LOAD C:/ST/STM32CubeIDE_1.13.2/STM32CubeIDE/plugins/com.st.stm32cube.ide.mcu.externaltools.gnu-tools-for-stm32.11.3.rel1.win32_1.1.1.202309131626/tools/bin/../lib/gcc/arm-none-eabi/11.3.1/thumb/v7-m/nofp/crti.o
LOAD C:/ST/STM32CubeIDE_1.13.2/STM32CubeIDE/plugins/com.st.stm32cube.ide.mcu.externaltools.gnu-tools-for-stm32.11.3.rel1.win32_1.1.1.202309131626/tools/bin/../lib/gcc/arm-none-eabi/11.3.1/thumb/v7-m/nofp/crtbegin.o
LOAD C:/ST/STM32CubeIDE_1.13.2/STM32CubeIDE/plugins/com.st.stm32cube.ide.mcu.externaltools.gnu-tools-for-stm32.11.3.rel1.win32_1.1.1.202309131626/tools/bin/../lib/gcc/arm-none-eabi/11.3.1/../../../../arm-none-eabi/lib/thumb/v7-m/nofp/crt0.o
LOAD ./Core/Src/Bluetooth.o
LOAD ./Core/Src/Eeprom.o
LOAD ./Core/Src/freertos.o
LOAD ./Core/Src/main.o
LOAD ./Core/Src/pid.o
LOAD ./Core/Src/stm32f1xx_hal_msp.o
LOAD ./Core/Src/stm32f1xx_hal_timebase_tim.o
LOAD ./Core/Src/stm32f1xx_it.o
LOAD ./Core/Src/syscalls.o
LOAD ./Core/Src/sysmem.o
LOAD ./Core/Src/system_stm32f1xx.o
LOAD ./Core/Startup/startup_stm32f103c8tx.o
LOAD ./Core/Tasks/Src/TaskBluetooth.o
LOAD ./Core/Tasks/Src/TaskBuzzer.o
LOAD ./Core/Tasks/Src/TaskEeprom.o
LOAD ./Core/Tasks/Src/TaskTemperatura.o
LOAD ./Core/Tasks/Src/TaskTimer.o
LOAD ./Drivers/STM32F1xx_HAL_Driver/Src/stm32f1xx_hal.o
LOAD ./Drivers/STM32F1xx_HAL_Driver/Src/stm32f1xx_hal_adc.o
LOAD ./Drivers/STM32F1xx_HAL_Driver/Src/stm32f1xx_hal_adc_ex.o
LOAD ./Drivers/STM32F1xx_HAL_Driver/Src/stm32f1xx_hal_cortex.o
LOAD ./Drivers/STM32F1xx_HAL_Driver/Src/stm32f1xx_hal_dma.o
LOAD ./Drivers/STM32F1xx_HAL_Driver/Src/stm32f1xx_hal_exti.o
LOAD ./Drivers/STM32F1xx_HAL_Driver/Src/stm32f1xx_hal_flash.o
LOAD ./Drivers/STM32F1xx_HAL_Driver/Src/stm32f1xx_hal_flash_ex.o
LOAD ./Drivers/STM32F1xx_HAL_Driver/Src/stm32f1xx_hal_gpio.o
LOAD ./Drivers/STM32F1xx_HAL_Driver/Src/stm32f1xx_hal_gpio_ex.o
LOAD ./Drivers/STM32F1xx_HAL_Driver/Src/stm32f1xx_hal_i2c.o
LOAD ./Drivers/STM32F1xx_HAL_Driver/Src/stm32f1xx_hal_pwr.o
LOAD ./Drivers/STM32F1xx_HAL_Driver/Src/stm32f1xx_hal_rcc.o
LOAD ./Drivers/STM32F1xx_HAL_Driver/Src/stm32f1xx_hal_rcc_ex.o
LOAD ./Drivers/STM32F1xx_HAL_Driver/Src/stm32f1xx_hal_rtc.o
LOAD ./Drivers/STM32F1xx_HAL_Driver/Src/stm32f1xx_hal_rtc_ex.o
LOAD ./Drivers/STM32F1xx_HAL_Driver/Src/stm32f1xx_hal_tim.o
LOAD ./Drivers/STM32F1xx_HAL_Driver/Src/stm32f1xx_hal_tim_ex.o
LOAD ./Drivers/STM32F1xx_HAL_Driver/Src/stm32f1xx_hal_uart.o
LOAD ./Middlewares/Third_Party/FreeRTOS/Source/CMSIS_RTOS/cmsis_os.o
LOAD ./Middlewares/Third_Party/FreeRTOS/Source/croutine.o
LOAD ./Middlewares/Third_Party/FreeRTOS/Source/event_groups.o
LOAD ./Middlewares/Third_Party/FreeRTOS/Source/list.o
LOAD ./Middlewares/Third_Party/FreeRTOS/Source/queue.o
LOAD ./Middlewares/Third_Party/FreeRTOS/Source/stream_buffer.o
LOAD ./Middlewares/Third_Party/FreeRTOS/Source/tasks.o
LOAD ./Middlewares/Third_Party/FreeRTOS/Source/timers.o
LOAD ./Middlewares/Third_Party/FreeRTOS/Source/portable/GCC/ARM_CM3/port.o
LOAD ./Middlewares/Third_Party/FreeRTOS/Source/portable/MemMang/heap_4.o
START GROUP
LOAD C:/ST/STM32CubeIDE_1.13.2/STM32CubeIDE/plugins/com.st.stm32cube.ide.mcu.externaltools.gnu-tools-for-stm32.11.3.rel1.win32_1.1.1.202309131626/tools/bin/../lib/gcc/arm-none-eabi/11.3.1/../../../../arm-none-eabi/lib/thumb/v7-m/nofp\libc_nano.a
LOAD C:/ST/STM32CubeIDE_1.13.2/STM32CubeIDE/plugins/com.st.stm32cube.ide.mcu.externaltools.gnu-tools-for-stm32.11.3.rel1.win32_1.1.1.202309131626/tools/bin/../lib/gcc/arm-none-eabi/11.3.1/../../../../arm-none-eabi/lib/thumb/v7-m/nofp\libm.a
END GROUP
START GROUP
LOAD C:/ST/STM32CubeIDE_1.13.2/STM32CubeIDE/plugins/com.st.stm32cube.ide.mcu.externaltools.gnu-tools-for-stm32.11.3.rel1.win32_1.1.1.202309131626/tools/bin/../lib/gcc/arm-none-eabi/11.3.1/thumb/v7-m/nofp\libgcc.a
LOAD C:/ST/STM32CubeIDE_1.13.2/STM32CubeIDE/plugins/com.st.stm32cube.ide.mcu.externaltools.gnu-tools-for-stm32.11.3.rel1.win32_1.1.1.202309131626/tools/bin/../lib/gcc/arm-none-eabi/11.3.1/../../../../arm-none-eabi/lib/thumb/v7-m/nofp\libc_nano.a
END GROUP
START GROUP
LOAD C:/ST/STM32CubeIDE_1.13.2/STM32CubeIDE/plugins/com.st.stm32cube.ide.mcu.externaltools.gnu-tools-for-stm32.11.3.rel1.win32_1.1.1.202309131626/tools/bin/../lib/gcc/arm-none-eabi/11.3.1/thumb/v7-m/nofp\libgcc.a
LOAD C:/ST/STM32CubeIDE_1.13.2/STM32CubeIDE/plugins/com.st.stm32cube.ide.mcu.externaltools.gnu-tools-for-stm32.11.3.rel1.win32_1.1.1.202309131626/tools/bin/../lib/gcc/arm-none-eabi/11.3.1/../../../../arm-none-eabi/lib/thumb/v7-m/nofp\libc_nano.a
LOAD C:/ST/STM32CubeIDE_1.13.2/STM32CubeIDE/plugins/com.st.stm32cube.ide.mcu.externaltools.gnu-tools-for-stm32.11.3.rel1.win32_1.1.1.202309131626/tools/bin/../lib/gcc/arm-none-eabi/11.3.1/../../../../arm-none-eabi/lib/thumb/v7-m/nofp\libnosys.a
END GROUP
START GROUP
LOAD C:/ST/STM32CubeIDE_1.13.2/STM32CubeIDE/plugins/com.st.stm32cube.ide.mcu.externaltools.gnu-tools-for-stm32.11.3.rel1.win32_1.1.1.202309131626/tools/bin/../lib/gcc/arm-none-eabi/11.3.1/thumb/v7-m/nofp\libgcc.a
LOAD C:/ST/STM32CubeIDE_1.13.2/STM32CubeIDE/plugins/com.st.stm32cube.ide.mcu.externaltools.gnu-tools-for-stm32.11.3.rel1.win32_1.1.1.202309131626/tools/bin/../lib/gcc/arm-none-eabi/11.3.1/../../../../arm-none-eabi/lib/thumb/v7-m/nofp\libc_nano.a
LOAD C:/ST/STM32CubeIDE_1.13.2/STM32CubeIDE/plugins/com.st.stm32cube.ide.mcu.externaltools.gnu-tools-for-stm32.11.3.rel1.win32_1.1.1.202309131626/tools/bin/../lib/gcc/arm-none-eabi/11.3.1/../../../../arm-none-eabi/lib/thumb/v7-m/nofp\libnosys.a
END GROUP
LOAD C:/ST/STM32CubeIDE_1.13.2/STM32CubeIDE/plugins/com.st.stm32cube.ide.mcu.externaltools.gnu-tools-for-stm32.11.3.rel1.win32_1.1.1.202309131626/tools/bin/../lib/gcc/arm-none-eabi/11.3.1/thumb/v7-m/nofp/crtend.o
LOAD C:/ST/STM32CubeIDE_1.13.2/STM32CubeIDE/plugins/com.st.stm32cube.ide.mcu.externaltools.gnu-tools-for-stm32.11.3.rel1.win32_1.1.1.202309131626/tools/bin/../lib/gcc/arm-none-eabi/11.3.1/thumb/v7-m/nofp/crtn.o
                0x0000000020005000                _estack = (ORIGIN (RAM) + LENGTH (RAM))
                0x0000000000000200                _Min_Heap_Size = 0x200
                0x0000000000000400                _Min_Stack_Size = 0x400

.isr_vector     0x0000000008000000      0x10c
                0x0000000008000000                . = ALIGN (0x4)
 *(.isr_vector)
 .isr_vector    0x0000000008000000      0x10c ./Core/Startup/startup_stm32f103c8tx.o
                0x0000000008000000                g_pfnVectors
                0x000000000800010c                . = ALIGN (0x4)

.text           0x0000000008000110     0xe578
                0x0000000008000110                . = ALIGN (0x4)
 *(.text)
 .text          0x0000000008000110       0x40 C:/ST/STM32CubeIDE_1.13.2/STM32CubeIDE/plugins/com.st.stm32cube.ide.mcu.externaltools.gnu-tools-for-stm32.11.3.rel1.win32_1.1.1.202309131626/tools/bin/../lib/gcc/arm-none-eabi/11.3.1/thumb/v7-m/nofp/crtbegin.o
 .text          0x0000000008000150       0x10 C:/ST/STM32CubeIDE_1.13.2/STM32CubeIDE/plugins/com.st.stm32cube.ide.mcu.externaltools.gnu-tools-for-stm32.11.3.rel1.win32_1.1.1.202309131626/tools/bin/../lib/gcc/arm-none-eabi/11.3.1/../../../../arm-none-eabi/lib/thumb/v7-m/nofp\libc_nano.a(libc_a-strlen.o)
                0x0000000008000150                strlen
 .text          0x0000000008000160      0x378 C:/ST/STM32CubeIDE_1.13.2/STM32CubeIDE/plugins/com.st.stm32cube.ide.mcu.externaltools.gnu-tools-for-stm32.11.3.rel1.win32_1.1.1.202309131626/tools/bin/../lib/gcc/arm-none-eabi/11.3.1/thumb/v7-m/nofp\libgcc.a(_arm_addsubdf3.o)
                0x0000000008000160                __aeabi_drsub
                0x0000000008000168                __aeabi_dsub
                0x0000000008000168                __subdf3
                0x000000000800016c                __aeabi_dadd
                0x000000000800016c                __adddf3
                0x00000000080003e4                __floatunsidf
                0x00000000080003e4                __aeabi_ui2d
                0x0000000008000404                __floatsidf
                0x0000000008000404                __aeabi_i2d
                0x0000000008000428                __aeabi_f2d
                0x0000000008000428                __extendsfdf2
                0x000000000800046c                __floatundidf
                0x000000000800046c                __aeabi_ul2d
                0x000000000800047c                __floatdidf
                0x000000000800047c                __aeabi_l2d
 .text          0x00000000080004d8      0x424 C:/ST/STM32CubeIDE_1.13.2/STM32CubeIDE/plugins/com.st.stm32cube.ide.mcu.externaltools.gnu-tools-for-stm32.11.3.rel1.win32_1.1.1.202309131626/tools/bin/../lib/gcc/arm-none-eabi/11.3.1/thumb/v7-m/nofp\libgcc.a(_arm_muldivdf3.o)
                0x00000000080004d8                __aeabi_dmul
                0x00000000080004d8                __muldf3
                0x000000000800072c                __divdf3
                0x000000000800072c                __aeabi_ddiv
 .text          0x00000000080008fc      0x110 C:/ST/STM32CubeIDE_1.13.2/STM32CubeIDE/plugins/com.st.stm32cube.ide.mcu.externaltools.gnu-tools-for-stm32.11.3.rel1.win32_1.1.1.202309131626/tools/bin/../lib/gcc/arm-none-eabi/11.3.1/thumb/v7-m/nofp\libgcc.a(_arm_cmpdf2.o)
                0x00000000080008fc                __gtdf2
                0x00000000080008fc                __gedf2
                0x0000000008000904                __ltdf2
                0x0000000008000904                __ledf2
                0x000000000800090c                __nedf2
                0x000000000800090c                __eqdf2
                0x000000000800090c                __cmpdf2
                0x0000000008000988                __aeabi_cdrcmple
                0x0000000008000998                __aeabi_cdcmpeq
                0x0000000008000998                __aeabi_cdcmple
                0x00000000080009a8                __aeabi_dcmpeq
                0x00000000080009bc                __aeabi_dcmplt
                0x00000000080009d0                __aeabi_dcmple
                0x00000000080009e4                __aeabi_dcmpge
                0x00000000080009f8                __aeabi_dcmpgt
 .text          0x0000000008000a0c       0x40 C:/ST/STM32CubeIDE_1.13.2/STM32CubeIDE/plugins/com.st.stm32cube.ide.mcu.externaltools.gnu-tools-for-stm32.11.3.rel1.win32_1.1.1.202309131626/tools/bin/../lib/gcc/arm-none-eabi/11.3.1/thumb/v7-m/nofp\libgcc.a(_arm_fixunsdfsi.o)
                0x0000000008000a0c                __aeabi_d2uiz
                0x0000000008000a0c                __fixunsdfsi
 .text          0x0000000008000a4c       0xa0 C:/ST/STM32CubeIDE_1.13.2/STM32CubeIDE/plugins/com.st.stm32cube.ide.mcu.externaltools.gnu-tools-for-stm32.11.3.rel1.win32_1.1.1.202309131626/tools/bin/../lib/gcc/arm-none-eabi/11.3.1/thumb/v7-m/nofp\libgcc.a(_arm_truncdfsf2.o)
                0x0000000008000a4c                __truncdfsf2
                0x0000000008000a4c                __aeabi_d2f
 .text          0x0000000008000aec      0x21c C:/ST/STM32CubeIDE_1.13.2/STM32CubeIDE/plugins/com.st.stm32cube.ide.mcu.externaltools.gnu-tools-for-stm32.11.3.rel1.win32_1.1.1.202309131626/tools/bin/../lib/gcc/arm-none-eabi/11.3.1/thumb/v7-m/nofp\libgcc.a(_arm_addsubsf3.o)
                0x0000000008000aec                __aeabi_frsub
                0x0000000008000af4                __subsf3
                0x0000000008000af4                __aeabi_fsub
                0x0000000008000af8                __aeabi_fadd
                0x0000000008000af8                __addsf3
                0x0000000008000c58                __aeabi_ui2f
                0x0000000008000c58                __floatunsisf
                0x0000000008000c60                __aeabi_i2f
                0x0000000008000c60                __floatsisf
                0x0000000008000c7c                __aeabi_ul2f
                0x0000000008000c7c                __floatundisf
                0x0000000008000c8c                __aeabi_l2f
                0x0000000008000c8c                __floatdisf
 .text          0x0000000008000d08      0x2a0 C:/ST/STM32CubeIDE_1.13.2/STM32CubeIDE/plugins/com.st.stm32cube.ide.mcu.externaltools.gnu-tools-for-stm32.11.3.rel1.win32_1.1.1.202309131626/tools/bin/../lib/gcc/arm-none-eabi/11.3.1/thumb/v7-m/nofp\libgcc.a(_arm_muldivsf3.o)
                0x0000000008000d08                __mulsf3
                0x0000000008000d08                __aeabi_fmul
                0x0000000008000e70                __aeabi_fdiv
                0x0000000008000e70                __divsf3
 *(.text*)
 .text.BluetoothInit
                0x0000000008000fa8       0x5c ./Core/Src/Bluetooth.o
                0x0000000008000fa8                BluetoothInit
 .text.BluetoothAddComp
                0x0000000008001004       0x6a ./Core/Src/Bluetooth.o
                0x0000000008001004                BluetoothAddComp
 *fill*         0x000000000800106e        0x2 
 .text.BluetoothPutFila
                0x0000000008001070       0xfc ./Core/Src/Bluetooth.o
                0x0000000008001070                BluetoothPutFila
 .text.BLEUSART_IrqHandler
                0x000000000800116c       0x80 ./Core/Src/Bluetooth.o
                0x000000000800116c                BLEUSART_IrqHandler
 .text.BLEDMA_IrqHandler
                0x00000000080011ec      0x2f8 ./Core/Src/Bluetooth.o
                0x00000000080011ec                BLEDMA_IrqHandler
 .text.BluetoothEnviaComando
                0x00000000080014e4       0xd0 ./Core/Src/Bluetooth.o
                0x00000000080014e4                BluetoothEnviaComando
 .text.Envia_bytes_UART
                0x00000000080015b4       0x28 ./Core/Src/Bluetooth.o
                0x00000000080015b4                Envia_bytes_UART
 .text.Envia_texto_UART
                0x00000000080015dc       0x40 ./Core/Src/Bluetooth.o
                0x00000000080015dc                Envia_texto_UART
 .text.CRC16    0x000000000800161c       0x6c ./Core/Src/Bluetooth.o
                0x000000000800161c                CRC16
 .text.iniciaBleHm10
                0x0000000008001688      0x424 ./Core/Src/Bluetooth.o
                0x0000000008001688                iniciaBleHm10
 .text.BluetoothErroCRC
                0x0000000008001aac       0x24 ./Core/Src/Bluetooth.o
                0x0000000008001aac                BluetoothErroCRC
 .text.BluetoothDescon
                0x0000000008001ad0       0x54 ./Core/Src/Bluetooth.o
                0x0000000008001ad0                BluetoothDescon
 .text.bluetooth10ms
                0x0000000008001b24       0x56 ./Core/Src/Bluetooth.o
                0x0000000008001b24                bluetooth10ms
 .text.bluetooth1000ms
                0x0000000008001b7a       0x2c ./Core/Src/Bluetooth.o
                0x0000000008001b7a                bluetooth1000ms
 .text.EepromInit
                0x0000000008001ba6       0x2c ./Core/Src/Eeprom.o
                0x0000000008001ba6                EepromInit
 .text.EepromAddVar
                0x0000000008001bd2       0xb4 ./Core/Src/Eeprom.o
                0x0000000008001bd2                EepromAddVar
 *fill*         0x0000000008001c86        0x2 
 .text.EepromSetVar
                0x0000000008001c88      0x270 ./Core/Src/Eeprom.o
                0x0000000008001c88                EepromSetVar
 .text.RestauraPadraoTudo
                0x0000000008001ef8       0x4e ./Core/Src/Eeprom.o
                0x0000000008001ef8                RestauraPadraoTudo
 *fill*         0x0000000008001f46        0x2 
 .text.vApplicationGetIdleTaskMemory
                0x0000000008001f48       0x30 ./Core/Src/freertos.o
                0x0000000008001f48                vApplicationGetIdleTaskMemory
 .text.vApplicationGetTimerTaskMemory
                0x0000000008001f78       0x34 ./Core/Src/freertos.o
                0x0000000008001f78                vApplicationGetTimerTaskMemory
 .text.main     0x0000000008001fac      0x260 ./Core/Src/main.o
                0x0000000008001fac                main
 .text.SystemClock_Config
                0x000000000800220c       0xb8 ./Core/Src/main.o
                0x000000000800220c                SystemClock_Config
 .text.MX_ADC1_Init
                0x00000000080022c4       0xb8 ./Core/Src/main.o
 .text.MX_I2C1_Init
                0x000000000800237c       0x5c ./Core/Src/main.o
 .text.MX_RTC_Init
                0x00000000080023d8       0x94 ./Core/Src/main.o
 .text.MX_TIM2_Init
                0x000000000800246c       0xec ./Core/Src/main.o
 .text.MX_TIM3_Init
                0x0000000008002558      0x130 ./Core/Src/main.o
 .text.MX_USART1_UART_Init
                0x0000000008002688       0x54 ./Core/Src/main.o
 .text.MX_USART3_UART_Init
                0x00000000080026dc       0x54 ./Core/Src/main.o
 .text.MX_DMA_Init
                0x0000000008002730       0x5c ./Core/Src/main.o
 .text.MX_GPIO_Init
                0x000000000800278c      0x10c ./Core/Src/main.o
 .text.desligaForno
                0x0000000008002898       0x44 ./Core/Src/main.o
                0x0000000008002898                desligaForno
 *fill*         0x00000000080028dc        0x4 
 .text.leTempInterna
                0x00000000080028e0       0x84 ./Core/Src/main.o
                0x00000000080028e0                leTempInterna
 *fill*         0x0000000008002964        0x4 
 .text.controleCooler
                0x0000000008002968       0x9c ./Core/Src/main.o
                0x0000000008002968                controleCooler
 .text.HAL_ADC_ConvCpltCallback
                0x0000000008002a04      0x10c ./Core/Src/main.o
                0x0000000008002a04                HAL_ADC_ConvCpltCallback
 .text.CBTimer10ms
                0x0000000008002b10       0x1c ./Core/Src/main.o
                0x0000000008002b10                CBTimer10ms
 .text.CBTimer1000ms
                0x0000000008002b2c       0x38 ./Core/Src/main.o
                0x0000000008002b2c                CBTimer1000ms
 .text.HAL_TIM_PeriodElapsedCallback
                0x0000000008002b64       0x24 ./Core/Src/main.o
                0x0000000008002b64                HAL_TIM_PeriodElapsedCallback
 .text.Error_Handler
                0x0000000008002b88        0xa ./Core/Src/main.o
                0x0000000008002b88                Error_Handler
 .text.PID_Init
                0x0000000008002b92       0x74 ./Core/Src/pid.o
                0x0000000008002b92                PID_Init
 *fill*         0x0000000008002c06        0x2 
 .text.PID      0x0000000008002c08       0x90 ./Core/Src/pid.o
                0x0000000008002c08                PID
 .text.PID_Compute
                0x0000000008002c98      0x1d4 ./Core/Src/pid.o
                0x0000000008002c98                PID_Compute
 .text.PID_SetMode
                0x0000000008002e6c       0x3c ./Core/Src/pid.o
                0x0000000008002e6c                PID_SetMode
 .text.PID_SetOutputLimits
                0x0000000008002ea8       0xd8 ./Core/Src/pid.o
                0x0000000008002ea8                PID_SetOutputLimits
 .text.PID_SetTunings2
                0x0000000008002f80      0x148 ./Core/Src/pid.o
                0x0000000008002f80                PID_SetTunings2
 .text.PID_SetControllerDirection
                0x00000000080030c8       0x80 ./Core/Src/pid.o
                0x00000000080030c8                PID_SetControllerDirection
 .text.PID_SetSampleTime
                0x0000000008003148       0x76 ./Core/Src/pid.o
                0x0000000008003148                PID_SetSampleTime
 *fill*         0x00000000080031be        0x2 
 .text.HAL_MspInit
                0x00000000080031c0       0x70 ./Core/Src/stm32f1xx_hal_msp.o
                0x00000000080031c0                HAL_MspInit
 .text.HAL_ADC_MspInit
                0x0000000008003230       0xd0 ./Core/Src/stm32f1xx_hal_msp.o
                0x0000000008003230                HAL_ADC_MspInit
 .text.HAL_I2C_MspInit
                0x0000000008003300       0xa0 ./Core/Src/stm32f1xx_hal_msp.o
                0x0000000008003300                HAL_I2C_MspInit
 .text.HAL_RTC_MspInit
                0x00000000080033a0       0x48 ./Core/Src/stm32f1xx_hal_msp.o
                0x00000000080033a0                HAL_RTC_MspInit
 .text.HAL_TIM_Base_MspInit
                0x00000000080033e8       0x70 ./Core/Src/stm32f1xx_hal_msp.o
                0x00000000080033e8                HAL_TIM_Base_MspInit
 .text.HAL_TIM_MspPostInit
                0x0000000008003458       0xd4 ./Core/Src/stm32f1xx_hal_msp.o
                0x0000000008003458                HAL_TIM_MspPostInit
 .text.HAL_UART_MspInit
                0x000000000800352c      0x1c8 ./Core/Src/stm32f1xx_hal_msp.o
                0x000000000800352c                HAL_UART_MspInit
 .text.HAL_UART_MspDeInit
                0x00000000080036f4       0x80 ./Core/Src/stm32f1xx_hal_msp.o
                0x00000000080036f4                HAL_UART_MspDeInit
 .text.HAL_InitTick
                0x0000000008003774       0xe4 ./Core/Src/stm32f1xx_hal_timebase_tim.o
                0x0000000008003774                HAL_InitTick
 .text.NMI_Handler
                0x0000000008003858        0x6 ./Core/Src/stm32f1xx_it.o
                0x0000000008003858                NMI_Handler
 .text.HardFault_Handler
                0x000000000800385e        0x6 ./Core/Src/stm32f1xx_it.o
                0x000000000800385e                HardFault_Handler
 .text.MemManage_Handler
                0x0000000008003864        0x6 ./Core/Src/stm32f1xx_it.o
                0x0000000008003864                MemManage_Handler
 .text.BusFault_Handler
                0x000000000800386a        0x6 ./Core/Src/stm32f1xx_it.o
                0x000000000800386a                BusFault_Handler
 .text.UsageFault_Handler
                0x0000000008003870        0x6 ./Core/Src/stm32f1xx_it.o
                0x0000000008003870                UsageFault_Handler
 .text.DebugMon_Handler
                0x0000000008003876        0xc ./Core/Src/stm32f1xx_it.o
                0x0000000008003876                DebugMon_Handler
 *fill*         0x0000000008003882        0x2 
 .text.DMA1_Channel1_IRQHandler
                0x0000000008003884       0x14 ./Core/Src/stm32f1xx_it.o
                0x0000000008003884                DMA1_Channel1_IRQHandler
 .text.DMA1_Channel3_IRQHandler
                0x0000000008003898       0x14 ./Core/Src/stm32f1xx_it.o
                0x0000000008003898                DMA1_Channel3_IRQHandler
 .text.DMA1_Channel5_IRQHandler
                0x00000000080038ac       0x1c ./Core/Src/stm32f1xx_it.o
                0x00000000080038ac                DMA1_Channel5_IRQHandler
 .text.TIM1_UP_IRQHandler
                0x00000000080038c8       0x14 ./Core/Src/stm32f1xx_it.o
                0x00000000080038c8                TIM1_UP_IRQHandler
 .text.TIM3_IRQHandler
                0x00000000080038dc       0x14 ./Core/Src/stm32f1xx_it.o
                0x00000000080038dc                TIM3_IRQHandler
 .text.USART1_IRQHandler
                0x00000000080038f0       0x1c ./Core/Src/stm32f1xx_it.o
                0x00000000080038f0                USART1_IRQHandler
 .text._sbrk    0x000000000800390c       0x6c ./Core/Src/sysmem.o
                0x000000000800390c                _sbrk
 .text.SystemInit
                0x0000000008003978        0xc ./Core/Src/system_stm32f1xx.o
                0x0000000008003978                SystemInit
 .text.Reset_Handler
                0x0000000008003984       0x48 ./Core/Startup/startup_stm32f103c8tx.o
                0x0000000008003984                Reset_Handler
 .text.Default_Handler
                0x00000000080039cc        0x2 ./Core/Startup/startup_stm32f103c8tx.o
                0x00000000080039cc                RTC_Alarm_IRQHandler
                0x00000000080039cc                EXTI2_IRQHandler
                0x00000000080039cc                TIM1_CC_IRQHandler
                0x00000000080039cc                PVD_IRQHandler
                0x00000000080039cc                EXTI3_IRQHandler
                0x00000000080039cc                EXTI0_IRQHandler
                0x00000000080039cc                I2C2_EV_IRQHandler
                0x00000000080039cc                ADC1_2_IRQHandler
                0x00000000080039cc                SPI1_IRQHandler
                0x00000000080039cc                TAMPER_IRQHandler
                0x00000000080039cc                DMA1_Channel4_IRQHandler
                0x00000000080039cc                USART3_IRQHandler
                0x00000000080039cc                RTC_IRQHandler
                0x00000000080039cc                DMA1_Channel7_IRQHandler
                0x00000000080039cc                CAN1_RX1_IRQHandler
                0x00000000080039cc                TIM4_IRQHandler
                0x00000000080039cc                I2C1_EV_IRQHandler
                0x00000000080039cc                DMA1_Channel6_IRQHandler
                0x00000000080039cc                RCC_IRQHandler
                0x00000000080039cc                TIM1_TRG_COM_IRQHandler
                0x00000000080039cc                Default_Handler
                0x00000000080039cc                EXTI15_10_IRQHandler
                0x00000000080039cc                EXTI9_5_IRQHandler
                0x00000000080039cc                SPI2_IRQHandler
                0x00000000080039cc                EXTI4_IRQHandler
                0x00000000080039cc                USB_LP_CAN1_RX0_IRQHandler
                0x00000000080039cc                USB_HP_CAN1_TX_IRQHandler
                0x00000000080039cc                WWDG_IRQHandler
                0x00000000080039cc                TIM2_IRQHandler
                0x00000000080039cc                TIM1_BRK_IRQHandler
                0x00000000080039cc                EXTI1_IRQHandler
                0x00000000080039cc                USART2_IRQHandler
                0x00000000080039cc                I2C2_ER_IRQHandler
                0x00000000080039cc                DMA1_Channel2_IRQHandler
                0x00000000080039cc                CAN1_SCE_IRQHandler
                0x00000000080039cc                FLASH_IRQHandler
                0x00000000080039cc                I2C1_ER_IRQHandler
                0x00000000080039cc                USBWakeUp_IRQHandler
 .text.StartBluetooth
                0x00000000080039ce       0x20 ./Core/Tasks/Src/TaskBluetooth.o
                0x00000000080039ce                StartBluetooth
 *fill*         0x00000000080039ee        0x2 
 .text.taskBluetooth1sec
                0x00000000080039f0       0x28 ./Core/Tasks/Src/TaskBluetooth.o
                0x00000000080039f0                taskBluetooth1sec
 .text.initBluetooth
                0x0000000008003a18      0x1b8 ./Core/Tasks/Src/TaskBluetooth.o
                0x0000000008003a18                initBluetooth
 .text.txBluetooth
                0x0000000008003bd0      0x2e4 ./Core/Tasks/Src/TaskBluetooth.o
                0x0000000008003bd0                txBluetooth
 .text.rxBluetooth
                0x0000000008003eb4      0x5e0 ./Core/Tasks/Src/TaskBluetooth.o
                0x0000000008003eb4                rxBluetooth
 .text.StartBuzzer
                0x0000000008004494       0x28 ./Core/Tasks/Src/TaskBuzzer.o
                0x0000000008004494                StartBuzzer
 .text.sequencia1Buzzer
                0x00000000080044bc       0x98 ./Core/Tasks/Src/TaskBuzzer.o
                0x00000000080044bc                sequencia1Buzzer
 .text.StartEeprom
                0x0000000008004554       0x1e ./Core/Tasks/Src/TaskEeprom.o
                0x0000000008004554                StartEeprom
 *fill*         0x0000000008004572        0x2 
 .text.initEeprom
                0x0000000008004574      0x188 ./Core/Tasks/Src/TaskEeprom.o
                0x0000000008004574                initEeprom
 .text.processaEeprom
                0x00000000080046fc      0x158 ./Core/Tasks/Src/TaskEeprom.o
                0x00000000080046fc                processaEeprom
 .text.atualizaDataEeprom
                0x0000000008004854       0x90 ./Core/Tasks/Src/TaskEeprom.o
                0x0000000008004854                atualizaDataEeprom
 .text.StartTemperatura
                0x00000000080048e4       0xbc ./Core/Tasks/Src/TaskTemperatura.o
                0x00000000080048e4                StartTemperatura
 .text.initPID  0x00000000080049a0      0x100 ./Core/Tasks/Src/TaskTemperatura.o
                0x00000000080049a0                initPID
 .text.computaPID
                0x0000000008004aa0       0x54 ./Core/Tasks/Src/TaskTemperatura.o
                0x0000000008004aa0                computaPID
 .text.taskTemperatura1sec
                0x0000000008004af4       0xac ./Core/Tasks/Src/TaskTemperatura.o
                0x0000000008004af4                taskTemperatura1sec
 .text.StartTimer
                0x0000000008004ba0       0x30 ./Core/Tasks/Src/TaskTimer.o
                0x0000000008004ba0                StartTimer
 .text.funcionamentoTimer
                0x0000000008004bd0       0xe0 ./Core/Tasks/Src/TaskTimer.o
                0x0000000008004bd0                funcionamentoTimer
 .text.funcionamentoLampada
                0x0000000008004cb0       0x60 ./Core/Tasks/Src/TaskTimer.o
                0x0000000008004cb0                funcionamentoLampada
 .text.verificaErro
                0x0000000008004d10       0x34 ./Core/Tasks/Src/TaskTimer.o
                0x0000000008004d10                verificaErro
 .text.HAL_Init
                0x0000000008004d44       0x2c ./Drivers/STM32F1xx_HAL_Driver/Src/stm32f1xx_hal.o
                0x0000000008004d44                HAL_Init
 .text.HAL_IncTick
                0x0000000008004d70       0x24 ./Drivers/STM32F1xx_HAL_Driver/Src/stm32f1xx_hal.o
                0x0000000008004d70                HAL_IncTick
 .text.HAL_GetTick
                0x0000000008004d94       0x14 ./Drivers/STM32F1xx_HAL_Driver/Src/stm32f1xx_hal.o
                0x0000000008004d94                HAL_GetTick
 .text.HAL_Delay
                0x0000000008004da8       0x48 ./Drivers/STM32F1xx_HAL_Driver/Src/stm32f1xx_hal.o
                0x0000000008004da8                HAL_Delay
 .text.HAL_ADC_Init
                0x0000000008004df0      0x1b0 ./Drivers/STM32F1xx_HAL_Driver/Src/stm32f1xx_hal_adc.o
                0x0000000008004df0                HAL_ADC_Init
 .text.HAL_ADC_Start_DMA
                0x0000000008004fa0      0x1bc ./Drivers/STM32F1xx_HAL_Driver/Src/stm32f1xx_hal_adc.o
                0x0000000008004fa0                HAL_ADC_Start_DMA
 .text.HAL_ADC_ConvHalfCpltCallback
                0x000000000800515c       0x12 ./Drivers/STM32F1xx_HAL_Driver/Src/stm32f1xx_hal_adc.o
                0x000000000800515c                HAL_ADC_ConvHalfCpltCallback
 .text.HAL_ADC_ErrorCallback
                0x000000000800516e       0x12 ./Drivers/STM32F1xx_HAL_Driver/Src/stm32f1xx_hal_adc.o
                0x000000000800516e                HAL_ADC_ErrorCallback
 .text.HAL_ADC_ConfigChannel
                0x0000000008005180      0x1f0 ./Drivers/STM32F1xx_HAL_Driver/Src/stm32f1xx_hal_adc.o
                0x0000000008005180                HAL_ADC_ConfigChannel
 .text.ADC_Enable
                0x0000000008005370       0xb4 ./Drivers/STM32F1xx_HAL_Driver/Src/stm32f1xx_hal_adc.o
                0x0000000008005370                ADC_Enable
 .text.ADC_ConversionStop_Disable
                0x0000000008005424       0x82 ./Drivers/STM32F1xx_HAL_Driver/Src/stm32f1xx_hal_adc.o
                0x0000000008005424                ADC_ConversionStop_Disable
 .text.ADC_DMAConvCplt
                0x00000000080054a6       0x7c ./Drivers/STM32F1xx_HAL_Driver/Src/stm32f1xx_hal_adc.o
                0x00000000080054a6                ADC_DMAConvCplt
 .text.ADC_DMAHalfConvCplt
                0x0000000008005522       0x1c ./Drivers/STM32F1xx_HAL_Driver/Src/stm32f1xx_hal_adc.o
                0x0000000008005522                ADC_DMAHalfConvCplt
 .text.ADC_DMAError
                0x000000000800553e       0x34 ./Drivers/STM32F1xx_HAL_Driver/Src/stm32f1xx_hal_adc.o
                0x000000000800553e                ADC_DMAError
 *fill*         0x0000000008005572        0x2 
 .text.__NVIC_SetPriorityGrouping
                0x0000000008005574       0x48 ./Drivers/STM32F1xx_HAL_Driver/Src/stm32f1xx_hal_cortex.o
 .text.__NVIC_GetPriorityGrouping
                0x00000000080055bc       0x1c ./Drivers/STM32F1xx_HAL_Driver/Src/stm32f1xx_hal_cortex.o
 .text.__NVIC_EnableIRQ
                0x00000000080055d8       0x38 ./Drivers/STM32F1xx_HAL_Driver/Src/stm32f1xx_hal_cortex.o
 .text.__NVIC_DisableIRQ
                0x0000000008005610       0x48 ./Drivers/STM32F1xx_HAL_Driver/Src/stm32f1xx_hal_cortex.o
 .text.__NVIC_SetPriority
                0x0000000008005658       0x54 ./Drivers/STM32F1xx_HAL_Driver/Src/stm32f1xx_hal_cortex.o
 .text.NVIC_EncodePriority
                0x00000000080056ac       0x64 ./Drivers/STM32F1xx_HAL_Driver/Src/stm32f1xx_hal_cortex.o
 .text.HAL_NVIC_SetPriorityGrouping
                0x0000000008005710       0x16 ./Drivers/STM32F1xx_HAL_Driver/Src/stm32f1xx_hal_cortex.o
                0x0000000008005710                HAL_NVIC_SetPriorityGrouping
 .text.HAL_NVIC_SetPriority
                0x0000000008005726       0x38 ./Drivers/STM32F1xx_HAL_Driver/Src/stm32f1xx_hal_cortex.o
                0x0000000008005726                HAL_NVIC_SetPriority
 .text.HAL_NVIC_EnableIRQ
                0x000000000800575e       0x1c ./Drivers/STM32F1xx_HAL_Driver/Src/stm32f1xx_hal_cortex.o
                0x000000000800575e                HAL_NVIC_EnableIRQ
 .text.HAL_NVIC_DisableIRQ
                0x000000000800577a       0x1c ./Drivers/STM32F1xx_HAL_Driver/Src/stm32f1xx_hal_cortex.o
                0x000000000800577a                HAL_NVIC_DisableIRQ
 *fill*         0x0000000008005796        0x2 
 .text.HAL_DMA_Init
                0x0000000008005798       0xb4 ./Drivers/STM32F1xx_HAL_Driver/Src/stm32f1xx_hal_dma.o
                0x0000000008005798                HAL_DMA_Init
 .text.HAL_DMA_DeInit
                0x000000000800584c       0xb8 ./Drivers/STM32F1xx_HAL_Driver/Src/stm32f1xx_hal_dma.o
                0x000000000800584c                HAL_DMA_DeInit
 .text.HAL_DMA_Start_IT
                0x0000000008005904       0xc0 ./Drivers/STM32F1xx_HAL_Driver/Src/stm32f1xx_hal_dma.o
                0x0000000008005904                HAL_DMA_Start_IT
 .text.HAL_DMA_Abort
                0x00000000080059c4       0x76 ./Drivers/STM32F1xx_HAL_Driver/Src/stm32f1xx_hal_dma.o
                0x00000000080059c4                HAL_DMA_Abort
 *fill*         0x0000000008005a3a        0x2 
 .text.HAL_DMA_Abort_IT
                0x0000000008005a3c       0xf0 ./Drivers/STM32F1xx_HAL_Driver/Src/stm32f1xx_hal_dma.o
                0x0000000008005a3c                HAL_DMA_Abort_IT
 .text.HAL_DMA_IRQHandler
                0x0000000008005b2c      0x20c ./Drivers/STM32F1xx_HAL_Driver/Src/stm32f1xx_hal_dma.o
                0x0000000008005b2c                HAL_DMA_IRQHandler
 .text.DMA_SetConfig
                0x0000000008005d38       0x5a ./Drivers/STM32F1xx_HAL_Driver/Src/stm32f1xx_hal_dma.o
 *fill*         0x0000000008005d92        0x2 
 .text.HAL_GPIO_Init
                0x0000000008005d94      0x308 ./Drivers/STM32F1xx_HAL_Driver/Src/stm32f1xx_hal_gpio.o
                0x0000000008005d94                HAL_GPIO_Init
 .text.HAL_GPIO_DeInit
                0x000000000800609c      0x178 ./Drivers/STM32F1xx_HAL_Driver/Src/stm32f1xx_hal_gpio.o
                0x000000000800609c                HAL_GPIO_DeInit
 .text.HAL_GPIO_ReadPin
                0x0000000008006214       0x2e ./Drivers/STM32F1xx_HAL_Driver/Src/stm32f1xx_hal_gpio.o
                0x0000000008006214                HAL_GPIO_ReadPin
 .text.HAL_GPIO_WritePin
                0x0000000008006242       0x30 ./Drivers/STM32F1xx_HAL_Driver/Src/stm32f1xx_hal_gpio.o
                0x0000000008006242                HAL_GPIO_WritePin
 *fill*         0x0000000008006272        0x2 
 .text.HAL_I2C_Init
                0x0000000008006274      0x288 ./Drivers/STM32F1xx_HAL_Driver/Src/stm32f1xx_hal_i2c.o
                0x0000000008006274                HAL_I2C_Init
 .text.HAL_I2C_Mem_Write
                0x00000000080064fc      0x1f4 ./Drivers/STM32F1xx_HAL_Driver/Src/stm32f1xx_hal_i2c.o
                0x00000000080064fc                HAL_I2C_Mem_Write
 .text.HAL_I2C_IsDeviceReady
                0x00000000080066f0      0x25c ./Drivers/STM32F1xx_HAL_Driver/Src/stm32f1xx_hal_i2c.o
                0x00000000080066f0                HAL_I2C_IsDeviceReady
 .text.I2C_RequestMemoryWrite
                0x000000000800694c      0x12c ./Drivers/STM32F1xx_HAL_Driver/Src/stm32f1xx_hal_i2c.o
 .text.I2C_WaitOnFlagUntilTimeout
                0x0000000008006a78       0xf4 ./Drivers/STM32F1xx_HAL_Driver/Src/stm32f1xx_hal_i2c.o
 .text.I2C_WaitOnMasterAddressFlagUntilTimeout
                0x0000000008006b6c      0x140 ./Drivers/STM32F1xx_HAL_Driver/Src/stm32f1xx_hal_i2c.o
 .text.I2C_WaitOnTXEFlagUntilTimeout
                0x0000000008006cac       0x90 ./Drivers/STM32F1xx_HAL_Driver/Src/stm32f1xx_hal_i2c.o
 .text.I2C_WaitOnBTFFlagUntilTimeout
                0x0000000008006d3c       0x90 ./Drivers/STM32F1xx_HAL_Driver/Src/stm32f1xx_hal_i2c.o
 .text.I2C_IsAcknowledgeFailed
                0x0000000008006dcc       0x5c ./Drivers/STM32F1xx_HAL_Driver/Src/stm32f1xx_hal_i2c.o
 .text.HAL_PWR_EnableBkUpAccess
                0x0000000008006e28       0x18 ./Drivers/STM32F1xx_HAL_Driver/Src/stm32f1xx_hal_pwr.o
                0x0000000008006e28                HAL_PWR_EnableBkUpAccess
 .text.HAL_RCC_OscConfig
                0x0000000008006e40      0x504 ./Drivers/STM32F1xx_HAL_Driver/Src/stm32f1xx_hal_rcc.o
                0x0000000008006e40                HAL_RCC_OscConfig
 .text.HAL_RCC_ClockConfig
                0x0000000008007344      0x1d4 ./Drivers/STM32F1xx_HAL_Driver/Src/stm32f1xx_hal_rcc.o
                0x0000000008007344                HAL_RCC_ClockConfig
 .text.HAL_RCC_GetSysClockFreq
                0x0000000008007518       0xa8 ./Drivers/STM32F1xx_HAL_Driver/Src/stm32f1xx_hal_rcc.o
                0x0000000008007518                HAL_RCC_GetSysClockFreq
 .text.HAL_RCC_GetHCLKFreq
                0x00000000080075c0       0x14 ./Drivers/STM32F1xx_HAL_Driver/Src/stm32f1xx_hal_rcc.o
                0x00000000080075c0                HAL_RCC_GetHCLKFreq
 .text.HAL_RCC_GetPCLK1Freq
                0x00000000080075d4       0x28 ./Drivers/STM32F1xx_HAL_Driver/Src/stm32f1xx_hal_rcc.o
                0x00000000080075d4                HAL_RCC_GetPCLK1Freq
 .text.HAL_RCC_GetPCLK2Freq
                0x00000000080075fc       0x28 ./Drivers/STM32F1xx_HAL_Driver/Src/stm32f1xx_hal_rcc.o
                0x00000000080075fc                HAL_RCC_GetPCLK2Freq
 .text.HAL_RCC_GetClockConfig
                0x0000000008007624       0x60 ./Drivers/STM32F1xx_HAL_Driver/Src/stm32f1xx_hal_rcc.o
                0x0000000008007624                HAL_RCC_GetClockConfig
 .text.RCC_Delay
                0x0000000008007684       0x3c ./Drivers/STM32F1xx_HAL_Driver/Src/stm32f1xx_hal_rcc.o
 .text.HAL_RCCEx_PeriphCLKConfig
                0x00000000080076c0      0x16c ./Drivers/STM32F1xx_HAL_Driver/Src/stm32f1xx_hal_rcc_ex.o
                0x00000000080076c0                HAL_RCCEx_PeriphCLKConfig
 .text.HAL_RCCEx_GetPeriphCLKFreq
                0x000000000800782c      0x16c ./Drivers/STM32F1xx_HAL_Driver/Src/stm32f1xx_hal_rcc_ex.o
                0x000000000800782c                HAL_RCCEx_GetPeriphCLKFreq
 .text.HAL_RTC_Init
                0x0000000008007998      0x118 ./Drivers/STM32F1xx_HAL_Driver/Src/stm32f1xx_hal_rtc.o
                0x0000000008007998                HAL_RTC_Init
 .text.HAL_RTC_SetTime
                0x0000000008007ab0      0x12e ./Drivers/STM32F1xx_HAL_Driver/Src/stm32f1xx_hal_rtc.o
                0x0000000008007ab0                HAL_RTC_SetTime
 *fill*         0x0000000008007bde        0x2 
 .text.HAL_RTC_SetDate
                0x0000000008007be0      0x16c ./Drivers/STM32F1xx_HAL_Driver/Src/stm32f1xx_hal_rtc.o
                0x0000000008007be0                HAL_RTC_SetDate
 .text.HAL_RTC_WaitForSynchro
                0x0000000008007d4c       0x5a ./Drivers/STM32F1xx_HAL_Driver/Src/stm32f1xx_hal_rtc.o
                0x0000000008007d4c                HAL_RTC_WaitForSynchro
 .text.RTC_ReadTimeCounter
                0x0000000008007da6       0x60 ./Drivers/STM32F1xx_HAL_Driver/Src/stm32f1xx_hal_rtc.o
 .text.RTC_WriteTimeCounter
                0x0000000008007e06       0x4e ./Drivers/STM32F1xx_HAL_Driver/Src/stm32f1xx_hal_rtc.o
 .text.RTC_ReadAlarmCounter
                0x0000000008007e54       0x32 ./Drivers/STM32F1xx_HAL_Driver/Src/stm32f1xx_hal_rtc.o
 .text.RTC_WriteAlarmCounter
                0x0000000008007e86       0x4e ./Drivers/STM32F1xx_HAL_Driver/Src/stm32f1xx_hal_rtc.o
 .text.RTC_EnterInitMode
                0x0000000008007ed4       0x50 ./Drivers/STM32F1xx_HAL_Driver/Src/stm32f1xx_hal_rtc.o
 .text.RTC_ExitInitMode
                0x0000000008007f24       0x50 ./Drivers/STM32F1xx_HAL_Driver/Src/stm32f1xx_hal_rtc.o
 .text.RTC_Bcd2ToByte
                0x0000000008007f74       0x3a ./Drivers/STM32F1xx_HAL_Driver/Src/stm32f1xx_hal_rtc.o
 *fill*         0x0000000008007fae        0x2 
 .text.RTC_WeekDayNum
                0x0000000008007fb0       0xf0 ./Drivers/STM32F1xx_HAL_Driver/Src/stm32f1xx_hal_rtc.o
 .text.HAL_TIM_Base_Init
                0x00000000080080a0       0x9e ./Drivers/STM32F1xx_HAL_Driver/Src/stm32f1xx_hal_tim.o
                0x00000000080080a0                HAL_TIM_Base_Init
 *fill*         0x000000000800813e        0x2 
 .text.HAL_TIM_Base_Start_IT
                0x0000000008008140       0xa4 ./Drivers/STM32F1xx_HAL_Driver/Src/stm32f1xx_hal_tim.o
                0x0000000008008140                HAL_TIM_Base_Start_IT
 .text.HAL_TIM_PWM_Init
                0x00000000080081e4       0x9e ./Drivers/STM32F1xx_HAL_Driver/Src/stm32f1xx_hal_tim.o
                0x00000000080081e4                HAL_TIM_PWM_Init
 .text.HAL_TIM_PWM_MspInit
                0x0000000008008282       0x12 ./Drivers/STM32F1xx_HAL_Driver/Src/stm32f1xx_hal_tim.o
                0x0000000008008282                HAL_TIM_PWM_MspInit
 .text.HAL_TIM_PWM_Start
                0x0000000008008294      0x144 ./Drivers/STM32F1xx_HAL_Driver/Src/stm32f1xx_hal_tim.o
                0x0000000008008294                HAL_TIM_PWM_Start
 .text.HAL_TIM_PWM_Stop
                0x00000000080083d8       0xc8 ./Drivers/STM32F1xx_HAL_Driver/Src/stm32f1xx_hal_tim.o
                0x00000000080083d8                HAL_TIM_PWM_Stop
 .text.HAL_TIM_IRQHandler
                0x00000000080084a0      0x210 ./Drivers/STM32F1xx_HAL_Driver/Src/stm32f1xx_hal_tim.o
                0x00000000080084a0                HAL_TIM_IRQHandler
 .text.HAL_TIM_PWM_ConfigChannel
                0x00000000080086b0      0x184 ./Drivers/STM32F1xx_HAL_Driver/Src/stm32f1xx_hal_tim.o
                0x00000000080086b0                HAL_TIM_PWM_ConfigChannel
 .text.HAL_TIM_ConfigClockSource
                0x0000000008008834      0x18e ./Drivers/STM32F1xx_HAL_Driver/Src/stm32f1xx_hal_tim.o
                0x0000000008008834                HAL_TIM_ConfigClockSource
 .text.HAL_TIM_OC_DelayElapsedCallback
                0x00000000080089c2       0x12 ./Drivers/STM32F1xx_HAL_Driver/Src/stm32f1xx_hal_tim.o
                0x00000000080089c2                HAL_TIM_OC_DelayElapsedCallback
 .text.HAL_TIM_IC_CaptureCallback
                0x00000000080089d4       0x12 ./Drivers/STM32F1xx_HAL_Driver/Src/stm32f1xx_hal_tim.o
                0x00000000080089d4                HAL_TIM_IC_CaptureCallback
 .text.HAL_TIM_PWM_PulseFinishedCallback
                0x00000000080089e6       0x12 ./Drivers/STM32F1xx_HAL_Driver/Src/stm32f1xx_hal_tim.o
                0x00000000080089e6                HAL_TIM_PWM_PulseFinishedCallback
 .text.HAL_TIM_TriggerCallback
                0x00000000080089f8       0x12 ./Drivers/STM32F1xx_HAL_Driver/Src/stm32f1xx_hal_tim.o
                0x00000000080089f8                HAL_TIM_TriggerCallback
 *fill*         0x0000000008008a0a        0x2 
 .text.TIM_Base_SetConfig
                0x0000000008008a0c       0xc4 ./Drivers/STM32F1xx_HAL_Driver/Src/stm32f1xx_hal_tim.o
                0x0000000008008a0c                TIM_Base_SetConfig
 .text.TIM_OC1_SetConfig
                0x0000000008008ad0       0xcc ./Drivers/STM32F1xx_HAL_Driver/Src/stm32f1xx_hal_tim.o
 .text.TIM_OC2_SetConfig
                0x0000000008008b9c       0xd4 ./Drivers/STM32F1xx_HAL_Driver/Src/stm32f1xx_hal_tim.o
                0x0000000008008b9c                TIM_OC2_SetConfig
 .text.TIM_OC3_SetConfig
                0x0000000008008c70       0xd4 ./Drivers/STM32F1xx_HAL_Driver/Src/stm32f1xx_hal_tim.o
 .text.TIM_OC4_SetConfig
                0x0000000008008d44       0x9c ./Drivers/STM32F1xx_HAL_Driver/Src/stm32f1xx_hal_tim.o
 .text.TIM_TI1_ConfigInputStage
                0x0000000008008de0       0x5c ./Drivers/STM32F1xx_HAL_Driver/Src/stm32f1xx_hal_tim.o
 .text.TIM_TI2_ConfigInputStage
                0x0000000008008e3c       0x5e ./Drivers/STM32F1xx_HAL_Driver/Src/stm32f1xx_hal_tim.o
 .text.TIM_ITRx_SetConfig
                0x0000000008008e9a       0x34 ./Drivers/STM32F1xx_HAL_Driver/Src/stm32f1xx_hal_tim.o
 .text.TIM_ETR_SetConfig
                0x0000000008008ece       0x3e ./Drivers/STM32F1xx_HAL_Driver/Src/stm32f1xx_hal_tim.o
                0x0000000008008ece                TIM_ETR_SetConfig
 .text.TIM_CCxChannelCmd
                0x0000000008008f0c       0x48 ./Drivers/STM32F1xx_HAL_Driver/Src/stm32f1xx_hal_tim.o
                0x0000000008008f0c                TIM_CCxChannelCmd
 .text.HAL_TIMEx_MasterConfigSynchronization
                0x0000000008008f54       0xbc ./Drivers/STM32F1xx_HAL_Driver/Src/stm32f1xx_hal_tim_ex.o
                0x0000000008008f54                HAL_TIMEx_MasterConfigSynchronization
 .text.HAL_TIMEx_CommutCallback
                0x0000000008009010       0x12 ./Drivers/STM32F1xx_HAL_Driver/Src/stm32f1xx_hal_tim_ex.o
                0x0000000008009010                HAL_TIMEx_CommutCallback
 .text.HAL_TIMEx_BreakCallback
                0x0000000008009022       0x12 ./Drivers/STM32F1xx_HAL_Driver/Src/stm32f1xx_hal_tim_ex.o
                0x0000000008009022                HAL_TIMEx_BreakCallback
 .text.HAL_UART_Init
                0x0000000008009034       0xa0 ./Drivers/STM32F1xx_HAL_Driver/Src/stm32f1xx_hal_uart.o
                0x0000000008009034                HAL_UART_Init
 .text.HAL_UART_DeInit
                0x00000000080090d4       0x64 ./Drivers/STM32F1xx_HAL_Driver/Src/stm32f1xx_hal_uart.o
                0x00000000080090d4                HAL_UART_DeInit
 .text.HAL_UART_Transmit
                0x0000000008009138      0x106 ./Drivers/STM32F1xx_HAL_Driver/Src/stm32f1xx_hal_uart.o
                0x0000000008009138                HAL_UART_Transmit
 .text.HAL_UART_Transmit_IT
                0x000000000800923e       0x6a ./Drivers/STM32F1xx_HAL_Driver/Src/stm32f1xx_hal_uart.o
                0x000000000800923e                HAL_UART_Transmit_IT
 .text.HAL_UART_Receive_DMA
                0x00000000080092a8       0x4a ./Drivers/STM32F1xx_HAL_Driver/Src/stm32f1xx_hal_uart.o
                0x00000000080092a8                HAL_UART_Receive_DMA
 *fill*         0x00000000080092f2        0x2 
 .text.HAL_UART_Abort_IT
                0x00000000080092f4      0x228 ./Drivers/STM32F1xx_HAL_Driver/Src/stm32f1xx_hal_uart.o
                0x00000000080092f4                HAL_UART_Abort_IT
 .text.HAL_UART_IRQHandler
                0x000000000800951c      0x524 ./Drivers/STM32F1xx_HAL_Driver/Src/stm32f1xx_hal_uart.o
                0x000000000800951c                HAL_UART_IRQHandler
 .text.HAL_UART_TxCpltCallback
                0x0000000008009a40       0x12 ./Drivers/STM32F1xx_HAL_Driver/Src/stm32f1xx_hal_uart.o
                0x0000000008009a40                HAL_UART_TxCpltCallback
 .text.HAL_UART_RxCpltCallback
                0x0000000008009a52       0x12 ./Drivers/STM32F1xx_HAL_Driver/Src/stm32f1xx_hal_uart.o
                0x0000000008009a52                HAL_UART_RxCpltCallback
 .text.HAL_UART_RxHalfCpltCallback
                0x0000000008009a64       0x12 ./Drivers/STM32F1xx_HAL_Driver/Src/stm32f1xx_hal_uart.o
                0x0000000008009a64                HAL_UART_RxHalfCpltCallback
 .text.HAL_UART_ErrorCallback
                0x0000000008009a76       0x12 ./Drivers/STM32F1xx_HAL_Driver/Src/stm32f1xx_hal_uart.o
                0x0000000008009a76                HAL_UART_ErrorCallback
 .text.HAL_UART_AbortCpltCallback
                0x0000000008009a88       0x12 ./Drivers/STM32F1xx_HAL_Driver/Src/stm32f1xx_hal_uart.o
                0x0000000008009a88                HAL_UART_AbortCpltCallback
 .text.HAL_UARTEx_RxEventCallback
                0x0000000008009a9a       0x16 ./Drivers/STM32F1xx_HAL_Driver/Src/stm32f1xx_hal_uart.o
                0x0000000008009a9a                HAL_UARTEx_RxEventCallback
 .text.UART_DMAReceiveCplt
                0x0000000008009ab0      0x12c ./Drivers/STM32F1xx_HAL_Driver/Src/stm32f1xx_hal_uart.o
 .text.UART_DMARxHalfCplt
                0x0000000008009bdc       0x3c ./Drivers/STM32F1xx_HAL_Driver/Src/stm32f1xx_hal_uart.o
 .text.UART_DMAError
                0x0000000008009c18       0x94 ./Drivers/STM32F1xx_HAL_Driver/Src/stm32f1xx_hal_uart.o
 .text.UART_WaitOnFlagUntilTimeout
                0x0000000008009cac       0xdc ./Drivers/STM32F1xx_HAL_Driver/Src/stm32f1xx_hal_uart.o
 .text.UART_Start_Receive_DMA
                0x0000000008009d88      0x134 ./Drivers/STM32F1xx_HAL_Driver/Src/stm32f1xx_hal_uart.o
                0x0000000008009d88                UART_Start_Receive_DMA
 .text.UART_EndTxTransfer
                0x0000000008009ebc       0x4e ./Drivers/STM32F1xx_HAL_Driver/Src/stm32f1xx_hal_uart.o
 .text.UART_EndRxTransfer
                0x0000000008009f0a       0xc4 ./Drivers/STM32F1xx_HAL_Driver/Src/stm32f1xx_hal_uart.o
 .text.UART_DMAAbortOnError
                0x0000000008009fce       0x28 ./Drivers/STM32F1xx_HAL_Driver/Src/stm32f1xx_hal_uart.o
 .text.UART_DMATxAbortCallback
                0x0000000008009ff6       0x60 ./Drivers/STM32F1xx_HAL_Driver/Src/stm32f1xx_hal_uart.o
 .text.UART_DMARxAbortCallback
                0x000000000800a056       0x60 ./Drivers/STM32F1xx_HAL_Driver/Src/stm32f1xx_hal_uart.o
 .text.UART_Transmit_IT
                0x000000000800a0b6       0x9e ./Drivers/STM32F1xx_HAL_Driver/Src/stm32f1xx_hal_uart.o
 .text.UART_EndTransmit_IT
                0x000000000800a154       0x30 ./Drivers/STM32F1xx_HAL_Driver/Src/stm32f1xx_hal_uart.o
 .text.UART_Receive_IT
                0x000000000800a184      0x17c ./Drivers/STM32F1xx_HAL_Driver/Src/stm32f1xx_hal_uart.o
 .text.UART_SetConfig
                0x000000000800a300      0x11c ./Drivers/STM32F1xx_HAL_Driver/Src/stm32f1xx_hal_uart.o
 .text.makeFreeRtosPriority
                0x000000000800a41c       0x2e ./Middlewares/Third_Party/FreeRTOS/Source/CMSIS_RTOS/cmsis_os.o
 .text.inHandlerMode
                0x000000000800a44a       0x22 ./Middlewares/Third_Party/FreeRTOS/Source/CMSIS_RTOS/cmsis_os.o
 .text.osKernelStart
                0x000000000800a46c        0xe ./Middlewares/Third_Party/FreeRTOS/Source/CMSIS_RTOS/cmsis_os.o
                0x000000000800a46c                osKernelStart
 .text.osThreadCreate
                0x000000000800a47a       0x98 ./Middlewares/Third_Party/FreeRTOS/Source/CMSIS_RTOS/cmsis_os.o
                0x000000000800a47a                osThreadCreate
 *fill*         0x000000000800a512        0x2 
 .text.osThreadYield
                0x000000000800a514       0x24 ./Middlewares/Third_Party/FreeRTOS/Source/CMSIS_RTOS/cmsis_os.o
                0x000000000800a514                osThreadYield
 .text.osDelay  0x000000000800a538       0x28 ./Middlewares/Third_Party/FreeRTOS/Source/CMSIS_RTOS/cmsis_os.o
                0x000000000800a538                osDelay
 .text.osTimerCreate
                0x000000000800a560       0x68 ./Middlewares/Third_Party/FreeRTOS/Source/CMSIS_RTOS/cmsis_os.o
                0x000000000800a560                osTimerCreate
 .text.osTimerStart
                0x000000000800a5c8       0x88 ./Middlewares/Third_Party/FreeRTOS/Source/CMSIS_RTOS/cmsis_os.o
                0x000000000800a5c8                osTimerStart
 .text.osSignalSet
                0x000000000800a650       0x80 ./Middlewares/Third_Party/FreeRTOS/Source/CMSIS_RTOS/cmsis_os.o
                0x000000000800a650                osSignalSet
 .text.osSignalWait
                0x000000000800a6d0       0x98 ./Middlewares/Third_Party/FreeRTOS/Source/CMSIS_RTOS/cmsis_os.o
                0x000000000800a6d0                osSignalWait
 .text.osSemaphoreCreate
                0x000000000800a768       0x64 ./Middlewares/Third_Party/FreeRTOS/Source/CMSIS_RTOS/cmsis_os.o
                0x000000000800a768                osSemaphoreCreate
 .text.osMessageCreate
                0x000000000800a7cc       0x50 ./Middlewares/Third_Party/FreeRTOS/Source/CMSIS_RTOS/cmsis_os.o
                0x000000000800a7cc                osMessageCreate
 .text.osMessagePut
                0x000000000800a81c       0x80 ./Middlewares/Third_Party/FreeRTOS/Source/CMSIS_RTOS/cmsis_os.o
                0x000000000800a81c                osMessagePut
 .text.osMessageGet
                0x000000000800a89c       0xe8 ./Middlewares/Third_Party/FreeRTOS/Source/CMSIS_RTOS/cmsis_os.o
                0x000000000800a89c                osMessageGet
 .text.osThreadSuspend
                0x000000000800a984       0x18 ./Middlewares/Third_Party/FreeRTOS/Source/CMSIS_RTOS/cmsis_os.o
                0x000000000800a984                osThreadSuspend
 .text.osThreadResume
                0x000000000800a99c       0x44 ./Middlewares/Third_Party/FreeRTOS/Source/CMSIS_RTOS/cmsis_os.o
                0x000000000800a99c                osThreadResume
 .text.osDelayUntil
                0x000000000800a9e0       0x2c ./Middlewares/Third_Party/FreeRTOS/Source/CMSIS_RTOS/cmsis_os.o
                0x000000000800a9e0                osDelayUntil
 .text.vListInitialise
                0x000000000800aa0c       0x3e ./Middlewares/Third_Party/FreeRTOS/Source/list.o
                0x000000000800aa0c                vListInitialise
 .text.vListInitialiseItem
                0x000000000800aa4a       0x18 ./Middlewares/Third_Party/FreeRTOS/Source/list.o
                0x000000000800aa4a                vListInitialiseItem
 .text.vListInsertEnd
                0x000000000800aa62       0x46 ./Middlewares/Third_Party/FreeRTOS/Source/list.o
                0x000000000800aa62                vListInsertEnd
 .text.vListInsert
                0x000000000800aaa8       0x70 ./Middlewares/Third_Party/FreeRTOS/Source/list.o
                0x000000000800aaa8                vListInsert
 .text.uxListRemove
                0x000000000800ab18       0x52 ./Middlewares/Third_Party/FreeRTOS/Source/list.o
                0x000000000800ab18                uxListRemove
 *fill*         0x000000000800ab6a        0x2 
 .text.xQueueGenericReset
                0x000000000800ab6c       0xd0 ./Middlewares/Third_Party/FreeRTOS/Source/queue.o
                0x000000000800ab6c                xQueueGenericReset
 .text.xQueueGenericCreateStatic
                0x000000000800ac3c       0xee ./Middlewares/Third_Party/FreeRTOS/Source/queue.o
                0x000000000800ac3c                xQueueGenericCreateStatic
 .text.xQueueGenericCreate
                0x000000000800ad2a       0x7c ./Middlewares/Third_Party/FreeRTOS/Source/queue.o
                0x000000000800ad2a                xQueueGenericCreate
 .text.prvInitialiseNewQueue
                0x000000000800ada6       0x3e ./Middlewares/Third_Party/FreeRTOS/Source/queue.o
 .text.xQueueGenericSend
                0x000000000800ade4      0x1fc ./Middlewares/Third_Party/FreeRTOS/Source/queue.o
                0x000000000800ade4                xQueueGenericSend
 .text.xQueueGenericSendFromISR
                0x000000000800afe0      0x130 ./Middlewares/Third_Party/FreeRTOS/Source/queue.o
                0x000000000800afe0                xQueueGenericSendFromISR
 .text.xQueueReceive
                0x000000000800b110      0x1c0 ./Middlewares/Third_Party/FreeRTOS/Source/queue.o
                0x000000000800b110                xQueueReceive
 .text.xQueueReceiveFromISR
                0x000000000800b2d0      0x100 ./Middlewares/Third_Party/FreeRTOS/Source/queue.o
                0x000000000800b2d0                xQueueReceiveFromISR
 .text.prvCopyDataToQueue
                0x000000000800b3d0       0xd4 ./Middlewares/Third_Party/FreeRTOS/Source/queue.o
 .text.prvCopyDataFromQueue
                0x000000000800b4a4       0x4c ./Middlewares/Third_Party/FreeRTOS/Source/queue.o
 .text.prvUnlockQueue
                0x000000000800b4f0       0xa4 ./Middlewares/Third_Party/FreeRTOS/Source/queue.o
 .text.prvIsQueueEmpty
                0x000000000800b594       0x2c ./Middlewares/Third_Party/FreeRTOS/Source/queue.o
 .text.prvIsQueueFull
                0x000000000800b5c0       0x30 ./Middlewares/Third_Party/FreeRTOS/Source/queue.o
 .text.vQueueAddToRegistry
                0x000000000800b5f0       0x50 ./Middlewares/Third_Party/FreeRTOS/Source/queue.o
                0x000000000800b5f0                vQueueAddToRegistry
 .text.vQueueWaitForMessageRestricted
                0x000000000800b640       0x68 ./Middlewares/Third_Party/FreeRTOS/Source/queue.o
                0x000000000800b640                vQueueWaitForMessageRestricted
 .text.xTaskCreateStatic
                0x000000000800b6a8       0xb8 ./Middlewares/Third_Party/FreeRTOS/Source/tasks.o
                0x000000000800b6a8                xTaskCreateStatic
 .text.xTaskCreate
                0x000000000800b760       0x8a ./Middlewares/Third_Party/FreeRTOS/Source/tasks.o
                0x000000000800b760                xTaskCreate
 *fill*         0x000000000800b7ea        0x2 
 .text.prvInitialiseNewTask
                0x000000000800b7ec      0x12c ./Middlewares/Third_Party/FreeRTOS/Source/tasks.o
 .text.prvAddNewTaskToReadyList
                0x000000000800b918       0xd4 ./Middlewares/Third_Party/FreeRTOS/Source/tasks.o
 .text.vTaskDelayUntil
                0x000000000800b9ec       0xfc ./Middlewares/Third_Party/FreeRTOS/Source/tasks.o
                0x000000000800b9ec                vTaskDelayUntil
 .text.vTaskDelay
                0x000000000800bae8       0x68 ./Middlewares/Third_Party/FreeRTOS/Source/tasks.o
                0x000000000800bae8                vTaskDelay
 .text.vTaskSuspend
                0x000000000800bb50      0x124 ./Middlewares/Third_Party/FreeRTOS/Source/tasks.o
                0x000000000800bb50                vTaskSuspend
 .text.prvTaskIsTaskSuspended
                0x000000000800bc74       0x74 ./Middlewares/Third_Party/FreeRTOS/Source/tasks.o
 .text.vTaskResume
                0x000000000800bce8       0xbc ./Middlewares/Third_Party/FreeRTOS/Source/tasks.o
                0x000000000800bce8                vTaskResume
 .text.xTaskResumeFromISR
                0x000000000800bda4       0xe4 ./Middlewares/Third_Party/FreeRTOS/Source/tasks.o
                0x000000000800bda4                xTaskResumeFromISR
 .text.vTaskStartScheduler
                0x000000000800be88       0xe0 ./Middlewares/Third_Party/FreeRTOS/Source/tasks.o
                0x000000000800be88                vTaskStartScheduler
 .text.vTaskSuspendAll
                0x000000000800bf68       0x1c ./Middlewares/Third_Party/FreeRTOS/Source/tasks.o
                0x000000000800bf68                vTaskSuspendAll
 .text.xTaskResumeAll
                0x000000000800bf84      0x138 ./Middlewares/Third_Party/FreeRTOS/Source/tasks.o
                0x000000000800bf84                xTaskResumeAll
 .text.xTaskGetTickCount
                0x000000000800c0bc       0x1c ./Middlewares/Third_Party/FreeRTOS/Source/tasks.o
                0x000000000800c0bc                xTaskGetTickCount
 .text.xTaskIncrementTick
                0x000000000800c0d8      0x17c ./Middlewares/Third_Party/FreeRTOS/Source/tasks.o
                0x000000000800c0d8                xTaskIncrementTick
 .text.vTaskSwitchContext
                0x000000000800c254       0xc4 ./Middlewares/Third_Party/FreeRTOS/Source/tasks.o
                0x000000000800c254                vTaskSwitchContext
 .text.vTaskPlaceOnEventList
                0x000000000800c318       0x48 ./Middlewares/Third_Party/FreeRTOS/Source/tasks.o
                0x000000000800c318                vTaskPlaceOnEventList
 .text.vTaskPlaceOnEventListRestricted
                0x000000000800c360       0x58 ./Middlewares/Third_Party/FreeRTOS/Source/tasks.o
                0x000000000800c360                vTaskPlaceOnEventListRestricted
 .text.xTaskRemoveFromEventList
                0x000000000800c3b8       0xc4 ./Middlewares/Third_Party/FreeRTOS/Source/tasks.o
                0x000000000800c3b8                xTaskRemoveFromEventList
 .text.vTaskInternalSetTimeOutState
                0x000000000800c47c       0x2c ./Middlewares/Third_Party/FreeRTOS/Source/tasks.o
                0x000000000800c47c                vTaskInternalSetTimeOutState
 .text.xTaskCheckForTimeOut
                0x000000000800c4a8       0xc4 ./Middlewares/Third_Party/FreeRTOS/Source/tasks.o
                0x000000000800c4a8                xTaskCheckForTimeOut
 .text.vTaskMissedYield
                0x000000000800c56c       0x18 ./Middlewares/Third_Party/FreeRTOS/Source/tasks.o
                0x000000000800c56c                vTaskMissedYield
 .text.prvIdleTask
                0x000000000800c584       0x30 ./Middlewares/Third_Party/FreeRTOS/Source/tasks.o
 .text.prvInitialiseTaskLists
                0x000000000800c5b4       0x80 ./Middlewares/Third_Party/FreeRTOS/Source/tasks.o
 .text.prvCheckTasksWaitingTermination
                0x000000000800c634       0x5c ./Middlewares/Third_Party/FreeRTOS/Source/tasks.o
 .text.prvDeleteTCB
                0x000000000800c690       0x68 ./Middlewares/Third_Party/FreeRTOS/Source/tasks.o
 .text.prvResetNextTaskUnblockTime
                0x000000000800c6f8       0x48 ./Middlewares/Third_Party/FreeRTOS/Source/tasks.o
 .text.xTaskGetSchedulerState
                0x000000000800c740       0x3c ./Middlewares/Third_Party/FreeRTOS/Source/tasks.o
                0x000000000800c740                xTaskGetSchedulerState
 .text.xTaskPriorityDisinherit
                0x000000000800c77c      0x10c ./Middlewares/Third_Party/FreeRTOS/Source/tasks.o
                0x000000000800c77c                xTaskPriorityDisinherit
 .text.xTaskNotifyWait
                0x000000000800c888       0xc0 ./Middlewares/Third_Party/FreeRTOS/Source/tasks.o
                0x000000000800c888                xTaskNotifyWait
 .text.xTaskGenericNotify
                0x000000000800c948      0x154 ./Middlewares/Third_Party/FreeRTOS/Source/tasks.o
                0x000000000800c948                xTaskGenericNotify
 .text.xTaskGenericNotifyFromISR
                0x000000000800ca9c      0x1a0 ./Middlewares/Third_Party/FreeRTOS/Source/tasks.o
                0x000000000800ca9c                xTaskGenericNotifyFromISR
 .text.prvAddCurrentTaskToDelayedList
                0x000000000800cc3c       0xcc ./Middlewares/Third_Party/FreeRTOS/Source/tasks.o
 .text.xTimerCreateTimerTask
                0x000000000800cd08       0x90 ./Middlewares/Third_Party/FreeRTOS/Source/timers.o
                0x000000000800cd08                xTimerCreateTimerTask
 .text.xTimerCreate
                0x000000000800cd98       0x42 ./Middlewares/Third_Party/FreeRTOS/Source/timers.o
                0x000000000800cd98                xTimerCreate
 .text.xTimerCreateStatic
                0x000000000800cdda       0x7a ./Middlewares/Third_Party/FreeRTOS/Source/timers.o
                0x000000000800cdda                xTimerCreateStatic
 .text.prvInitialiseNewTimer
                0x000000000800ce54       0x64 ./Middlewares/Third_Party/FreeRTOS/Source/timers.o
 .text.xTimerGenericCommand
                0x000000000800ceb8       0x9c ./Middlewares/Third_Party/FreeRTOS/Source/timers.o
                0x000000000800ceb8                xTimerGenericCommand
 .text.prvProcessExpiredTimer
                0x000000000800cf54       0x80 ./Middlewares/Third_Party/FreeRTOS/Source/timers.o
 .text.prvTimerTask
                0x000000000800cfd4       0x24 ./Middlewares/Third_Party/FreeRTOS/Source/timers.o
 .text.prvProcessTimerOrBlockTask
                0x000000000800cff8       0x9c ./Middlewares/Third_Party/FreeRTOS/Source/timers.o
 .text.prvGetNextExpireTime
                0x000000000800d094       0x48 ./Middlewares/Third_Party/FreeRTOS/Source/timers.o
 .text.prvSampleTimeNow
                0x000000000800d0dc       0x40 ./Middlewares/Third_Party/FreeRTOS/Source/timers.o
 .text.prvInsertTimerInActiveList
                0x000000000800d11c       0x84 ./Middlewares/Third_Party/FreeRTOS/Source/timers.o
 .text.prvProcessReceivedCommands
                0x000000000800d1a0      0x134 ./Middlewares/Third_Party/FreeRTOS/Source/timers.o
 .text.prvSwitchTimerLists
                0x000000000800d2d4       0xc4 ./Middlewares/Third_Party/FreeRTOS/Source/timers.o
 .text.prvCheckForValidListAndQueue
                0x000000000800d398       0x80 ./Middlewares/Third_Party/FreeRTOS/Source/timers.o
 .text.pxPortInitialiseStack
                0x000000000800d418       0x58 ./Middlewares/Third_Party/FreeRTOS/Source/portable/GCC/ARM_CM3/port.o
                0x000000000800d418                pxPortInitialiseStack
 .text.prvTaskExitError
                0x000000000800d470       0x58 ./Middlewares/Third_Party/FreeRTOS/Source/portable/GCC/ARM_CM3/port.o
 *fill*         0x000000000800d4c8        0x8 
 .text.SVC_Handler
                0x000000000800d4d0       0x28 ./Middlewares/Third_Party/FreeRTOS/Source/portable/GCC/ARM_CM3/port.o
                0x000000000800d4d0                SVC_Handler
 .text.prvPortStartFirstTask
                0x000000000800d4f8       0x20 ./Middlewares/Third_Party/FreeRTOS/Source/portable/GCC/ARM_CM3/port.o
 .text.xPortStartScheduler
                0x000000000800d518       0xe4 ./Middlewares/Third_Party/FreeRTOS/Source/portable/GCC/ARM_CM3/port.o
                0x000000000800d518                xPortStartScheduler
 .text.vPortEnterCritical
                0x000000000800d5fc       0x60 ./Middlewares/Third_Party/FreeRTOS/Source/portable/GCC/ARM_CM3/port.o
                0x000000000800d5fc                vPortEnterCritical
 .text.vPortExitCritical
                0x000000000800d65c       0x50 ./Middlewares/Third_Party/FreeRTOS/Source/portable/GCC/ARM_CM3/port.o
                0x000000000800d65c                vPortExitCritical
 *fill*         0x000000000800d6ac        0x4 
 .text.PendSV_Handler
                0x000000000800d6b0       0x48 ./Middlewares/Third_Party/FreeRTOS/Source/portable/GCC/ARM_CM3/port.o
                0x000000000800d6b0                PendSV_Handler
 .text.SysTick_Handler
                0x000000000800d6f8       0x44 ./Middlewares/Third_Party/FreeRTOS/Source/portable/GCC/ARM_CM3/port.o
                0x000000000800d6f8                SysTick_Handler
 .text.vPortSetupTimerInterrupt
                0x000000000800d73c       0x44 ./Middlewares/Third_Party/FreeRTOS/Source/portable/GCC/ARM_CM3/port.o
                0x000000000800d73c                vPortSetupTimerInterrupt
 .text.vPortValidateInterruptPriority
                0x000000000800d780       0x7c ./Middlewares/Third_Party/FreeRTOS/Source/portable/GCC/ARM_CM3/port.o
                0x000000000800d780                vPortValidateInterruptPriority
 .text.pvPortMalloc
                0x000000000800d7fc      0x188 ./Middlewares/Third_Party/FreeRTOS/Source/portable/MemMang/heap_4.o
                0x000000000800d7fc                pvPortMalloc
 .text.vPortFree
                0x000000000800d984       0xb4 ./Middlewares/Third_Party/FreeRTOS/Source/portable/MemMang/heap_4.o
                0x000000000800d984                vPortFree
 .text.prvHeapInit
                0x000000000800da38       0xc4 ./Middlewares/Third_Party/FreeRTOS/Source/portable/MemMang/heap_4.o
 .text.prvInsertBlockIntoFreeList
                0x000000000800dafc       0xb0 ./Middlewares/Third_Party/FreeRTOS/Source/portable/MemMang/heap_4.o
 .text.malloc   0x000000000800dbac       0x10 C:/ST/STM32CubeIDE_1.13.2/STM32CubeIDE/plugins/com.st.stm32cube.ide.mcu.externaltools.gnu-tools-for-stm32.11.3.rel1.win32_1.1.1.202309131626/tools/bin/../lib/gcc/arm-none-eabi/11.3.1/../../../../arm-none-eabi/lib/thumb/v7-m/nofp\libc_nano.a(libc_a-malloc.o)
                0x000000000800dbac                malloc
 .text.sbrk_aligned
                0x000000000800dbbc       0x40 C:/ST/STM32CubeIDE_1.13.2/STM32CubeIDE/plugins/com.st.stm32cube.ide.mcu.externaltools.gnu-tools-for-stm32.11.3.rel1.win32_1.1.1.202309131626/tools/bin/../lib/gcc/arm-none-eabi/11.3.1/../../../../arm-none-eabi/lib/thumb/v7-m/nofp\libc_nano.a(libc_a-mallocr.o)
 .text._malloc_r
                0x000000000800dbfc      0x100 C:/ST/STM32CubeIDE_1.13.2/STM32CubeIDE/plugins/com.st.stm32cube.ide.mcu.externaltools.gnu-tools-for-stm32.11.3.rel1.win32_1.1.1.202309131626/tools/bin/../lib/gcc/arm-none-eabi/11.3.1/../../../../arm-none-eabi/lib/thumb/v7-m/nofp\libc_nano.a(libc_a-mallocr.o)
                0x000000000800dbfc                _malloc_r
 .text.__malloc_lock
                0x000000000800dcfc        0xc C:/ST/STM32CubeIDE_1.13.2/STM32CubeIDE/plugins/com.st.stm32cube.ide.mcu.externaltools.gnu-tools-for-stm32.11.3.rel1.win32_1.1.1.202309131626/tools/bin/../lib/gcc/arm-none-eabi/11.3.1/../../../../arm-none-eabi/lib/thumb/v7-m/nofp\libc_nano.a(libc_a-mlock.o)
                0x000000000800dcfc                __malloc_lock
 .text.__malloc_unlock
                0x000000000800dd08        0xc C:/ST/STM32CubeIDE_1.13.2/STM32CubeIDE/plugins/com.st.stm32cube.ide.mcu.externaltools.gnu-tools-for-stm32.11.3.rel1.win32_1.1.1.202309131626/tools/bin/../lib/gcc/arm-none-eabi/11.3.1/../../../../arm-none-eabi/lib/thumb/v7-m/nofp\libc_nano.a(libc_a-mlock.o)
                0x000000000800dd08                __malloc_unlock
 .text.snprintf
                0x000000000800dd14       0x68 C:/ST/STM32CubeIDE_1.13.2/STM32CubeIDE/plugins/com.st.stm32cube.ide.mcu.externaltools.gnu-tools-for-stm32.11.3.rel1.win32_1.1.1.202309131626/tools/bin/../lib/gcc/arm-none-eabi/11.3.1/../../../../arm-none-eabi/lib/thumb/v7-m/nofp\libc_nano.a(libc_a-snprintf.o)
                0x000000000800dd14                sniprintf
                0x000000000800dd14                snprintf
 .text.sprintf  0x000000000800dd7c       0x40 C:/ST/STM32CubeIDE_1.13.2/STM32CubeIDE/plugins/com.st.stm32cube.ide.mcu.externaltools.gnu-tools-for-stm32.11.3.rel1.win32_1.1.1.202309131626/tools/bin/../lib/gcc/arm-none-eabi/11.3.1/../../../../arm-none-eabi/lib/thumb/v7-m/nofp\libc_nano.a(libc_a-sprintf.o)
                0x000000000800dd7c                siprintf
                0x000000000800dd7c                sprintf
 .text.memset   0x000000000800ddbc       0x10 C:/ST/STM32CubeIDE_1.13.2/STM32CubeIDE/plugins/com.st.stm32cube.ide.mcu.externaltools.gnu-tools-for-stm32.11.3.rel1.win32_1.1.1.202309131626/tools/bin/../lib/gcc/arm-none-eabi/11.3.1/../../../../arm-none-eabi/lib/thumb/v7-m/nofp\libc_nano.a(libc_a-memset.o)
                0x000000000800ddbc                memset
 .text.strstr   0x000000000800ddcc       0x2c C:/ST/STM32CubeIDE_1.13.2/STM32CubeIDE/plugins/com.st.stm32cube.ide.mcu.externaltools.gnu-tools-for-stm32.11.3.rel1.win32_1.1.1.202309131626/tools/bin/../lib/gcc/arm-none-eabi/11.3.1/../../../../arm-none-eabi/lib/thumb/v7-m/nofp\libc_nano.a(libc_a-strstr.o)
                0x000000000800ddcc                strstr
 .text._reclaim_reent
                0x000000000800ddf8       0xac C:/ST/STM32CubeIDE_1.13.2/STM32CubeIDE/plugins/com.st.stm32cube.ide.mcu.externaltools.gnu-tools-for-stm32.11.3.rel1.win32_1.1.1.202309131626/tools/bin/../lib/gcc/arm-none-eabi/11.3.1/../../../../arm-none-eabi/lib/thumb/v7-m/nofp\libc_nano.a(libc_a-reent.o)
                0x000000000800ddf8                _reclaim_reent
 .text._sbrk_r  0x000000000800dea4       0x20 C:/ST/STM32CubeIDE_1.13.2/STM32CubeIDE/plugins/com.st.stm32cube.ide.mcu.externaltools.gnu-tools-for-stm32.11.3.rel1.win32_1.1.1.202309131626/tools/bin/../lib/gcc/arm-none-eabi/11.3.1/../../../../arm-none-eabi/lib/thumb/v7-m/nofp\libc_nano.a(libc_a-sbrkr.o)
                0x000000000800dea4                _sbrk_r
 .text.__errno  0x000000000800dec4        0xc C:/ST/STM32CubeIDE_1.13.2/STM32CubeIDE/plugins/com.st.stm32cube.ide.mcu.externaltools.gnu-tools-for-stm32.11.3.rel1.win32_1.1.1.202309131626/tools/bin/../lib/gcc/arm-none-eabi/11.3.1/../../../../arm-none-eabi/lib/thumb/v7-m/nofp\libc_nano.a(libc_a-errno.o)
                0x000000000800dec4                __errno
 .text.__libc_init_array
                0x000000000800ded0       0x48 C:/ST/STM32CubeIDE_1.13.2/STM32CubeIDE/plugins/com.st.stm32cube.ide.mcu.externaltools.gnu-tools-for-stm32.11.3.rel1.win32_1.1.1.202309131626/tools/bin/../lib/gcc/arm-none-eabi/11.3.1/../../../../arm-none-eabi/lib/thumb/v7-m/nofp\libc_nano.a(libc_a-init.o)
                0x000000000800ded0                __libc_init_array
 .text.__retarget_lock_acquire_recursive
                0x000000000800df18        0x2 C:/ST/STM32CubeIDE_1.13.2/STM32CubeIDE/plugins/com.st.stm32cube.ide.mcu.externaltools.gnu-tools-for-stm32.11.3.rel1.win32_1.1.1.202309131626/tools/bin/../lib/gcc/arm-none-eabi/11.3.1/../../../../arm-none-eabi/lib/thumb/v7-m/nofp\libc_nano.a(libc_a-lock.o)
                0x000000000800df18                __retarget_lock_acquire_recursive
 .text.__retarget_lock_release_recursive
                0x000000000800df1a        0x2 C:/ST/STM32CubeIDE_1.13.2/STM32CubeIDE/plugins/com.st.stm32cube.ide.mcu.externaltools.gnu-tools-for-stm32.11.3.rel1.win32_1.1.1.202309131626/tools/bin/../lib/gcc/arm-none-eabi/11.3.1/../../../../arm-none-eabi/lib/thumb/v7-m/nofp\libc_nano.a(libc_a-lock.o)
                0x000000000800df1a                __retarget_lock_release_recursive
 .text.strcpy   0x000000000800df1c       0x10 C:/ST/STM32CubeIDE_1.13.2/STM32CubeIDE/plugins/com.st.stm32cube.ide.mcu.externaltools.gnu-tools-for-stm32.11.3.rel1.win32_1.1.1.202309131626/tools/bin/../lib/gcc/arm-none-eabi/11.3.1/../../../../arm-none-eabi/lib/thumb/v7-m/nofp\libc_nano.a(libc_a-strcpy.o)
                0x000000000800df1c                strcpy
 .text.memcpy   0x000000000800df2c       0x1c C:/ST/STM32CubeIDE_1.13.2/STM32CubeIDE/plugins/com.st.stm32cube.ide.mcu.externaltools.gnu-tools-for-stm32.11.3.rel1.win32_1.1.1.202309131626/tools/bin/../lib/gcc/arm-none-eabi/11.3.1/../../../../arm-none-eabi/lib/thumb/v7-m/nofp\libc_nano.a(libc_a-memcpy-stub.o)
                0x000000000800df2c                memcpy
 .text._free_r  0x000000000800df48       0x90 C:/ST/STM32CubeIDE_1.13.2/STM32CubeIDE/plugins/com.st.stm32cube.ide.mcu.externaltools.gnu-tools-for-stm32.11.3.rel1.win32_1.1.1.202309131626/tools/bin/../lib/gcc/arm-none-eabi/11.3.1/../../../../arm-none-eabi/lib/thumb/v7-m/nofp\libc_nano.a(libc_a-freer.o)
                0x000000000800df48                _free_r
 .text.__ssputs_r
                0x000000000800dfd8       0xb4 C:/ST/STM32CubeIDE_1.13.2/STM32CubeIDE/plugins/com.st.stm32cube.ide.mcu.externaltools.gnu-tools-for-stm32.11.3.rel1.win32_1.1.1.202309131626/tools/bin/../lib/gcc/arm-none-eabi/11.3.1/../../../../arm-none-eabi/lib/thumb/v7-m/nofp\libc_nano.a(libc_a-nano-svfprintf.o)
                0x000000000800dfd8                __ssputs_r
 .text._svfprintf_r
                0x000000000800e08c      0x1fc C:/ST/STM32CubeIDE_1.13.2/STM32CubeIDE/plugins/com.st.stm32cube.ide.mcu.externaltools.gnu-tools-for-stm32.11.3.rel1.win32_1.1.1.202309131626/tools/bin/../lib/gcc/arm-none-eabi/11.3.1/../../../../arm-none-eabi/lib/thumb/v7-m/nofp\libc_nano.a(libc_a-nano-svfprintf.o)
                0x000000000800e08c                _svfiprintf_r
                0x000000000800e08c                _svfprintf_r
 .text._printf_common
                0x000000000800e288       0xe4 C:/ST/STM32CubeIDE_1.13.2/STM32CubeIDE/plugins/com.st.stm32cube.ide.mcu.externaltools.gnu-tools-for-stm32.11.3.rel1.win32_1.1.1.202309131626/tools/bin/../lib/gcc/arm-none-eabi/11.3.1/../../../../arm-none-eabi/lib/thumb/v7-m/nofp\libc_nano.a(libc_a-nano-vfprintf_i.o)
                0x000000000800e288                _printf_common
 .text._printf_i
                0x000000000800e36c      0x244 C:/ST/STM32CubeIDE_1.13.2/STM32CubeIDE/plugins/com.st.stm32cube.ide.mcu.externaltools.gnu-tools-for-stm32.11.3.rel1.win32_1.1.1.202309131626/tools/bin/../lib/gcc/arm-none-eabi/11.3.1/../../../../arm-none-eabi/lib/thumb/v7-m/nofp\libc_nano.a(libc_a-nano-vfprintf_i.o)
                0x000000000800e36c                _printf_i
 .text.memmove  0x000000000800e5b0       0x34 C:/ST/STM32CubeIDE_1.13.2/STM32CubeIDE/plugins/com.st.stm32cube.ide.mcu.externaltools.gnu-tools-for-stm32.11.3.rel1.win32_1.1.1.202309131626/tools/bin/../lib/gcc/arm-none-eabi/11.3.1/../../../../arm-none-eabi/lib/thumb/v7-m/nofp\libc_nano.a(libc_a-memmove.o)
                0x000000000800e5b0                memmove
 .text.memchr   0x000000000800e5e4       0x1c C:/ST/STM32CubeIDE_1.13.2/STM32CubeIDE/plugins/com.st.stm32cube.ide.mcu.externaltools.gnu-tools-for-stm32.11.3.rel1.win32_1.1.1.202309131626/tools/bin/../lib/gcc/arm-none-eabi/11.3.1/../../../../arm-none-eabi/lib/thumb/v7-m/nofp\libc_nano.a(libc_a-memchr-stub.o)
                0x000000000800e5e4                memchr
 .text._realloc_r
                0x000000000800e600       0x5e C:/ST/STM32CubeIDE_1.13.2/STM32CubeIDE/plugins/com.st.stm32cube.ide.mcu.externaltools.gnu-tools-for-stm32.11.3.rel1.win32_1.1.1.202309131626/tools/bin/../lib/gcc/arm-none-eabi/11.3.1/../../../../arm-none-eabi/lib/thumb/v7-m/nofp\libc_nano.a(libc_a-reallocr.o)
                0x000000000800e600                _realloc_r
 .text._malloc_usable_size_r
                0x000000000800e65e       0x10 C:/ST/STM32CubeIDE_1.13.2/STM32CubeIDE/plugins/com.st.stm32cube.ide.mcu.externaltools.gnu-tools-for-stm32.11.3.rel1.win32_1.1.1.202309131626/tools/bin/../lib/gcc/arm-none-eabi/11.3.1/../../../../arm-none-eabi/lib/thumb/v7-m/nofp\libc_nano.a(libc_a-msizer.o)
                0x000000000800e65e                _malloc_usable_size_r
 *(.glue_7)
 .glue_7        0x000000000800e66e        0x0 linker stubs
 *(.glue_7t)
 .glue_7t       0x000000000800e66e        0x0 linker stubs
 *(.eh_frame)
 *fill*         0x000000000800e66e        0x2 
 .eh_frame      0x000000000800e670        0x0 C:/ST/STM32CubeIDE_1.13.2/STM32CubeIDE/plugins/com.st.stm32cube.ide.mcu.externaltools.gnu-tools-for-stm32.11.3.rel1.win32_1.1.1.202309131626/tools/bin/../lib/gcc/arm-none-eabi/11.3.1/thumb/v7-m/nofp/crtbegin.o
 *(.init)
 .init          0x000000000800e670        0x4 C:/ST/STM32CubeIDE_1.13.2/STM32CubeIDE/plugins/com.st.stm32cube.ide.mcu.externaltools.gnu-tools-for-stm32.11.3.rel1.win32_1.1.1.202309131626/tools/bin/../lib/gcc/arm-none-eabi/11.3.1/thumb/v7-m/nofp/crti.o
                0x000000000800e670                _init
 .init          0x000000000800e674        0x8 C:/ST/STM32CubeIDE_1.13.2/STM32CubeIDE/plugins/com.st.stm32cube.ide.mcu.externaltools.gnu-tools-for-stm32.11.3.rel1.win32_1.1.1.202309131626/tools/bin/../lib/gcc/arm-none-eabi/11.3.1/thumb/v7-m/nofp/crtn.o
 *(.fini)
 .fini          0x000000000800e67c        0x4 C:/ST/STM32CubeIDE_1.13.2/STM32CubeIDE/plugins/com.st.stm32cube.ide.mcu.externaltools.gnu-tools-for-stm32.11.3.rel1.win32_1.1.1.202309131626/tools/bin/../lib/gcc/arm-none-eabi/11.3.1/thumb/v7-m/nofp/crti.o
                0x000000000800e67c                _fini
 .fini          0x000000000800e680        0x8 C:/ST/STM32CubeIDE_1.13.2/STM32CubeIDE/plugins/com.st.stm32cube.ide.mcu.externaltools.gnu-tools-for-stm32.11.3.rel1.win32_1.1.1.202309131626/tools/bin/../lib/gcc/arm-none-eabi/11.3.1/thumb/v7-m/nofp/crtn.o
                0x000000000800e688                . = ALIGN (0x4)
                0x000000000800e688                _etext = .

.vfp11_veneer   0x000000000800e688        0x0
 .vfp11_veneer  0x000000000800e688        0x0 linker stubs

.v4_bx          0x000000000800e688        0x0
 .v4_bx         0x000000000800e688        0x0 linker stubs

.iplt           0x000000000800e688        0x0
 .iplt          0x000000000800e688        0x0 C:/ST/STM32CubeIDE_1.13.2/STM32CubeIDE/plugins/com.st.stm32cube.ide.mcu.externaltools.gnu-tools-for-stm32.11.3.rel1.win32_1.1.1.202309131626/tools/bin/../lib/gcc/arm-none-eabi/11.3.1/thumb/v7-m/nofp/crtbegin.o

.rodata         0x000000000800e688      0x40c
                0x000000000800e688                . = ALIGN (0x4)
 *(.rodata)
 .rodata        0x000000000800e688       0xd1 ./Core/Src/Bluetooth.o
 *fill*         0x000000000800e759        0x3 
 .rodata        0x000000000800e75c      0x100 ./Core/Src/main.o
 .rodata        0x000000000800e85c      0x127 ./Core/Tasks/Src/TaskBluetooth.o
 *fill*         0x000000000800e983        0x1 
 .rodata        0x000000000800e984       0x80 ./Core/Tasks/Src/TaskEeprom.o
 .rodata        0x000000000800ea04        0x1 ./Middlewares/Third_Party/FreeRTOS/Source/CMSIS_RTOS/cmsis_os.o
 *fill*         0x000000000800ea05        0x3 
 .rodata        0x000000000800ea08        0x5 ./Middlewares/Third_Party/FreeRTOS/Source/tasks.o
 *fill*         0x000000000800ea0d        0x3 
 .rodata        0x000000000800ea10        0xd ./Middlewares/Third_Party/FreeRTOS/Source/timers.o
 *(.rodata*)
 *fill*         0x000000000800ea1d        0x3 
 .rodata.AHBPrescTable
                0x000000000800ea20       0x10 ./Core/Src/system_stm32f1xx.o
                0x000000000800ea20                AHBPrescTable
 .rodata.APBPrescTable
                0x000000000800ea30        0x8 ./Core/Src/system_stm32f1xx.o
                0x000000000800ea30                APBPrescTable
 .rodata.aPLLMULFactorTable.1
                0x000000000800ea38       0x10 ./Drivers/STM32F1xx_HAL_Driver/Src/stm32f1xx_hal_rcc.o
 .rodata.aPredivFactorTable.0
                0x000000000800ea48        0x2 ./Drivers/STM32F1xx_HAL_Driver/Src/stm32f1xx_hal_rcc.o
 *fill*         0x000000000800ea4a        0x2 
 .rodata.aPLLMULFactorTable.1
                0x000000000800ea4c       0x10 ./Drivers/STM32F1xx_HAL_Driver/Src/stm32f1xx_hal_rcc_ex.o
 .rodata.aPredivFactorTable.0
                0x000000000800ea5c        0x2 ./Drivers/STM32F1xx_HAL_Driver/Src/stm32f1xx_hal_rcc_ex.o
 .rodata._svfprintf_r.str1.1
                0x000000000800ea5e       0x11 C:/ST/STM32CubeIDE_1.13.2/STM32CubeIDE/plugins/com.st.stm32cube.ide.mcu.externaltools.gnu-tools-for-stm32.11.3.rel1.win32_1.1.1.202309131626/tools/bin/../lib/gcc/arm-none-eabi/11.3.1/../../../../arm-none-eabi/lib/thumb/v7-m/nofp\libc_nano.a(libc_a-nano-svfprintf.o)
 .rodata._printf_i.str1.1
                0x000000000800ea6f       0x22 C:/ST/STM32CubeIDE_1.13.2/STM32CubeIDE/plugins/com.st.stm32cube.ide.mcu.externaltools.gnu-tools-for-stm32.11.3.rel1.win32_1.1.1.202309131626/tools/bin/../lib/gcc/arm-none-eabi/11.3.1/../../../../arm-none-eabi/lib/thumb/v7-m/nofp\libc_nano.a(libc_a-nano-vfprintf_i.o)
                0x000000000800ea94                . = ALIGN (0x4)
 *fill*         0x000000000800ea91        0x3 

.rel.dyn        0x000000000800ea94        0x0
 .rel.iplt      0x000000000800ea94        0x0 C:/ST/STM32CubeIDE_1.13.2/STM32CubeIDE/plugins/com.st.stm32cube.ide.mcu.externaltools.gnu-tools-for-stm32.11.3.rel1.win32_1.1.1.202309131626/tools/bin/../lib/gcc/arm-none-eabi/11.3.1/thumb/v7-m/nofp/crtbegin.o

.ARM.extab      0x000000000800ea94        0x0
                0x000000000800ea94                . = ALIGN (0x4)
 *(.ARM.extab* .gnu.linkonce.armextab.*)
                0x000000000800ea94                . = ALIGN (0x4)

.ARM            0x000000000800ea94        0x0
                0x000000000800ea94                . = ALIGN (0x4)
                0x000000000800ea94                __exidx_start = .
 *(.ARM.exidx*)
                0x000000000800ea94                __exidx_end = .
                0x000000000800ea94                . = ALIGN (0x4)

.preinit_array  0x000000000800ea94        0x0
                0x000000000800ea94                . = ALIGN (0x4)
                0x000000000800ea94                PROVIDE (__preinit_array_start = .)
 *(.preinit_array*)
                0x000000000800ea94                PROVIDE (__preinit_array_end = .)
                0x000000000800ea94                . = ALIGN (0x4)

.init_array     0x000000000800ea94        0x4
                0x000000000800ea94                . = ALIGN (0x4)
                0x000000000800ea94                PROVIDE (__init_array_start = .)
 *(SORT_BY_NAME(.init_array.*))
 *(.init_array*)
 .init_array    0x000000000800ea94        0x4 C:/ST/STM32CubeIDE_1.13.2/STM32CubeIDE/plugins/com.st.stm32cube.ide.mcu.externaltools.gnu-tools-for-stm32.11.3.rel1.win32_1.1.1.202309131626/tools/bin/../lib/gcc/arm-none-eabi/11.3.1/thumb/v7-m/nofp/crtbegin.o
                0x000000000800ea98                PROVIDE (__init_array_end = .)
                0x000000000800ea98                . = ALIGN (0x4)

.fini_array     0x000000000800ea98        0x4
                0x000000000800ea98                . = ALIGN (0x4)
                [!provide]                        PROVIDE (__fini_array_start = .)
 *(SORT_BY_NAME(.fini_array.*))
 *(.fini_array*)
 .fini_array    0x000000000800ea98        0x4 C:/ST/STM32CubeIDE_1.13.2/STM32CubeIDE/plugins/com.st.stm32cube.ide.mcu.externaltools.gnu-tools-for-stm32.11.3.rel1.win32_1.1.1.202309131626/tools/bin/../lib/gcc/arm-none-eabi/11.3.1/thumb/v7-m/nofp/crtbegin.o
                [!provide]                        PROVIDE (__fini_array_end = .)
                0x000000000800ea9c                . = ALIGN (0x4)
                0x000000000800ea9c                _sidata = LOADADDR (.data)

.data           0x0000000020000000      0x260 load address 0x000000000800ea9c
                0x0000000020000000                . = ALIGN (0x4)
                0x0000000020000000                _sdata = .
 *(.data)
 *(.data*)
 .data.auchCRCHi.3
                0x0000000020000000      0x100 ./Core/Src/Bluetooth.o
 .data.auchCRCLo.2
                0x0000000020000100      0x100 ./Core/Src/Bluetooth.o
 .data.SystemCoreClock
                0x0000000020000200        0x4 ./Core/Src/system_stm32f1xx.o
                0x0000000020000200                SystemCoreClock
 .data.uwTickPrio
                0x0000000020000204        0x4 ./Drivers/STM32F1xx_HAL_Driver/Src/stm32f1xx_hal.o
                0x0000000020000204                uwTickPrio
 .data.uwTickFreq
                0x0000000020000208        0x1 ./Drivers/STM32F1xx_HAL_Driver/Src/stm32f1xx_hal.o
                0x0000000020000208                uwTickFreq
 *fill*         0x0000000020000209        0x3 
 .data.uxCriticalNesting
                0x000000002000020c        0x4 ./Middlewares/Third_Party/FreeRTOS/Source/portable/GCC/ARM_CM3/port.o
 .data._impure_data
                0x0000000020000210       0x4c C:/ST/STM32CubeIDE_1.13.2/STM32CubeIDE/plugins/com.st.stm32cube.ide.mcu.externaltools.gnu-tools-for-stm32.11.3.rel1.win32_1.1.1.202309131626/tools/bin/../lib/gcc/arm-none-eabi/11.3.1/../../../../arm-none-eabi/lib/thumb/v7-m/nofp\libc_nano.a(libc_a-impure.o)
                0x0000000020000210                _impure_data
 .data._impure_ptr
                0x000000002000025c        0x4 C:/ST/STM32CubeIDE_1.13.2/STM32CubeIDE/plugins/com.st.stm32cube.ide.mcu.externaltools.gnu-tools-for-stm32.11.3.rel1.win32_1.1.1.202309131626/tools/bin/../lib/gcc/arm-none-eabi/11.3.1/../../../../arm-none-eabi/lib/thumb/v7-m/nofp\libc_nano.a(libc_a-impure.o)
                0x000000002000025c                _impure_ptr
 *(.RamFunc)
 *(.RamFunc*)
                0x0000000020000260                . = ALIGN (0x4)
                0x0000000020000260                _edata = .

.igot.plt       0x0000000020000260        0x0 load address 0x000000000800ecfc
 .igot.plt      0x0000000020000260        0x0 C:/ST/STM32CubeIDE_1.13.2/STM32CubeIDE/plugins/com.st.stm32cube.ide.mcu.externaltools.gnu-tools-for-stm32.11.3.rel1.win32_1.1.1.202309131626/tools/bin/../lib/gcc/arm-none-eabi/11.3.1/thumb/v7-m/nofp/crtbegin.o
                0x0000000020000260                . = ALIGN (0x4)

.bss            0x0000000020000260     0x2cb8 load address 0x000000000800ecfc
                0x0000000020000260                _sbss = .
                0x0000000020000260                __bss_start__ = _sbss
 *(.bss)
 .bss           0x0000000020000260       0x1c C:/ST/STM32CubeIDE_1.13.2/STM32CubeIDE/plugins/com.st.stm32cube.ide.mcu.externaltools.gnu-tools-for-stm32.11.3.rel1.win32_1.1.1.202309131626/tools/bin/../lib/gcc/arm-none-eabi/11.3.1/thumb/v7-m/nofp/crtbegin.o
 *(.bss*)
 .bss.addr8Bits
                0x000000002000027c        0xc ./Core/Src/Bluetooth.o
                0x000000002000027c                addr8Bits
 .bss.addr32Bits
                0x0000000020000288        0xc ./Core/Src/Bluetooth.o
                0x0000000020000288                addr32Bits
 .bss.UARTHandle
                0x0000000020000294        0x4 ./Core/Src/Bluetooth.o
                0x0000000020000294                UARTHandle
 .bss.UARTDMAHandle
                0x0000000020000298        0x4 ./Core/Src/Bluetooth.o
                0x0000000020000298                UARTDMAHandle
 .bss.CRCReceive
                0x000000002000029c        0x2 ./Core/Src/Bluetooth.o
                0x000000002000029c                CRCReceive
 .bss.tryingName.1
                0x000000002000029e        0x1 ./Core/Src/Bluetooth.o
 .bss.tryingAddr.0
                0x000000002000029f        0x1 ./Core/Src/Bluetooth.o
 .bss.xIdleTaskTCBBuffer
                0x00000000200002a0       0xa0 ./Core/Src/freertos.o
 .bss.xIdleStack
                0x0000000020000340      0x200 ./Core/Src/freertos.o
 .bss.xTimerTaskTCBBuffer
                0x0000000020000540       0xa0 ./Core/Src/freertos.o
 .bss.xTimerStack
                0x00000000200005e0      0x400 ./Core/Src/freertos.o
 .bss.hadc1     0x00000000200009e0       0x30 ./Core/Src/main.o
                0x00000000200009e0                hadc1
 .bss.hdma_adc1
                0x0000000020000a10       0x44 ./Core/Src/main.o
                0x0000000020000a10                hdma_adc1
 .bss.hi2c1     0x0000000020000a54       0x54 ./Core/Src/main.o
                0x0000000020000a54                hi2c1
 .bss.hrtc      0x0000000020000aa8       0x14 ./Core/Src/main.o
                0x0000000020000aa8                hrtc
 .bss.htim2     0x0000000020000abc       0x48 ./Core/Src/main.o
                0x0000000020000abc                htim2
 .bss.htim3     0x0000000020000b04       0x48 ./Core/Src/main.o
                0x0000000020000b04                htim3
 .bss.huart1    0x0000000020000b4c       0x48 ./Core/Src/main.o
                0x0000000020000b4c                huart1
 .bss.huart3    0x0000000020000b94       0x48 ./Core/Src/main.o
                0x0000000020000b94                huart3
 .bss.hdma_usart1_rx
                0x0000000020000bdc       0x44 ./Core/Src/main.o
                0x0000000020000bdc                hdma_usart1_rx
 .bss.hdma_usart3_rx
                0x0000000020000c20       0x44 ./Core/Src/main.o
                0x0000000020000c20                hdma_usart3_rx
 .bss.TaskBluetoothHandle
                0x0000000020000c64        0x4 ./Core/Src/main.o
                0x0000000020000c64                TaskBluetoothHandle
 .bss.TaskTemperaturaHandle
                0x0000000020000c68        0x4 ./Core/Src/main.o
                0x0000000020000c68                TaskTemperaturaHandle
 .bss.TaskBuzzerHandle
                0x0000000020000c6c        0x4 ./Core/Src/main.o
                0x0000000020000c6c                TaskBuzzerHandle
 .bss.TaskBuzzerBuffer
                0x0000000020000c70      0x200 ./Core/Src/main.o
                0x0000000020000c70                TaskBuzzerBuffer
 .bss.TaskBuzzerControlBlock
                0x0000000020000e70       0xa0 ./Core/Src/main.o
                0x0000000020000e70                TaskBuzzerControlBlock
 .bss.TaskTimerHandle
                0x0000000020000f10        0x4 ./Core/Src/main.o
                0x0000000020000f10                TaskTimerHandle
 .bss.TaskTimerBuffer
                0x0000000020000f14      0x200 ./Core/Src/main.o
                0x0000000020000f14                TaskTimerBuffer
 .bss.TaskTimerControlBlock
                0x0000000020001114       0xa0 ./Core/Src/main.o
                0x0000000020001114                TaskTimerControlBlock
 .bss.TaskEepromHandle
                0x00000000200011b4        0x4 ./Core/Src/main.o
                0x00000000200011b4                TaskEepromHandle
 .bss.FilaComandoHandle
                0x00000000200011b8        0x4 ./Core/Src/main.o
                0x00000000200011b8                FilaComandoHandle
 .bss.FilaTXBluetoothHandle
                0x00000000200011bc        0x4 ./Core/Src/main.o
                0x00000000200011bc                FilaTXBluetoothHandle
 .bss.FilaRXBluetoothHandle
                0x00000000200011c0        0x4 ./Core/Src/main.o
                0x00000000200011c0                FilaRXBluetoothHandle
 .bss.FilaEepromHandle
                0x00000000200011c4        0x4 ./Core/Src/main.o
                0x00000000200011c4                FilaEepromHandle
 .bss.timer10msHandle
                0x00000000200011c8        0x4 ./Core/Src/main.o
                0x00000000200011c8                timer10msHandle
 .bss.timer1000msHandle
                0x00000000200011cc        0x4 ./Core/Src/main.o
                0x00000000200011cc                timer1000msHandle
 .bss.BinSemUartTxHandle
                0x00000000200011d0        0x4 ./Core/Src/main.o
                0x00000000200011d0                BinSemUartTxHandle
 .bss.tempInterna
                0x00000000200011d4        0x4 ./Core/Src/main.o
                0x00000000200011d4                tempInterna
 .bss.bluetooth
                0x00000000200011d8      0x140 ./Core/Src/main.o
                0x00000000200011d8                bluetooth
 .bss.buffer_ADC
                0x0000000020001318        0xc ./Core/Src/main.o
                0x0000000020001318                buffer_ADC
 *fill*         0x0000000020001324        0x4 
 .bss.PrimitiveStates
                0x0000000020001328       0x38 ./Core/Src/main.o
                0x0000000020001328                PrimitiveStates
 .bss.Calendario
                0x0000000020001360        0xa ./Core/Src/main.o
                0x0000000020001360                Calendario