../Core/Src/main.c:860:6:timeoutAquecimento	8	static
../Core/Src/main.c:877:6:timeoutDesligaLampada	0	static
../Core/Src/main.c:891:13:StartBluetooth	8	static
../Core/Src/main.c:975:6:CBTimer100ms	8	static
../Core/Src/main.c:963:13:StartEeprom	8	static
../Core/Src/main.c:909:13:StartTemperatura	8	static
../Core/Src/main.c:927:13:StartBuzzer	8	static
../Core/Src/main.c:945:13:StartTimer	8	static
../Core/Src/main.c:806:6:desligaForno	0	static
../Core/Src/main.c:816:6:controleCooler	24	static
../Core/Src/main.c:993:6:CBTimer1000ms	8	static
../Core/Src/main.c:824:6:HAL_ADC_ConvCpltCallback	32	static
../Core/Src/main.c:1019:6:HAL_TIM_PeriodElapsedCallback	0	static
../Core/Src/main.c:1036:6:Error_Handler	0	static,ignoring_inline_asm
../Core/Src/main.c:322:6:SystemClock_Config	96	static
../Core/Src/main.c:130:5:main	248	static
