../Core/Src/main.c:125:5:main	248	static
../Core/Src/main.c:259:6:SystemClock_Config	88	static
../Core/Src/main.c:307:13:MX_ADC1_Init	24	static
../Core/Src/main.c:372:13:MX_I2C1_Init	8	static
../Core/Src/main.c:406:13:MX_RTC_Init	16	static
../Core/Src/main.c:464:13:MX_TIM2_Init	64	static
../Core/Src/main.c:523:13:MX_TIM3_Init	64	static
../Core/Src/main.c:594:13:MX_USART1_UART_Init	8	static
../Core/Src/main.c:627:13:MX_USART3_UART_Init	8	static
../Core/Src/main.c:658:13:MX_DMA_Init	16	static
../Core/Src/main.c:682:13:MX_GPIO_Init	32	static
../Core/Src/main.c:743:6:desligaForno	4	static
../Core/Src/main.c:751:6:leTempInterna	8	static
../Core/Src/main.c:759:6:controleCooler	8	static
../Core/Src/main.c:767:6:HAL_ADC_ConvCpltCallback	40	static
../Core/Src/main.c:825:13:StartBluetooth	16	static
../Core/Src/main.c:843:13:StartTemperatura	16	static
../Core/Src/main.c:861:13:StartBuzzer	16	static
../Core/Src/main.c:879:13:StartTimer	16	static
../Core/Src/main.c:897:13:StartEeprom	16	static
../Core/Src/main.c:909:6:CBTimer10ms	16	static
../Core/Src/main.c:919:6:CBTimer1000ms	16	static
../Core/Src/main.c:946:6:HAL_TIM_PeriodElapsedCallback	16	static
../Core/Src/main.c:963:6:Error_Handler	4	static,ignoring_inline_asm
