../Core/Src/main.c:863:6:timeoutAquecimento	8	static
../Core/Src/main.c:880:6:timeoutDesligaLampada	0	static
../Core/Src/main.c:894:13:StartBluetooth	8	static
../Core/Src/main.c:978:6:CBTimer10ms	8	static
../Core/Src/main.c:966:13:StartEeprom	8	static
../Core/Src/main.c:912:13:StartTemperatura	8	static
../Core/Src/main.c:930:13:StartBuzzer	8	static
../Core/Src/main.c:948:13:StartTimer	8	static
../Core/Src/main.c:122:5:_write	12	static,ignoring_inline_asm
../Core/Src/main.c:809:6:desligaForno	0	static
../Core/Src/main.c:819:6:controleCooler	24	static
../Core/Src/main.c:998:6:CBTimer1000ms	8	static
../Core/Src/main.c:827:6:HAL_ADC_ConvCpltCallback	32	static
../Core/Src/main.c:1025:6:HAL_TIM_PeriodElapsedCallback	0	static
../Core/Src/main.c:1042:6:Error_Handler	0	static,ignoring_inline_asm
../Core/Src/main.c:325:6:SystemClock_Config	96	static
../Core/Src/main.c:139:5:main	248	static
