../Core/Src/main.c:92:5:main	104	static
../Core/Src/main.c:181:6:SystemClock_Config	88	static
../Core/Src/main.c:227:13:MX_ADC1_Init	24	static
../Core/Src/main.c:283:13:MX_I2C1_Init	8	static
../Core/Src/main.c:317:13:MX_TIM2_Init	48	static
../Core/Src/main.c:366:13:MX_TIM3_Init	64	static
../Core/Src/main.c:435:13:MX_DMA_Init	16	static
../Core/Src/main.c:453:13:MX_GPIO_Init	32	static
../Core/Src/main.c:489:6:HAL_ADC_ConvCpltCallback	40	static
../Core/Src/main.c:544:6:StartDefaultTask	16	static
../Core/Src/main.c:562:13:StartTemperatura	16	static
../Core/Src/main.c:580:13:StartBuzzer	16	static
../Core/Src/main.c:599:6:HAL_TIM_PeriodElapsedCallback	16	static
../Core/Src/main.c:616:6:Error_Handler	4	static,ignoring_inline_asm
