../Core/Src/main.c:845:6:timeoutAquecimento	8	static
../Core/Src/main.c:855:6:timeoutDesligaLampada	0	static
../Core/Src/main.c:869:13:StartBluetooth	8	static
../Core/Src/main.c:953:6:CBTimer10ms	0	static
../Core/Src/main.c:941:13:StartEeprom	8	static
../Core/Src/main.c:887:13:StartTemperatura	8	static
../Core/Src/main.c:905:13:StartBuzzer	8	static
../Core/Src/main.c:923:13:StartTimer	8	static
../Core/Src/main.c:298:6:SystemClock_Config	96	static,ignoring_inline_asm
../Core/Src/main.c:129:5:main	296	static,ignoring_inline_asm
../Core/Src/main.c:782:6:desligaForno	0	static
../Core/Src/main.c:790:6:leTempInterna	8	static
../Core/Src/main.c:798:6:controleCooler	24	static
../Core/Src/main.c:963:6:CBTimer1000ms	8	static
../Core/Src/main.c:806:6:HAL_ADC_ConvCpltCallback	32	static
../Core/Src/main.c:993:6:HAL_TIM_PeriodElapsedCallback	0	static
../Core/Src/main.c:1010:6:Error_Handler	0	static,ignoring_inline_asm
