../Core/Src/main.c:116:5:main	232	static
../Core/Src/main.c:237:6:SystemClock_Config	88	static
../Core/Src/main.c:283:13:MX_ADC1_Init	24	static
../Core/Src/main.c:339:13:MX_I2C1_Init	8	static
../Core/Src/main.c:373:13:MX_TIM2_Init	64	static
../Core/Src/main.c:432:13:MX_TIM3_Init	64	static
../Core/Src/main.c:503:13:MX_USART1_UART_Init	8	static
../Core/Src/main.c:536:13:MX_USART3_UART_Init	8	static
../Core/Src/main.c:567:13:MX_DMA_Init	16	static
../Core/Src/main.c:591:13:MX_GPIO_Init	32	static
../Core/Src/main.c:652:6:HAL_ADC_ConvCpltCallback	40	static
../Core/Src/main.c:707:13:StartBluetooth	16	static
../Core/Src/main.c:725:13:StartTemperatura	16	static
../Core/Src/main.c:743:13:StartBuzzer	16	static
../Core/Src/main.c:761:13:StartTimer	16	static
../Core/Src/main.c:779:13:StartEeprom	16	static
../Core/Src/main.c:798:6:HAL_TIM_PeriodElapsedCallback	16	static
../Core/Src/main.c:815:6:Error_Handler	4	static,ignoring_inline_asm
