../Core/Src/main.c:868:6:timeoutAquecimento	8	static
../Core/Src/main.c:878:6:timeoutDesligaLampada	0	static
../Core/Src/main.c:892:13:StartBluetooth	8	static
../Core/Src/main.c:976:6:CBTimer10ms	0	static
../Core/Src/main.c:964:13:StartEeprom	8	static
../Core/Src/main.c:910:13:StartTemperatura	8	static
../Core/Src/main.c:928:13:StartBuzzer	8	static
../Core/Src/main.c:946:13:StartTimer	8	static
../Core/Src/main.c:319:6:SystemClock_Config	96	static,ignoring_inline_asm
../Core/Src/main.c:138:5:main	296	static,ignoring_inline_asm
../Core/Src/main.c:803:6:desligaForno	0	static
../Core/Src/main.c:813:6:leTempInterna	8	static
../Core/Src/main.c:821:6:controleCooler	24	static
../Core/Src/main.c:986:6:CBTimer1000ms	8	static
../Core/Src/main.c:829:6:HAL_ADC_ConvCpltCallback	32	static
../Core/Src/main.c:1013:6:HAL_TIM_PeriodElapsedCallback	0	static
../Core/Src/main.c:1030:6:Error_Handler	0	static,ignoring_inline_asm
