../Core/Src/main.c:860:6:timeoutAquecimento	16	static
../Core/Src/main.c:745:13:MX_GPIO_Init	56	static
../Core/Src/main.c:721:13:MX_DMA_Init	16	static
../Core/Src/main.c:870:6:timeoutDesligaLampada	8	static
../Core/Src/main.c:884:13:StartBluetooth	8	static
../Core/Src/main.c:902:13:StartTemperatura	8	static
../Core/Src/main.c:920:13:StartBuzzer	8	static
../Core/Src/main.c:938:13:StartTimer	8	static
../Core/Src/main.c:956:13:StartEeprom	8	static
../Core/Src/main.c:968:6:CBTimer10ms	8	static
../Core/Src/main.c:122:5:_write	0	static,ignoring_inline_asm
../Core/Src/main.c:806:6:desligaForno	0	static
../Core/Src/main.c:816:6:controleCooler	24	static
../Core/Src/main.c:978:6:CBTimer1000ms	8	static
../Core/Src/main.c:824:6:HAL_ADC_ConvCpltCallback	24	static
../Core/Src/main.c:1007:6:HAL_TIM_PeriodElapsedCallback	8	static
../Core/Src/main.c:1024:6:Error_Handler	0	static,ignoring_inline_asm
../Core/Src/main.c:370:13:MX_ADC1_Init	24	static
../Core/Src/main.c:435:13:MX_I2C1_Init	8	static
../Core/Src/main.c:586:13:MX_TIM3_Init	64	static
../Core/Src/main.c:527:13:MX_TIM2_Init	64	static
../Core/Src/main.c:657:13:MX_USART1_UART_Init	8	static
../Core/Src/main.c:690:13:MX_USART3_UART_Init	8	static
../Core/Src/main.c:469:13:MX_RTC_Init	16	static
../Core/Src/main.c:322:6:SystemClock_Config	88	static
../Core/Src/main.c:139:5:main	240	static
