../Core/Src/main.c:126:5:main	248	static
../Core/Src/main.c:259:6:SystemClock_Config	88	static
../Core/Src/main.c:305:13:MX_ADC1_Init	24	static
../Core/Src/main.c:370:13:MX_I2C1_Init	8	static
../Core/Src/main.c:404:13:MX_TIM2_Init	64	static
../Core/Src/main.c:463:13:MX_TIM3_Init	64	static
../Core/Src/main.c:534:13:MX_USART1_UART_Init	8	static
../Core/Src/main.c:567:13:MX_USART3_UART_Init	8	static
../Core/Src/main.c:598:13:MX_DMA_Init	16	static
../Core/Src/main.c:622:13:MX_GPIO_Init	32	static
../Core/Src/main.c:683:6:desligaForno	4	static
../Core/Src/main.c:691:6:leTempInterna	8	static
../Core/Src/main.c:699:6:controleCooler	8	static
../Core/Src/main.c:707:6:HAL_ADC_ConvCpltCallback	40	static
../Core/Src/main.c:765:13:StartBluetooth	16	static
../Core/Src/main.c:783:13:StartTemperatura	16	static
../Core/Src/main.c:801:13:StartBuzzer	16	static
../Core/Src/main.c:819:13:StartTimer	16	static
../Core/Src/main.c:837:13:StartEeprom	16	static
../Core/Src/main.c:849:6:CBTimer10ms	16	static
../Core/Src/main.c:859:6:CBTimer1000ms	16	static
../Core/Src/main.c:886:6:HAL_TIM_PeriodElapsedCallback	16	static
../Core/Src/main.c:903:6:Error_Handler	4	static,ignoring_inline_asm
