../Core/Src/main.c:96:5:main	128	static
../Core/Src/main.c:189:6:SystemClock_Config	88	static
../Core/Src/main.c:235:13:MX_ADC1_Init	24	static
../Core/Src/main.c:291:13:MX_I2C1_Init	8	static
../Core/Src/main.c:325:13:MX_TIM2_Init	48	static
../Core/Src/main.c:374:13:MX_TIM3_Init	64	static
../Core/Src/main.c:443:13:MX_DMA_Init	16	static
../Core/Src/main.c:461:13:MX_GPIO_Init	32	static
../Core/Src/main.c:500:6:HAL_ADC_ConvCpltCallback	40	static
../Core/Src/main.c:555:6:StartDefaultTask	16	static
../Core/Src/main.c:573:13:StartTemperatura	16	static
../Core/Src/main.c:591:13:StartBuzzer	16	static
../Core/Src/main.c:609:13:StartTimer	16	static
../Core/Src/main.c:628:6:HAL_TIM_PeriodElapsedCallback	16	static
../Core/Src/main.c:645:6:Error_Handler	4	static,ignoring_inline_asm
