../Core/Src/main.c:862:6:timeoutAquecimento	8	static
../Core/Src/main.c:872:6:timeoutDesligaLampada	0	static
../Core/Src/main.c:886:13:StartBluetooth	8	static
../Core/Src/main.c:970:6:CBTimer10ms	0	static
../Core/Src/main.c:958:13:StartEeprom	8	static
../Core/Src/main.c:904:13:StartTemperatura	8	static
../Core/Src/main.c:922:13:StartBuzzer	8	static
../Core/Src/main.c:940:13:StartTimer	8	static
../Core/Src/main.c:324:6:SystemClock_Config	96	static,ignoring_inline_asm
../Core/Src/main.c:135:5:main	296	static,ignoring_inline_asm
../Core/Src/main.c:808:6:desligaForno	0	static
../Core/Src/main.c:818:6:controleCooler	24	static
../Core/Src/main.c:980:6:CBTimer1000ms	8	static
../Core/Src/main.c:826:6:HAL_ADC_ConvCpltCallback	32	static
../Core/Src/main.c:1007:6:HAL_TIM_PeriodElapsedCallback	0	static
../Core/Src/main.c:1024:6:Error_Handler	0	static,ignoring_inline_asm
