../Core/Src/main.c:847:6:timeoutAquecimento	8	static
../Core/Src/main.c:857:6:timeoutDesligaLampada	0	static
../Core/Src/main.c:871:13:StartBluetooth	8	static
../Core/Src/main.c:955:6:CBTimer10ms	0	static
../Core/Src/main.c:943:13:StartEeprom	8	static
../Core/Src/main.c:889:13:StartTemperatura	8	static
../Core/Src/main.c:907:13:StartBuzzer	8	static
../Core/Src/main.c:925:13:StartTimer	8	static
../Core/Src/main.c:300:6:SystemClock_Config	96	static,ignoring_inline_asm
../Core/Src/main.c:129:5:main	296	static,ignoring_inline_asm
../Core/Src/main.c:784:6:desligaForno	0	static
../Core/Src/main.c:792:6:leTempInterna	8	static
../Core/Src/main.c:800:6:controleCooler	24	static
../Core/Src/main.c:965:6:CBTimer1000ms	8	static
../Core/Src/main.c:808:6:HAL_ADC_ConvCpltCallback	32	static
../Core/Src/main.c:995:6:HAL_TIM_PeriodElapsedCallback	0	static
../Core/Src/main.c:1012:6:Error_Handler	0	static,ignoring_inline_asm
