../Core/Src/main.c:124:5:main	248	static
../Core/Src/main.c:257:6:SystemClock_Config	88	static
../Core/Src/main.c:303:13:MX_ADC1_Init	24	static
../Core/Src/main.c:368:13:MX_I2C1_Init	8	static
../Core/Src/main.c:402:13:MX_TIM2_Init	64	static
../Core/Src/main.c:461:13:MX_TIM3_Init	64	static
../Core/Src/main.c:532:13:MX_USART1_UART_Init	8	static
../Core/Src/main.c:565:13:MX_USART3_UART_Init	8	static
../Core/Src/main.c:596:13:MX_DMA_Init	16	static
../Core/Src/main.c:620:13:MX_GPIO_Init	32	static
../Core/Src/main.c:683:6:leTempInterna	8	static
../Core/Src/main.c:691:6:HAL_ADC_ConvCpltCallback	40	static
../Core/Src/main.c:749:13:StartBluetooth	16	static
../Core/Src/main.c:767:13:StartTemperatura	16	static
../Core/Src/main.c:785:13:StartBuzzer	16	static
../Core/Src/main.c:803:13:StartTimer	16	static
../Core/Src/main.c:821:13:StartEeprom	16	static
../Core/Src/main.c:833:6:CBTimer10ms	16	static
../Core/Src/main.c:874:6:CBTimer1000ms	16	static
../Core/Src/main.c:889:6:HAL_TIM_PeriodElapsedCallback	16	static
../Core/Src/main.c:906:6:Error_Handler	4	static,ignoring_inline_asm
