../Core/Src/main.c:128:5:main	264	static
../Core/Src/main.c:295:6:SystemClock_Config	88	static
../Core/Src/main.c:343:13:MX_ADC1_Init	24	static
../Core/Src/main.c:408:13:MX_I2C1_Init	8	static
../Core/Src/main.c:442:13:MX_RTC_Init	16	static
../Core/Src/main.c:500:13:MX_TIM2_Init	64	static
../Core/Src/main.c:559:13:MX_TIM3_Init	64	static
../Core/Src/main.c:630:13:MX_USART1_UART_Init	8	static
../Core/Src/main.c:663:13:MX_USART3_UART_Init	8	static
../Core/Src/main.c:694:13:MX_DMA_Init	16	static
../Core/Src/main.c:718:13:MX_GPIO_Init	32	static
../Core/Src/main.c:779:6:desligaForno	4	static
../Core/Src/main.c:787:6:leTempInterna	8	static
../Core/Src/main.c:795:6:controleCooler	8	static
../Core/Src/main.c:803:6:HAL_ADC_ConvCpltCallback	40	static
../Core/Src/main.c:851:6:timeoutAquecimento	16	static
../Core/Src/main.c:869:13:StartBluetooth	16	static
../Core/Src/main.c:887:13:StartTemperatura	16	static
../Core/Src/main.c:905:13:StartBuzzer	16	static
../Core/Src/main.c:923:13:StartTimer	16	static
../Core/Src/main.c:941:13:StartEeprom	16	static
../Core/Src/main.c:953:6:CBTimer10ms	16	static
../Core/Src/main.c:963:6:CBTimer1000ms	16	static
../Core/Src/main.c:993:6:HAL_TIM_PeriodElapsedCallback	16	static
../Core/Src/main.c:1010:6:Error_Handler	4	static,ignoring_inline_asm
