../Core/Src/main.c:859:6:timeoutAquecimento	16	static
../Core/Src/main.c:744:13:MX_GPIO_Init	56	static
../Core/Src/main.c:720:13:MX_DMA_Init	16	static
../Core/Src/main.c:869:6:timeoutDesligaLampada	8	static
../Core/Src/main.c:883:13:StartBluetooth	8	static
../Core/Src/main.c:901:13:StartTemperatura	8	static
../Core/Src/main.c:919:13:StartBuzzer	8	static
../Core/Src/main.c:937:13:StartTimer	8	static
../Core/Src/main.c:955:13:StartEeprom	8	static
../Core/Src/main.c:967:6:CBTimer10ms	8	static
../Core/Src/main.c:122:5:_write	0	static,ignoring_inline_asm
../Core/Src/main.c:805:6:desligaForno	0	static
../Core/Src/main.c:815:6:controleCooler	24	static
../Core/Src/main.c:977:6:CBTimer1000ms	8	static
../Core/Src/main.c:823:6:HAL_ADC_ConvCpltCallback	24	static
../Core/Src/main.c:1006:6:HAL_TIM_PeriodElapsedCallback	8	static
../Core/Src/main.c:1023:6:Error_Handler	0	static,ignoring_inline_asm
../Core/Src/main.c:369:13:MX_ADC1_Init	24	static
../Core/Src/main.c:434:13:MX_I2C1_Init	8	static
../Core/Src/main.c:585:13:MX_TIM3_Init	64	static
../Core/Src/main.c:526:13:MX_TIM2_Init	64	static
../Core/Src/main.c:656:13:MX_USART1_UART_Init	8	static
../Core/Src/main.c:689:13:MX_USART3_UART_Init	8	static
../Core/Src/main.c:468:13:MX_RTC_Init	16	static
../Core/Src/main.c:321:6:SystemClock_Config	88	static
../Core/Src/main.c:139:5:main	240	static
