../Core/Src/stm32f1xx_hal_msp.c:71:6:HAL_MspInit	16	static
../Core/Src/stm32f1xx_hal_msp.c:99:6:HAL_ADC_MspInit	40	static
../Core/Src/stm32f1xx_hal_msp.c:149:6:HAL_ADC_MspDeInit	8	static
../Core/Src/stm32f1xx_hal_msp.c:180:6:HAL_I2C_MspInit	32	static
../Core/Src/stm32f1xx_hal_msp.c:216:6:HAL_I2C_MspDeInit	8	static
../Core/Src/stm32f1xx_hal_msp.c:247:6:HAL_RTC_MspInit	16	static
../Core/Src/stm32f1xx_hal_msp.c:272:6:HAL_RTC_MspDeInit	0	static
../Core/Src/stm32f1xx_hal_msp.c:294:6:HAL_TIM_Base_MspInit	16	static
../Core/Src/stm32f1xx_hal_msp.c:324:6:HAL_TIM_MspPostInit	40	static
../Core/Src/stm32f1xx_hal_msp.c:381:6:HAL_TIM_Base_MspDeInit	0	static
../Core/Src/stm32f1xx_hal_msp.c:417:6:HAL_UART_MspInit	48	static
../Core/Src/stm32f1xx_hal_msp.c:520:6:HAL_UART_MspDeInit	8	static
