../Drivers/CMSIS/Include/core_cm3.h:1762:34:__NVIC_SystemReset	0	static,ignoring_inline_asm
../Core/Src/stm32f1xx_it.c:79:6:NMI_Handler	0	static
../Core/Src/stm32f1xx_it.c:94:6:HardFault_Handler	8	static
../Core/Src/stm32f1xx_it.c:113:6:MemManage_Handler	0	static
../Core/Src/stm32f1xx_it.c:128:6:BusFault_Handler	8	static
../Core/Src/stm32f1xx_it.c:145:6:UsageFault_Handler	8	static
../Core/Src/stm32f1xx_it.c:162:6:DebugMon_Handler	0	static
../Core/Src/stm32f1xx_it.c:182:6:DMA1_Channel1_IRQHandler	0	static
../Core/Src/stm32f1xx_it.c:196:6:DMA1_Channel3_IRQHandler	0	static
../Core/Src/stm32f1xx_it.c:210:6:DMA1_Channel5_IRQHandler	8	static
../Core/Src/stm32f1xx_it.c:224:6:TIM1_UP_IRQHandler	0	static
../Core/Src/stm32f1xx_it.c:238:6:TIM3_IRQHandler	0	static
../Core/Src/stm32f1xx_it.c:252:6:USART1_IRQHandler	8	static
