../Core/Src/stm32f1xx_it.c:77:6:NMI_Handler	0	static
../Core/Src/stm32f1xx_it.c:92:6:HardFault_Handler	0	static
../Core/Src/stm32f1xx_it.c:107:6:MemManage_Handler	0	static
../Core/Src/stm32f1xx_it.c:122:6:BusFault_Handler	0	static
../Core/Src/stm32f1xx_it.c:137:6:UsageFault_Handler	0	static
../Core/Src/stm32f1xx_it.c:152:6:DebugMon_Handler	0	static
../Core/Src/stm32f1xx_it.c:172:6:DMA1_Channel1_IRQHandler	0	static
../Core/Src/stm32f1xx_it.c:186:6:DMA1_Channel3_IRQHandler	0	static
../Core/Src/stm32f1xx_it.c:200:6:DMA1_Channel5_IRQHandler	8	static
../Core/Src/stm32f1xx_it.c:214:6:TIM1_UP_IRQHandler	0	static
../Core/Src/stm32f1xx_it.c:228:6:TIM3_IRQHandler	0	static
../Core/Src/stm32f1xx_it.c:242:6:USART1_IRQHandler	8	static
