../Core/Tasks/Src/TaskTemperatura.c:44:6:initPID	64	static
../Core/Tasks/Src/TaskTemperatura.c:58:6:computaPID	8	static
../Core/Tasks/Src/TaskTemperatura.c:27:6:StartTemperatura	16	static
../Core/Tasks/Src/TaskTemperatura.c:81:6:WatchDogLimitesTemperatura	16	static
../Core/Tasks/Src/TaskTemperatura.c:120:6:SaidasLeds	8	static
../Core/Tasks/Src/TaskTemperatura.c:143:6:Horimetro	8	static
../Core/Tasks/Src/TaskTemperatura.c:157:6:sinalizacaoReachTemp	8	static
../Core/Tasks/Src/TaskTemperatura.c:67:6:taskTemperatura1sec	8	static
